Archive member included to satisfy reference by file (symbol)

c:/program files (x86)/gnu tools arm embedded/5.4 2016q3/bin/../lib/gcc/arm-none-eabi/5.4.1/../../../../arm-none-eabi/lib/armv7e-m\libm.a(lib_a-s_round.o)
                              ./src/hmc.o (round)
c:/program files (x86)/gnu tools arm embedded/5.4 2016q3/bin/../lib/gcc/arm-none-eabi/5.4.1/../../../../arm-none-eabi/lib/armv7e-m\libm.a(lib_a-wf_atan2.o)
                              ./src/hmc.o (atan2f)
c:/program files (x86)/gnu tools arm embedded/5.4 2016q3/bin/../lib/gcc/arm-none-eabi/5.4.1/../../../../arm-none-eabi/lib/armv7e-m\libm.a(lib_a-wf_pow.o)
                              ./src/pressure.o (powf)
c:/program files (x86)/gnu tools arm embedded/5.4 2016q3/bin/../lib/gcc/arm-none-eabi/5.4.1/../../../../arm-none-eabi/lib/armv7e-m\libm.a(lib_a-ef_atan2.o)
                              c:/program files (x86)/gnu tools arm embedded/5.4 2016q3/bin/../lib/gcc/arm-none-eabi/5.4.1/../../../../arm-none-eabi/lib/armv7e-m\libm.a(lib_a-wf_atan2.o) (__ieee754_atan2f)
c:/program files (x86)/gnu tools arm embedded/5.4 2016q3/bin/../lib/gcc/arm-none-eabi/5.4.1/../../../../arm-none-eabi/lib/armv7e-m\libm.a(lib_a-ef_pow.o)
                              c:/program files (x86)/gnu tools arm embedded/5.4 2016q3/bin/../lib/gcc/arm-none-eabi/5.4.1/../../../../arm-none-eabi/lib/armv7e-m\libm.a(lib_a-wf_pow.o) (__ieee754_powf)
c:/program files (x86)/gnu tools arm embedded/5.4 2016q3/bin/../lib/gcc/arm-none-eabi/5.4.1/../../../../arm-none-eabi/lib/armv7e-m\libm.a(lib_a-ef_sqrt.o)
                              c:/program files (x86)/gnu tools arm embedded/5.4 2016q3/bin/../lib/gcc/arm-none-eabi/5.4.1/../../../../arm-none-eabi/lib/armv7e-m\libm.a(lib_a-ef_pow.o) (__ieee754_sqrtf)
c:/program files (x86)/gnu tools arm embedded/5.4 2016q3/bin/../lib/gcc/arm-none-eabi/5.4.1/../../../../arm-none-eabi/lib/armv7e-m\libm.a(lib_a-s_lib_ver.o)
                              c:/program files (x86)/gnu tools arm embedded/5.4 2016q3/bin/../lib/gcc/arm-none-eabi/5.4.1/../../../../arm-none-eabi/lib/armv7e-m\libm.a(lib_a-wf_pow.o) (__fdlib_version)
c:/program files (x86)/gnu tools arm embedded/5.4 2016q3/bin/../lib/gcc/arm-none-eabi/5.4.1/../../../../arm-none-eabi/lib/armv7e-m\libm.a(lib_a-s_matherr.o)
                              c:/program files (x86)/gnu tools arm embedded/5.4 2016q3/bin/../lib/gcc/arm-none-eabi/5.4.1/../../../../arm-none-eabi/lib/armv7e-m\libm.a(lib_a-wf_pow.o) (matherr)
c:/program files (x86)/gnu tools arm embedded/5.4 2016q3/bin/../lib/gcc/arm-none-eabi/5.4.1/../../../../arm-none-eabi/lib/armv7e-m\libm.a(lib_a-s_rint.o)
                              c:/program files (x86)/gnu tools arm embedded/5.4 2016q3/bin/../lib/gcc/arm-none-eabi/5.4.1/../../../../arm-none-eabi/lib/armv7e-m\libm.a(lib_a-wf_pow.o) (rint)
c:/program files (x86)/gnu tools arm embedded/5.4 2016q3/bin/../lib/gcc/arm-none-eabi/5.4.1/../../../../arm-none-eabi/lib/armv7e-m\libm.a(lib_a-sf_atan.o)
                              c:/program files (x86)/gnu tools arm embedded/5.4 2016q3/bin/../lib/gcc/arm-none-eabi/5.4.1/../../../../arm-none-eabi/lib/armv7e-m\libm.a(lib_a-ef_atan2.o) (atanf)
c:/program files (x86)/gnu tools arm embedded/5.4 2016q3/bin/../lib/gcc/arm-none-eabi/5.4.1/../../../../arm-none-eabi/lib/armv7e-m\libm.a(lib_a-sf_fabs.o)
                              c:/program files (x86)/gnu tools arm embedded/5.4 2016q3/bin/../lib/gcc/arm-none-eabi/5.4.1/../../../../arm-none-eabi/lib/armv7e-m\libm.a(lib_a-ef_atan2.o) (fabsf)
c:/program files (x86)/gnu tools arm embedded/5.4 2016q3/bin/../lib/gcc/arm-none-eabi/5.4.1/../../../../arm-none-eabi/lib/armv7e-m\libm.a(lib_a-sf_finite.o)
                              c:/program files (x86)/gnu tools arm embedded/5.4 2016q3/bin/../lib/gcc/arm-none-eabi/5.4.1/../../../../arm-none-eabi/lib/armv7e-m\libm.a(lib_a-wf_pow.o) (finitef)
c:/program files (x86)/gnu tools arm embedded/5.4 2016q3/bin/../lib/gcc/arm-none-eabi/5.4.1/../../../../arm-none-eabi/lib/armv7e-m\libm.a(lib_a-sf_nan.o)
                              c:/program files (x86)/gnu tools arm embedded/5.4 2016q3/bin/../lib/gcc/arm-none-eabi/5.4.1/../../../../arm-none-eabi/lib/armv7e-m\libm.a(lib_a-ef_pow.o) (nanf)
c:/program files (x86)/gnu tools arm embedded/5.4 2016q3/bin/../lib/gcc/arm-none-eabi/5.4.1/../../../../arm-none-eabi/lib/armv7e-m\libm.a(lib_a-sf_scalbn.o)
                              c:/program files (x86)/gnu tools arm embedded/5.4 2016q3/bin/../lib/gcc/arm-none-eabi/5.4.1/../../../../arm-none-eabi/lib/armv7e-m\libm.a(lib_a-ef_pow.o) (scalbnf)
c:/program files (x86)/gnu tools arm embedded/5.4 2016q3/bin/../lib/gcc/arm-none-eabi/5.4.1/../../../../arm-none-eabi/lib/armv7e-m\libm.a(lib_a-sf_copysign.o)
                              c:/program files (x86)/gnu tools arm embedded/5.4 2016q3/bin/../lib/gcc/arm-none-eabi/5.4.1/../../../../arm-none-eabi/lib/armv7e-m\libm.a(lib_a-sf_scalbn.o) (copysignf)
[...]
Memory Configuration

Name             Origin             Length             Attributes
FLASH            0x08000000         0x00080000         xr
RAM              0x20000000         0x00020000         xrw
CCMRAM           0x10000000         0x00000000         xrw
FLASHB1          0x00000000         0x00000000         xr
EXTMEMB0         0x00000000         0x00000000         xr
EXTMEMB1         0x00000000         0x00000000         xr
EXTMEMB2         0x00000000         0x00000000         xr
EXTMEMB3         0x00000000         0x00000000         xr
*default*        0x00000000         0xffffffff

Linker script and memory map

LOAD ./system/src/stm32f4xx/stm32f4xx_hal.o
LOAD ./system/src/stm32f4xx/stm32f4xx_hal_adc.o
LOAD ./system/src/stm32f4xx/stm32f4xx_hal_adc_ex.o
LOAD ./system/src/stm32f4xx/stm32f4xx_hal_cortex.o
LOAD ./system/src/stm32f4xx/stm32f4xx_hal_crc.o
LOAD ./system/src/stm32f4xx/stm32f4xx_hal_dma.o
LOAD ./system/src/stm32f4xx/stm32f4xx_hal_dma_ex.o
LOAD ./system/src/stm32f4xx/stm32f4xx_hal_flash.o
LOAD ./system/src/stm32f4xx/stm32f4xx_hal_flash_ex.o
LOAD ./system/src/stm32f4xx/stm32f4xx_hal_flash_ramfunc.o
LOAD ./system/src/stm32f4xx/stm32f4xx_hal_gpio.o
LOAD ./system/src/stm32f4xx/stm32f4xx_hal_i2c.o
LOAD ./system/src/stm32f4xx/stm32f4xx_hal_i2c_ex.o
LOAD ./system/src/stm32f4xx/stm32f4xx_hal_pwr.o
LOAD ./system/src/stm32f4xx/stm32f4xx_hal_pwr_ex.o
LOAD ./system/src/stm32f4xx/stm32f4xx_hal_rcc.o
LOAD ./system/src/stm32f4xx/stm32f4xx_hal_rcc_ex.o
LOAD ./system/src/stm32f4xx/stm32f4xx_hal_sd.o
LOAD ./system/src/stm32f4xx/stm32f4xx_hal_spi.o
LOAD ./system/src/stm32f4xx/stm32f4xx_hal_tim.o
LOAD ./system/src/stm32f4xx/stm32f4xx_hal_tim_ex.o
LOAD ./system/src/stm32f4xx/stm32f4xx_hal_uart.o
LOAD ./system/src/stm32f4xx/stm32f4xx_ll_sdmmc.o
LOAD ./system/src/newlib/_cxx.o
LOAD ./system/src/newlib/_exit.o
LOAD ./system/src/newlib/_sbrk.o
LOAD ./system/src/newlib/_startup.o
LOAD ./system/src/newlib/_syscalls.o
LOAD ./system/src/newlib/assert.o
LOAD ./system/src/diag/Trace.o
LOAD ./system/src/diag/trace_impl.o
LOAD ./system/src/cortexm/_initialize_hardware.o
LOAD ./system/src/cortexm/_reset_hardware.o
LOAD ./system/src/cortexm/exception_handlers.o
LOAD ./system/src/cmsis/startup_stm32f411xe.o
LOAD ./system/src/cmsis/system_stm32f4xx.o
LOAD ./src/adc.o
LOAD ./src/bsp_driver_sd.o
LOAD ./src/crc.o
LOAD ./src/fatfs.o
LOAD ./src/gpio.o
LOAD ./src/hmc.o
LOAD ./src/i2c.o
LOAD ./src/lcd.o
LOAD ./src/main.o
LOAD ./src/payload.o
LOAD ./src/pressure.o
LOAD ./src/sdio.o
LOAD ./src/servo.o
LOAD ./src/spi.o
LOAD ./src/stm32f4xx_hal_msp.o
LOAD ./src/stm32f4xx_it.o
LOAD ./src/tim.o
LOAD ./src/uart.o
LOAD ./src/usart.o
LOAD ./src/xbee.o
LOAD ./Middlewares/Third_Party/FatFs/src/option/syscall.o
LOAD ./Middlewares/Third_Party/FatFs/src/drivers/sd_diskio.o
LOAD ./Middlewares/Third_Party/FatFs/src/diskio.o
LOAD ./Middlewares/Third_Party/FatFs/src/ff.o
LOAD ./Middlewares/Third_Party/FatFs/src/ff_gen_drv.o
LOAD c:/program files (x86)/gnu tools arm embedded/5.4 2016q3/bin/../lib/gcc/arm-none-eabi/5.4.1/../../../../arm-none-eabi/lib/armv7e-m\libstdc++_nano.a
LOAD c:/program files (x86)/gnu tools arm embedded/5.4 2016q3/bin/../lib/gcc/arm-none-eabi/5.4.1/../../../../arm-none-eabi/lib/armv7e-m\libm.a
START GROUP
LOAD c:/program files (x86)/gnu tools arm embedded/5.4 2016q3/bin/../lib/gcc/arm-none-eabi/5.4.1/armv7e-m\libgcc.a
LOAD c:/program files (x86)/gnu tools arm embedded/5.4 2016q3/bin/../lib/gcc/arm-none-eabi/5.4.1/../../../../arm-none-eabi/lib/armv7e-m\libg_nano.a
LOAD c:/program files (x86)/gnu tools arm embedded/5.4 2016q3/bin/../lib/gcc/arm-none-eabi/5.4.1/../../../../arm-none-eabi/lib/armv7e-m\libc_nano.a
END GROUP
START GROUP
LOAD c:/program files (x86)/gnu tools arm embedded/5.4 2016q3/bin/../lib/gcc/arm-none-eabi/5.4.1/armv7e-m\libgcc.a
LOAD c:/program files (x86)/gnu tools arm embedded/5.4 2016q3/bin/../lib/gcc/arm-none-eabi/5.4.1/../../../../arm-none-eabi/lib/armv7e-m\libc_nano.a
END GROUP
                0x20020000                __stack = (ORIGIN (RAM) + LENGTH (RAM))
                0x20020000                _estack = __stack
                0x00000400                __Main_Stack_Size = 0x400
                [!provide]                PROVIDE (_Main_Stack_Size, __Main_Stack_Size)
                0x2001fc00                __Main_Stack_Limit = (__stack - __Main_Stack_Size)
                [!provide]                PROVIDE (_Main_Stack_Limit, __Main_Stack_Limit)
                0x00000100                _Minimum_Stack_Size = 0x100
                0x20000f4c                PROVIDE (_Heap_Begin, _end_noinit)
                0x2001fc00                PROVIDE (_Heap_Limit, (__stack - __Main_Stack_Size))

.isr_vector     0x08000000      0x3dc
 FILL mask 0xff
                0x08000000                __vectors_start = ABSOLUTE (.)
                0x08000000                __vectors_start__ = ABSOLUTE (.)
 *(.isr_vector)
 .isr_vector    0x08000000      0x198 ./system/src/cmsis/startup_stm32f411xe.o
                0x08000000                g_pfnVectors
 *(.cfmconfig)
 *(.after_vectors .after_vectors.*)
 .after_vectors
                0x08000198      0x114 ./system/src/newlib/_startup.o
                0x08000198                _start
 .after_vectors
                0x080002ac      0x130 ./system/src/cortexm/exception_handlers.o
                0x080002ac                Reset_Handler
                0x080002b4                NMI_Handler
                0x080002b8                HardFault_Handler
                0x080002cc                HardFault_Handler_C
                0x0800032c                MemManage_Handler
                0x08000330                BusFault_Handler
                0x08000344                BusFault_Handler_C
                0x08000378                UsageFault_Handler
                0x0800038c                UsageFault_Handler_C
                0x080003c4                DebugMon_Handler

.inits          0x080003dc       0x28
                0x080003dc                __data_regions_array_start = .
                0x080003dc        0x4 LONG 0x800adac LOADADDR (.data)
                0x080003e0        0x4 LONG 0x20000000 ADDR (.data)
                0x080003e4        0x4 LONG 0x200000a4 (ADDR (.data) + SIZEOF (.data))
                0x080003e8        0x4 LONG 0x800adac LOADADDR (.data_CCMRAM)
                0x080003ec        0x4 LONG 0x10000000 ADDR (.data_CCMRAM)
                0x080003f0        0x4 LONG 0x10000000 (ADDR (.data_CCMRAM) + SIZEOF (.data_CCMRAM))
                0x080003f4                __data_regions_array_end = .
                0x080003f4                __bss_regions_array_start = .
                0x080003f4        0x4 LONG 0x200000a8 ADDR (.bss)
                0x080003f8        0x4 LONG 0x20000f4c (ADDR (.bss) + SIZEOF (.bss))
                0x080003fc        0x4 LONG 0x10000000 ADDR (.bss_CCMRAM)
                0x08000400        0x4 LONG 0x10000000 (ADDR (.bss_CCMRAM) + SIZEOF (.bss_CCMRAM))
                0x08000404                __bss_regions_array_end = .
 *(.init)
 *(.fini)
                0x08000404                . = ALIGN (0x4)
                0x08000404                PROVIDE (__preinit_array_start, .)
 *(.preinit_array_sysinit .preinit_array_sysinit.*)
 *(.preinit_array_platform .preinit_array_platform.*)
 *(.preinit_array .preinit_array.*)
                0x08000404                PROVIDE (__preinit_array_end, .)
                0x08000404                . = ALIGN (0x4)
                0x08000404                PROVIDE (__init_array_start, .)
 *(SORT(.init_array.*))
 *(.init_array)
                0x08000404                PROVIDE (__init_array_end, .)
                0x08000404                . = ALIGN (0x4)
                0x08000404                PROVIDE (__fini_array_start, .)
 *(SORT(.fini_array.*))
 *(.fini_array)
                0x08000404                PROVIDE (__fini_array_end, .)

.flashtext
 *(.flashtext .flashtext.*)

.text           0x08000410     0xa99b
 *(.text .text.*)
 .text.HAL_InitTick
                0x08000410       0x2c ./system/src/stm32f4xx/stm32f4xx_hal.o
                0x08000410                HAL_InitTick
 .text.HAL_Init
                0x0800043c       0x34 ./system/src/stm32f4xx/stm32f4xx_hal.o
                0x0800043c                HAL_Init
 .text.HAL_IncTick
                0x08000470       0x10 ./system/src/stm32f4xx/stm32f4xx_hal.o
                0x08000470                HAL_IncTick
 .text.HAL_GetTick
                0x08000480        0xc ./system/src/stm32f4xx/stm32f4xx_hal.o
                0x08000480                HAL_GetTick
 .text.HAL_Delay
                0x0800048c       0x1c ./system/src/stm32f4xx/stm32f4xx_hal.o
                0x0800048c                HAL_Delay
 .text.ADC_Init
                0x080004a8      0x138 ./system/src/stm32f4xx/stm32f4xx_hal_adc.o
 .text.HAL_ADC_Init
                0x080005e0       0x54 ./system/src/stm32f4xx/stm32f4xx_hal_adc.o
                0x080005e0                HAL_ADC_Init
 .text.HAL_ADC_GetValue
                0x08000634        0x8 ./system/src/stm32f4xx/stm32f4xx_hal_adc.o
                0x08000634                HAL_ADC_GetValue
 .text.HAL_ADC_LevelOutOfWindowCallback
                0x0800063c        0x4 ./system/src/stm32f4xx/stm32f4xx_hal_adc.o
                0x0800063c                HAL_ADC_LevelOutOfWindowCallback
 .text.HAL_ADC_ErrorCallback
                0x08000640        0x4 ./system/src/stm32f4xx/stm32f4xx_hal_adc.o
                0x08000640                HAL_ADC_ErrorCallback
 .text.HAL_ADC_IRQHandler
                0x08000644      0x14c ./system/src/stm32f4xx/stm32f4xx_hal_adc.o
                0x08000644                HAL_ADC_IRQHandler
 .text.HAL_ADC_ConfigChannel
                0x08000790      0x190 ./system/src/stm32f4xx/stm32f4xx_hal_adc.o
                0x08000790                HAL_ADC_ConfigChannel
 .text.HAL_ADCEx_InjectedConvCpltCallback
                0x08000920        0x4 ./system/src/stm32f4xx/stm32f4xx_hal_adc_ex.o
                0x08000920                HAL_ADCEx_InjectedConvCpltCallback
 .text.HAL_NVIC_SetPriorityGrouping
                0x08000924       0x24 ./system/src/stm32f4xx/stm32f4xx_hal_cortex.o
                0x08000924                HAL_NVIC_SetPriorityGrouping
 .text.HAL_NVIC_SetPriority
                0x08000948       0x64 ./system/src/stm32f4xx/stm32f4xx_hal_cortex.o
                0x08000948                HAL_NVIC_SetPriority
 .text.HAL_NVIC_EnableIRQ
                0x080009ac       0x18 ./system/src/stm32f4xx/stm32f4xx_hal_cortex.o
                0x080009ac                HAL_NVIC_EnableIRQ
 .text.HAL_SYSTICK_Config
                0x080009c4       0x2c ./system/src/stm32f4xx/stm32f4xx_hal_cortex.o
                0x080009c4                HAL_SYSTICK_Config
 .text.HAL_SYSTICK_CLKSourceConfig
                0x080009f0       0x20 ./system/src/stm32f4xx/stm32f4xx_hal_cortex.o
                0x080009f0                HAL_SYSTICK_CLKSourceConfig
 .text.HAL_SYSTICK_IRQHandler
                0x08000a10        0x8 ./system/src/stm32f4xx/stm32f4xx_hal_cortex.o
                0x08000a10                HAL_SYSTICK_IRQHandler
 .text.HAL_CRC_Init
                0x08000a18       0x28 ./system/src/stm32f4xx/stm32f4xx_hal_crc.o
                0x08000a18                HAL_CRC_Init
 .text.HAL_DMA_Abort_IT
                0x08000a40       0x28 ./system/src/stm32f4xx/stm32f4xx_hal_dma.o
                0x08000a40                HAL_DMA_Abort_IT
 .text.HAL_GPIO_Init
                0x08000a68      0x19c ./system/src/stm32f4xx/stm32f4xx_hal_gpio.o
                0x08000a68                HAL_GPIO_Init
 .text.HAL_GPIO_ReadPin
                0x08000c04       0x10 ./system/src/stm32f4xx/stm32f4xx_hal_gpio.o
                0x08000c04                HAL_GPIO_ReadPin
 .text.HAL_GPIO_WritePin
                0x08000c14        0xc ./system/src/stm32f4xx/stm32f4xx_hal_gpio.o
                0x08000c14                HAL_GPIO_WritePin
 .text.I2C_Master_SB
                0x08000c20       0x84 ./system/src/stm32f4xx/stm32f4xx_hal_i2c.o
 .text.I2C_Master_ADD10
                0x08000ca4        0xc ./system/src/stm32f4xx/stm32f4xx_hal_i2c.o
 .text.I2C_Master_ADDR
                0x08000cb0      0x1cc ./system/src/stm32f4xx/stm32f4xx_hal_i2c.o
 .text.I2C_SlaveTransmit_BTF
                0x08000e7c       0x20 ./system/src/stm32f4xx/stm32f4xx_hal_i2c.o
 .text.I2C_SlaveReceive_BTF
                0x08000e9c       0x20 ./system/src/stm32f4xx/stm32f4xx_hal_i2c.o
 .text.I2C_IsAcknowledgeFailed
                0x08000ebc       0x2c ./system/src/stm32f4xx/stm32f4xx_hal_i2c.o
 .text.I2C_WaitOnFlagUntilTimeout
                0x08000ee8       0x68 ./system/src/stm32f4xx/stm32f4xx_hal_i2c.o
 .text.I2C_WaitOnMasterAddressFlagUntilTimeout
                0x08000f50       0x94 ./system/src/stm32f4xx/stm32f4xx_hal_i2c.o
 .text.I2C_MasterRequestWrite
                0x08000fe4       0xbc ./system/src/stm32f4xx/stm32f4xx_hal_i2c.o
 .text.I2C_MasterRequestRead
                0x080010a0      0x120 ./system/src/stm32f4xx/stm32f4xx_hal_i2c.o
 .text.I2C_WaitOnTXEFlagUntilTimeout
                0x080011c0       0x50 ./system/src/stm32f4xx/stm32f4xx_hal_i2c.o
 .text.I2C_WaitOnBTFFlagUntilTimeout
                0x08001210       0x50 ./system/src/stm32f4xx/stm32f4xx_hal_i2c.o
 .text.I2C_WaitOnRXNEFlagUntilTimeout
                0x08001260       0x60 ./system/src/stm32f4xx/stm32f4xx_hal_i2c.o
 .text.HAL_I2C_Init
                0x080012c0      0x11c ./system/src/stm32f4xx/stm32f4xx_hal_i2c.o
                0x080012c0                HAL_I2C_Init
 .text.HAL_I2C_Master_Transmit
                0x080013dc      0x180 ./system/src/stm32f4xx/stm32f4xx_hal_i2c.o
                0x080013dc                HAL_I2C_Master_Transmit
 .text.HAL_I2C_Master_Receive
                0x0800155c      0x300 ./system/src/stm32f4xx/stm32f4xx_hal_i2c.o
                0x0800155c                HAL_I2C_Master_Receive
 .text.HAL_I2C_MasterTxCpltCallback
                0x0800185c        0x4 ./system/src/stm32f4xx/stm32f4xx_hal_i2c.o
                0x0800185c                HAL_I2C_MasterTxCpltCallback
 .text.HAL_I2C_MasterRxCpltCallback
                0x08001860        0x4 ./system/src/stm32f4xx/stm32f4xx_hal_i2c.o
                0x08001860                HAL_I2C_MasterRxCpltCallback
 .text.HAL_I2C_SlaveTxCpltCallback
                0x08001864        0x4 ./system/src/stm32f4xx/stm32f4xx_hal_i2c.o
                0x08001864                HAL_I2C_SlaveTxCpltCallback
 .text.I2C_SlaveTransmit_TXE
                0x08001868       0x50 ./system/src/stm32f4xx/stm32f4xx_hal_i2c.o
 .text.HAL_I2C_SlaveRxCpltCallback
                0x080018b8        0x4 ./system/src/stm32f4xx/stm32f4xx_hal_i2c.o
                0x080018b8                HAL_I2C_SlaveRxCpltCallback
 .text.I2C_SlaveReceive_RXNE
                0x080018bc       0x4c ./system/src/stm32f4xx/stm32f4xx_hal_i2c.o
 .text.HAL_I2C_AddrCallback
                0x08001908        0x4 ./system/src/stm32f4xx/stm32f4xx_hal_i2c.o
                0x08001908                HAL_I2C_AddrCallback
 .text.I2C_Slave_ADDR
                0x0800190c       0x28 ./system/src/stm32f4xx/stm32f4xx_hal_i2c.o
 .text.HAL_I2C_ListenCpltCallback
                0x08001934        0x4 ./system/src/stm32f4xx/stm32f4xx_hal_i2c.o
                0x08001934                HAL_I2C_ListenCpltCallback
 .text.I2C_Slave_AF
                0x08001938       0x94 ./system/src/stm32f4xx/stm32f4xx_hal_i2c.o
 .text.HAL_I2C_MemTxCpltCallback
                0x080019cc        0x4 ./system/src/stm32f4xx/stm32f4xx_hal_i2c.o
                0x080019cc                HAL_I2C_MemTxCpltCallback
 .text.I2C_MasterTransmit_TXE
                0x080019d0      0x14c ./system/src/stm32f4xx/stm32f4xx_hal_i2c.o
 .text.I2C_MasterTransmit_BTF
                0x08001b1c       0x9c ./system/src/stm32f4xx/stm32f4xx_hal_i2c.o
 .text.HAL_I2C_MemRxCpltCallback
                0x08001bb8        0x4 ./system/src/stm32f4xx/stm32f4xx_hal_i2c.o
                0x08001bb8                HAL_I2C_MemRxCpltCallback
 .text.I2C_MasterReceive_RXNE
                0x08001bbc       0xd0 ./system/src/stm32f4xx/stm32f4xx_hal_i2c.o
 .text.I2C_MasterReceive_BTF
                0x08001c8c       0xf8 ./system/src/stm32f4xx/stm32f4xx_hal_i2c.o
 .text.HAL_I2C_ErrorCallback
                0x08001d84        0x4 ./system/src/stm32f4xx/stm32f4xx_hal_i2c.o
                0x08001d84                HAL_I2C_ErrorCallback
 .text.HAL_I2C_AbortCpltCallback
                0x08001d88        0x4 ./system/src/stm32f4xx/stm32f4xx_hal_i2c.o
                0x08001d88                HAL_I2C_AbortCpltCallback
 .text.I2C_ITError
                0x08001d8c      0x14c ./system/src/stm32f4xx/stm32f4xx_hal_i2c.o
 .text.I2C_Slave_STOPF
                0x08001ed8      0x104 ./system/src/stm32f4xx/stm32f4xx_hal_i2c.o
 .text.HAL_I2C_EV_IRQHandler
                0x08001fdc      0x160 ./system/src/stm32f4xx/stm32f4xx_hal_i2c.o
                0x08001fdc                HAL_I2C_EV_IRQHandler
 .text.HAL_I2C_ER_IRQHandler
                0x0800213c       0xcc ./system/src/stm32f4xx/stm32f4xx_hal_i2c.o
                0x0800213c                HAL_I2C_ER_IRQHandler
 .text.I2C_DMAAbort
                0x08002208       0x60 ./system/src/stm32f4xx/stm32f4xx_hal_i2c.o
 .text.HAL_RCC_OscConfig
                0x08002268      0x3c8 ./system/src/stm32f4xx/stm32f4xx_hal_rcc.o
                0x08002268                HAL_RCC_OscConfig
 .text.HAL_RCC_GetSysClockFreq
                0x08002630       0xa0 ./system/src/stm32f4xx/stm32f4xx_hal_rcc.o
                0x08002630                HAL_RCC_GetSysClockFreq
 .text.HAL_RCC_ClockConfig
                0x080026d0      0x1b0 ./system/src/stm32f4xx/stm32f4xx_hal_rcc.o
                0x080026d0                HAL_RCC_ClockConfig
 .text.HAL_RCC_GetHCLKFreq
                0x08002880        0xc ./system/src/stm32f4xx/stm32f4xx_hal_rcc.o
                0x08002880                HAL_RCC_GetHCLKFreq
 .text.HAL_RCC_GetPCLK1Freq
                0x0800288c       0x30 ./system/src/stm32f4xx/stm32f4xx_hal_rcc.o
                0x0800288c                HAL_RCC_GetPCLK1Freq
 .text.HAL_RCC_GetPCLK2Freq
                0x080028bc       0x30 ./system/src/stm32f4xx/stm32f4xx_hal_rcc.o
                0x080028bc                HAL_RCC_GetPCLK2Freq
 .text.SD_CmdError
                0x080028ec       0x2c ./system/src/stm32f4xx/stm32f4xx_hal_sd.o
 .text.SD_CmdResp7Error
                0x08002918       0x50 ./system/src/stm32f4xx/stm32f4xx_hal_sd.o
 .text.SD_CmdResp3Error
                0x08002968       0x24 ./system/src/stm32f4xx/stm32f4xx_hal_sd.o
 .text.SD_CmdResp2Error
                0x0800298c       0x34 ./system/src/stm32f4xx/stm32f4xx_hal_sd.o
 .text.SD_CmdResp1Error
                0x080029c0      0x118 ./system/src/stm32f4xx/stm32f4xx_hal_sd.o
 .text.SD_PowerON
                0x08002ad8      0x17c ./system/src/stm32f4xx/stm32f4xx_hal_sd.o
 .text.SD_Select_Deselect
                0x08002c54       0x30 ./system/src/stm32f4xx/stm32f4xx_hal_sd.o
 .text.SD_SendStatus
                0x08002c84       0x48 ./system/src/stm32f4xx/stm32f4xx_hal_sd.o
 .text.SD_GetState
                0x08002ccc       0x24 ./system/src/stm32f4xx/stm32f4xx_hal_sd.o
 .text.SD_CmdResp6Error
                0x08002cf0       0x7c ./system/src/stm32f4xx/stm32f4xx_hal_sd.o
 .text.SD_IsCardProgramming
                0x08002d6c      0x174 ./system/src/stm32f4xx/stm32f4xx_hal_sd.o
 .text.SD_Initialize_Cards
                0x08002ee0       0xf0 ./system/src/stm32f4xx/stm32f4xx_hal_sd.o
 .text.SD_FindSCR
                0x08002fd0      0x140 ./system/src/stm32f4xx/stm32f4xx_hal_sd.o
 .text.SD_WideBus_Enable
                0x08003110       0x7c ./system/src/stm32f4xx/stm32f4xx_hal_sd.o
 .text.SD_WideBus_Disable
                0x0800318c       0x7c ./system/src/stm32f4xx/stm32f4xx_hal_sd.o
 .text.HAL_SD_XferCpltCallback
                0x08003208        0x4 ./system/src/stm32f4xx/stm32f4xx_hal_sd.o
                0x08003208                HAL_SD_XferCpltCallback
 .text.HAL_SD_XferErrorCallback
                0x0800320c        0x4 ./system/src/stm32f4xx/stm32f4xx_hal_sd.o
                0x0800320c                HAL_SD_XferErrorCallback
 .text.HAL_SD_IRQHandler
                0x08003210       0xa0 ./system/src/stm32f4xx/stm32f4xx_hal_sd.o
                0x08003210                HAL_SD_IRQHandler
 .text.HAL_SD_Get_CardInfo
                0x080032b0      0x2ac ./system/src/stm32f4xx/stm32f4xx_hal_sd.o
                0x080032b0                HAL_SD_Get_CardInfo
 .text.HAL_SD_Init
                0x0800355c       0xbc ./system/src/stm32f4xx/stm32f4xx_hal_sd.o
                0x0800355c                HAL_SD_Init
 .text.HAL_SD_WideBusOperation_Config
                0x08003618       0x78 ./system/src/stm32f4xx/stm32f4xx_hal_sd.o
                0x08003618                HAL_SD_WideBusOperation_Config
 .text.HAL_SD_StopTransfer
                0x08003690       0x30 ./system/src/stm32f4xx/stm32f4xx_hal_sd.o
                0x08003690                HAL_SD_StopTransfer
 .text.HAL_SD_ReadBlocks
                0x080036c0      0x1b0 ./system/src/stm32f4xx/stm32f4xx_hal_sd.o
                0x080036c0                HAL_SD_ReadBlocks
 .text.HAL_SD_WriteBlocks
                0x08003870      0x234 ./system/src/stm32f4xx/stm32f4xx_hal_sd.o
                0x08003870                HAL_SD_WriteBlocks
 .text.HAL_SD_GetStatus
                0x08003aa4       0x1c ./system/src/stm32f4xx/stm32f4xx_hal_sd.o
                0x08003aa4                HAL_SD_GetStatus
 .text.HAL_SPI_Init
                0x08003ac0       0x84 ./system/src/stm32f4xx/stm32f4xx_hal_spi.o
                0x08003ac0                HAL_SPI_Init
 .text.HAL_SPI_ErrorCallback
                0x08003b44        0x4 ./system/src/stm32f4xx/stm32f4xx_hal_spi.o
                0x08003b44                HAL_SPI_ErrorCallback
 .text.HAL_SPI_IRQHandler
                0x08003b48      0x104 ./system/src/stm32f4xx/stm32f4xx_hal_spi.o
                0x08003b48                HAL_SPI_IRQHandler
 .text.SPI_DMAAbortOnError
                0x08003c4c       0x10 ./system/src/stm32f4xx/stm32f4xx_hal_spi.o
 .text.TIM_OC1_SetConfig
                0x08003c5c       0x54 ./system/src/stm32f4xx/stm32f4xx_hal_tim.o
 .text.TIM_OC3_SetConfig
                0x08003cb0       0x58 ./system/src/stm32f4xx/stm32f4xx_hal_tim.o
 .text.TIM_OC4_SetConfig
                0x08003d08       0x48 ./system/src/stm32f4xx/stm32f4xx_hal_tim.o
 .text.TIM_Base_SetConfig
                0x08003d50       0xcc ./system/src/stm32f4xx/stm32f4xx_hal_tim.o
                0x08003d50                TIM_Base_SetConfig
 .text.HAL_TIM_Base_Init
                0x08003e1c       0x38 ./system/src/stm32f4xx/stm32f4xx_hal_tim.o
                0x08003e1c                HAL_TIM_Base_Init
 .text.HAL_TIM_PWM_Init
                0x08003e54       0x38 ./system/src/stm32f4xx/stm32f4xx_hal_tim.o
                0x08003e54                HAL_TIM_PWM_Init
 .text.TIM_OC2_SetConfig
                0x08003e8c       0x5c ./system/src/stm32f4xx/stm32f4xx_hal_tim.o
                0x08003e8c                TIM_OC2_SetConfig
 .text.HAL_TIM_PWM_ConfigChannel
                0x08003ee8       0xdc ./system/src/stm32f4xx/stm32f4xx_hal_tim.o
                0x08003ee8                HAL_TIM_PWM_ConfigChannel
 .text.TIM_CCxChannelCmd
                0x08003fc4       0x1c ./system/src/stm32f4xx/stm32f4xx_hal_tim.o
                0x08003fc4                TIM_CCxChannelCmd
 .text.HAL_TIM_PWM_Start
                0x08003fe0       0x30 ./system/src/stm32f4xx/stm32f4xx_hal_tim.o
                0x08003fe0                HAL_TIM_PWM_Start
 .text.HAL_TIMEx_MasterConfigSynchronization
                0x08004010       0x54 ./system/src/stm32f4xx/stm32f4xx_hal_tim_ex.o
                0x08004010                HAL_TIMEx_MasterConfigSynchronization
 .text.HAL_TIMEx_ConfigBreakDeadTime
                0x08004064       0x4c ./system/src/stm32f4xx/stm32f4xx_hal_tim_ex.o
                0x08004064                HAL_TIMEx_ConfigBreakDeadTime
 .text.UART_EndRxTransfer
                0x080040b0       0x1c ./system/src/stm32f4xx/stm32f4xx_hal_uart.o
 .text.UART_Transmit_IT
                0x080040cc       0x6c ./system/src/stm32f4xx/stm32f4xx_hal_uart.o
 .text.UART_SetConfig
                0x08004138      0x32c ./system/src/stm32f4xx/stm32f4xx_hal_uart.o
 .text.UART_WaitOnFlagUntilTimeout
                0x08004464       0x68 ./system/src/stm32f4xx/stm32f4xx_hal_uart.o
 .text.HAL_UART_Init
                0x080044cc       0x64 ./system/src/stm32f4xx/stm32f4xx_hal_uart.o
                0x080044cc                HAL_UART_Init
 .text.HAL_UART_Transmit
                0x08004530       0xe4 ./system/src/stm32f4xx/stm32f4xx_hal_uart.o
                0x08004530                HAL_UART_Transmit
 .text.HAL_UART_TxCpltCallback
                0x08004614        0x4 ./system/src/stm32f4xx/stm32f4xx_hal_uart.o
                0x08004614                HAL_UART_TxCpltCallback
 .text.UART_EndTransmit_IT
                0x08004618       0x1c ./system/src/stm32f4xx/stm32f4xx_hal_uart.o
 .text.HAL_UART_RxCpltCallback
                0x08004634        0x4 ./system/src/stm32f4xx/stm32f4xx_hal_uart.o
                0x08004634                HAL_UART_RxCpltCallback
 .text.UART_Receive_IT
                0x08004638       0x94 ./system/src/stm32f4xx/stm32f4xx_hal_uart.o
 .text.HAL_UART_ErrorCallback
                0x080046cc        0x4 ./system/src/stm32f4xx/stm32f4xx_hal_uart.o
                0x080046cc                HAL_UART_ErrorCallback
 .text.HAL_UART_IRQHandler
                0x080046d0      0x11c ./system/src/stm32f4xx/stm32f4xx_hal_uart.o
                0x080046d0                HAL_UART_IRQHandler
 .text.UART_DMAAbortOnError
                0x080047ec       0x10 ./system/src/stm32f4xx/stm32f4xx_hal_uart.o
 .text.SDIO_Init
                0x080047fc       0x34 ./system/src/stm32f4xx/stm32f4xx_ll_sdmmc.o
                0x080047fc                SDIO_Init
 .text.SDIO_ReadFIFO
                0x08004830        0x8 ./system/src/stm32f4xx/stm32f4xx_ll_sdmmc.o
                0x08004830                SDIO_ReadFIFO
 .text.SDIO_WriteFIFO
                0x08004838        0xc ./system/src/stm32f4xx/stm32f4xx_ll_sdmmc.o
                0x08004838                SDIO_WriteFIFO
 .text.SDIO_PowerState_ON
                0x08004844        0x8 ./system/src/stm32f4xx/stm32f4xx_ll_sdmmc.o
                0x08004844                SDIO_PowerState_ON
 .text.SDIO_GetPowerState
                0x0800484c        0x8 ./system/src/stm32f4xx/stm32f4xx_ll_sdmmc.o
                0x0800484c                SDIO_GetPowerState
 .text.SDIO_SendCommand
                0x08004854       0x28 ./system/src/stm32f4xx/stm32f4xx_ll_sdmmc.o
                0x08004854                SDIO_SendCommand
 .text.SDIO_GetCommandResponse
                0x0800487c        0x8 ./system/src/stm32f4xx/stm32f4xx_ll_sdmmc.o
                0x0800487c                SDIO_GetCommandResponse
 .text.SDIO_GetResponse
                0x08004884       0x18 ./system/src/stm32f4xx/stm32f4xx_ll_sdmmc.o
                0x08004884                SDIO_GetResponse
 .text.SDIO_DataConfig
                0x0800489c       0x24 ./system/src/stm32f4xx/stm32f4xx_ll_sdmmc.o
                0x0800489c                SDIO_DataConfig
 .text._exit    0x080048c0        0x4 ./system/src/newlib/_exit.o
                0x080048c0                _exit
 .text._sbrk    0x080048c4       0x44 ./system/src/newlib/_sbrk.o
                0x080048c4                _sbrk
 .text.__initialize_args
                0x08004908       0x10 ./system/src/newlib/_syscalls.o
                0x08004908                __initialize_args
 .text.trace_printf
                0x08004918       0x30 ./system/src/diag/Trace.o
                0x08004918                trace_printf
 .text.trace_puts
                0x08004948       0x20 ./system/src/diag/Trace.o
                0x08004948                trace_puts
 .text._trace_write_semihosting_debug
                0x08004968       0x64 ./system/src/diag/trace_impl.o
 .text.trace_write
                0x080049cc        0x8 ./system/src/diag/trace_impl.o
                0x080049cc                trace_write
 .text.__initialize_hardware_early
                0x080049d4       0x18 ./system/src/cortexm/_initialize_hardware.o
                0x080049d4                __initialize_hardware_early
 .text.__initialize_hardware
                0x080049ec        0x8 ./system/src/cortexm/_initialize_hardware.o
                0x080049ec                __initialize_hardware
 .text.dumpExceptionStack
                0x080049f4       0xf0 ./system/src/cortexm/exception_handlers.o
                0x080049f4                dumpExceptionStack
 .text.isSemihosting
                0x08004ae4       0x20 ./system/src/cortexm/exception_handlers.o
                0x08004ae4                isSemihosting
 .text.Default_Handler
                0x08004b04        0x2 ./system/src/cmsis/startup_stm32f411xe.o
                0x08004b04                RTC_Alarm_IRQHandler
                0x08004b04                EXTI2_IRQHandler
                0x08004b04                SPI4_IRQHandler
                0x08004b04                TIM1_CC_IRQHandler
                0x08004b04                DMA2_Stream5_IRQHandler
                0x08004b04                DMA1_Stream5_IRQHandler
                0x08004b04                PVD_IRQHandler
                0x08004b04                TAMP_STAMP_IRQHandler
                0x08004b04                EXTI3_IRQHandler
                0x08004b04                TIM1_UP_TIM10_IRQHandler
                0x08004b04                I2C3_ER_IRQHandler
                0x08004b04                EXTI0_IRQHandler
                0x08004b04                I2C2_EV_IRQHandler
                0x08004b04                DMA1_Stream2_IRQHandler
                0x08004b04                FPU_IRQHandler
                0x08004b04                DMA2_Stream2_IRQHandler
                0x08004b04                SPI1_IRQHandler
                0x08004b04                TIM1_BRK_TIM9_IRQHandler
                0x08004b04                DMA2_Stream3_IRQHandler
                0x08004b04                DMA2_Stream0_IRQHandler
                0x08004b04                TIM4_IRQHandler
                0x08004b04                DMA1_Stream6_IRQHandler
                0x08004b04                DMA1_Stream1_IRQHandler
                0x08004b04                TIM3_IRQHandler
                0x08004b04                RCC_IRQHandler
                0x08004b04                Default_Handler
                0x08004b04                EXTI15_10_IRQHandler
                0x08004b04                DMA1_Stream7_IRQHandler
                0x08004b04                SPI5_IRQHandler
                0x08004b04                TIM5_IRQHandler
                0x08004b04                DMA2_Stream7_IRQHandler
                0x08004b04                I2C3_EV_IRQHandler
                0x08004b04                EXTI9_5_IRQHandler
                0x08004b04                RTC_WKUP_IRQHandler
                0x08004b04                DMA1_Stream0_IRQHandler
                0x08004b04                EXTI4_IRQHandler
                0x08004b04                WWDG_IRQHandler
                0x08004b04                TIM2_IRQHandler
                0x08004b04                OTG_FS_WKUP_IRQHandler
                0x08004b04                TIM1_TRG_COM_TIM11_IRQHandler
                0x08004b04                EXTI1_IRQHandler
                0x08004b04                I2C2_ER_IRQHandler
                0x08004b04                DMA2_Stream1_IRQHandler
                0x08004b04                FLASH_IRQHandler
                0x08004b04                DMA2_Stream4_IRQHandler
                0x08004b04                USART1_IRQHandler
                0x08004b04                OTG_FS_IRQHandler
                0x08004b04                SPI3_IRQHandler
                0x08004b04                DMA1_Stream4_IRQHandler
                0x08004b04                DMA2_Stream6_IRQHandler
                0x08004b04                DMA1_Stream3_IRQHandler
 *fill*         0x08004b06        0x2 
 .text.SystemInit
                0x08004b08       0x40 ./system/src/cmsis/system_stm32f4xx.o
                0x08004b08                SystemInit
 .text.SystemCoreClockUpdate
                0x08004b48       0xa0 ./system/src/cmsis/system_stm32f4xx.o
                0x08004b48                SystemCoreClockUpdate
 .text.MX_ADC1_Init
                0x08004be8       0x5c ./src/adc.o
                0x08004be8                MX_ADC1_Init
 .text.HAL_ADC_MspInit
                0x08004c44       0x7c ./src/adc.o
                0x08004c44                HAL_ADC_MspInit
 .text.HAL_ADC_ConvCpltCallback
                0x08004cc0       0x1c ./src/adc.o
                0x08004cc0                HAL_ADC_ConvCpltCallback
 .text.BSP_SD_ReadBlocks
                0x08004cdc       0x28 ./src/bsp_driver_sd.o
                0x08004cdc                BSP_SD_ReadBlocks
 .text.BSP_SD_WriteBlocks
                0x08004d04       0x28 ./src/bsp_driver_sd.o
                0x08004d04                BSP_SD_WriteBlocks
 .text.BSP_SD_GetStatus
                0x08004d2c       0x10 ./src/bsp_driver_sd.o
                0x08004d2c                BSP_SD_GetStatus
 .text.BSP_SD_GetCardInfo
                0x08004d3c       0x10 ./src/bsp_driver_sd.o
                0x08004d3c                BSP_SD_GetCardInfo
 .text.BSP_SD_IsDetected
                0x08004d4c       0x10 ./src/bsp_driver_sd.o
                0x08004d4c                BSP_SD_IsDetected
 .text.BSP_SD_Init
                0x08004d5c       0x3c ./src/bsp_driver_sd.o
                0x08004d5c                BSP_SD_Init
 .text.MX_CRC_Init
                0x08004d98       0x1c ./src/crc.o
                0x08004d98                MX_CRC_Init
 .text.HAL_CRC_MspInit
                0x08004db4       0x30 ./src/crc.o
                0x08004db4                HAL_CRC_MspInit
 .text.MX_FATFS_Init
                0x08004de4       0x1c ./src/fatfs.o
                0x08004de4                MX_FATFS_Init
 .text.get_fattime
                0x08004e00        0x4 ./src/fatfs.o
                0x08004e00                get_fattime
 .text.MX_GPIO_Init
                0x08004e04       0xa0 ./src/gpio.o
                0x08004e04                MX_GPIO_Init
 .text.map      0x08004ea4       0x3c ./src/hmc.o
                0x08004ea4                map
 .text.HMC_calculate
                0x08004ee0      0x15c ./src/hmc.o
                0x08004ee0                HMC_calculate
 .text.MX_I2C1_Init
                0x0800503c       0x38 ./src/i2c.o
                0x0800503c                MX_I2C1_Init
 .text.HAL_I2C_MspInit
                0x08005074       0x74 ./src/i2c.o
                0x08005074                HAL_I2C_MspInit
 .text.LCD_command
                0x080050e8       0x34 ./src/lcd.o
                0x080050e8                LCD_command
 .text.LCD_setCursor
                0x0800511c       0x3c ./src/lcd.o
                0x0800511c                LCD_setCursor
 .text.LCD_keypad
                0x08005158       0xc0 ./src/lcd.o
                0x08005158                LCD_keypad
 .text.LCD_print
                0x08005218       0x48 ./src/lcd.o
                0x08005218                LCD_print
 .text.LCD_refreshFrame
                0x08005260       0xa4 ./src/lcd.o
                0x08005260                LCD_refreshFrame
 .text.LCD_updateSensors
                0x08005304      0x12c ./src/lcd.o
                0x08005304                LCD_updateSensors
 .text.LCD_loadCustomChar
                0x08005430       0x4c ./src/lcd.o
                0x08005430                LCD_loadCustomChar
 .text.LCD_init
                0x0800547c       0x64 ./src/lcd.o
                0x0800547c                LCD_init
 .text.decodePayload_callback
                0x080054e0       0x48 ./src/main.o
                0x080054e0                decodePayload_callback
 .text.HAL_SYSTICK_Callback
                0x08005528       0x24 ./src/main.o
                0x08005528                HAL_SYSTICK_Callback
 .text.Error_Handler
                0x0800554c        0x4 ./src/main.o
                0x0800554c                Error_Handler
 .text.SystemClock_Config
                0x08005550       0xb0 ./src/main.o
                0x08005550                SystemClock_Config
 .text.main     0x08005600      0x394 ./src/main.o
                0x08005600                main
 .text.decodePayload
                0x08005994       0x44 ./src/payload.o
                0x08005994                decodePayload
 .text.encodePayload
                0x080059d8       0x20 ./src/payload.o
                0x080059d8                encodePayload
 .text.Pressure_getUnCompPressure
                0x080059f8       0x48 ./src/pressure.o
                0x080059f8                Pressure_getUnCompPressure
 .text.Pressure_calculate
                0x08005a40      0x174 ./src/pressure.o
                0x08005a40                Pressure_calculate
 .text.Pressure_reqData
                0x08005bb4       0x54 ./src/pressure.o
                0x08005bb4                Pressure_reqData
 .text.Pressure_getUnCompTemp_postDelay
                0x08005c08       0x24 ./src/pressure.o
                0x08005c08                Pressure_getUnCompTemp_postDelay
 .text.Pressure_getUnCompPressure_postDelay
                0x08005c2c       0x2c ./src/pressure.o
                0x08005c2c                Pressure_getUnCompPressure_postDelay
 .text.MX_SDIO_SD_Init
                0x08005c58       0x20 ./src/sdio.o
                0x08005c58                MX_SDIO_SD_Init
 .text.HAL_SD_MspInit
                0x08005c78       0xa0 ./src/sdio.o
                0x08005c78                HAL_SD_MspInit
 .text.MX_SPI2_Init
                0x08005d18       0x40 ./src/spi.o
                0x08005d18                MX_SPI2_Init
 .text.HAL_SPI_MspInit
                0x08005d58       0x78 ./src/spi.o
                0x08005d58                HAL_SPI_MspInit
 .text.HAL_MspInit
                0x08005dd0       0x60 ./src/stm32f4xx_hal_msp.o
                0x08005dd0                HAL_MspInit
 .text.SVC_Handler
                0x08005e30        0x4 ./src/stm32f4xx_it.o
                0x08005e30                SVC_Handler
 .text.PendSV_Handler
                0x08005e34        0x4 ./src/stm32f4xx_it.o
                0x08005e34                PendSV_Handler
 .text.SysTick_Handler
                0x08005e38        0xc ./src/stm32f4xx_it.o
                0x08005e38                SysTick_Handler
 .text.ADC_IRQHandler
                0x08005e44       0x10 ./src/stm32f4xx_it.o
                0x08005e44                ADC_IRQHandler
 .text.I2C1_EV_IRQHandler
                0x08005e54       0x10 ./src/stm32f4xx_it.o
                0x08005e54                I2C1_EV_IRQHandler
 .text.I2C1_ER_IRQHandler
                0x08005e64       0x10 ./src/stm32f4xx_it.o
                0x08005e64                I2C1_ER_IRQHandler
 .text.SPI2_IRQHandler
                0x08005e74       0x10 ./src/stm32f4xx_it.o
                0x08005e74                SPI2_IRQHandler
 .text.USART2_IRQHandler
                0x08005e84       0x10 ./src/stm32f4xx_it.o
                0x08005e84                USART2_IRQHandler
 .text.SDIO_IRQHandler
                0x08005e94       0x10 ./src/stm32f4xx_it.o
                0x08005e94                SDIO_IRQHandler
 .text.USART6_IRQHandler
                0x08005ea4       0x10 ./src/stm32f4xx_it.o
                0x08005ea4                USART6_IRQHandler
 .text.MX_TIM10_Init
                0x08005eb4       0x28 ./src/tim.o
                0x08005eb4                MX_TIM10_Init
 .text.HAL_TIM_PWM_MspInit
                0x08005edc       0x50 ./src/tim.o
                0x08005edc                HAL_TIM_PWM_MspInit
 .text.HAL_TIM_Base_MspInit
                0x08005f2c       0x30 ./src/tim.o
                0x08005f2c                HAL_TIM_Base_MspInit
 .text.HAL_TIM_MspPostInit
                0x08005f5c       0x58 ./src/tim.o
                0x08005f5c                HAL_TIM_MspPostInit
 .text.MX_TIM1_Init
                0x08005fb4       0xa0 ./src/tim.o
                0x08005fb4                MX_TIM1_Init
 .text.MX_TIM2_Init
                0x08006054       0x70 ./src/tim.o
                0x08006054                MX_TIM2_Init
 .text.SID_UART_Receive_IT_Setup
                0x080060c4       0x64 ./src/uart.o
                0x080060c4                SID_UART_Receive_IT_Setup
 .text.SID_UART_Receive_IT
                0x08006128       0x4c ./src/uart.o
                0x08006128                SID_UART_Receive_IT
 .text.SID_UART_IRQHandler
                0x08006174       0xb8 ./src/uart.o
                0x08006174                SID_UART_IRQHandler
 .text.rx_read  0x0800622c       0x30 ./src/uart.o
                0x0800622c                rx_read
 .text.MX_USART2_UART_Init
                0x0800625c       0x34 ./src/usart.o
                0x0800625c                MX_USART2_UART_Init
 .text.MX_USART6_UART_Init
                0x08006290       0x34 ./src/usart.o
                0x08006290                MX_USART6_UART_Init
 .text.HAL_UART_MspInit
                0x080062c4       0xb4 ./src/usart.o
                0x080062c4                HAL_UART_MspInit
 .text.Xbee_init
                0x08006378       0x14 ./src/xbee.o
                0x08006378                Xbee_init
 .text.Xbee_checksum
                0x0800638c       0x28 ./src/xbee.o
                0x0800638c                Xbee_checksum
 .text.Xbee_prepareTxFrame
                0x080063b4       0xa4 ./src/xbee.o
                0x080063b4                Xbee_prepareTxFrame
 .text.Xbee_sendTxPacket
                0x08006458       0x80 ./src/xbee.o
                0x08006458                Xbee_sendTxPacket
 .text.Xbee_createTxPacket
                0x080064d8       0x38 ./src/xbee.o
                0x080064d8                Xbee_createTxPacket
 .text.Xbee_sendPayload
                0x08006510       0x10 ./src/xbee.o
                0x08006510                Xbee_sendPayload
 .text.Xbee_rxStateMachine
                0x08006520      0x22c ./src/xbee.o
                0x08006520                Xbee_rxStateMachine
 .text.xrx_read
                0x0800674c       0x44 ./src/xbee.o
                0x0800674c                xrx_read
 .text.SD_initialize
                0x08006790       0x24 ./Middlewares/Third_Party/FatFs/src/drivers/sd_diskio.o
                0x08006790                SD_initialize
 .text.SD_status
                0x080067b4       0x24 ./Middlewares/Third_Party/FatFs/src/drivers/sd_diskio.o
                0x080067b4                SD_status
 .text.SD_read  0x080067d8       0x20 ./Middlewares/Third_Party/FatFs/src/drivers/sd_diskio.o
                0x080067d8                SD_read
 .text.SD_write
                0x080067f8       0x20 ./Middlewares/Third_Party/FatFs/src/drivers/sd_diskio.o
                0x080067f8                SD_write
 .text.SD_ioctl
                0x08006818       0x5c ./Middlewares/Third_Party/FatFs/src/drivers/sd_diskio.o
                0x08006818                SD_ioctl
 .text.disk_status
                0x08006874       0x18 ./Middlewares/Third_Party/FatFs/src/diskio.o
                0x08006874                disk_status
 .text.disk_initialize
                0x0800688c       0x28 ./Middlewares/Third_Party/FatFs/src/diskio.o
                0x0800688c                disk_initialize
 .text.disk_read
                0x080068b4       0x18 ./Middlewares/Third_Party/FatFs/src/diskio.o
                0x080068b4                disk_read
 .text.disk_write
                0x080068cc       0x18 ./Middlewares/Third_Party/FatFs/src/diskio.o
                0x080068cc                disk_write
 .text.disk_ioctl
                0x080068e4       0x18 ./Middlewares/Third_Party/FatFs/src/diskio.o
                0x080068e4                disk_ioctl
 .text.mem_cpy  0x080068fc       0x14 ./Middlewares/Third_Party/FatFs/src/ff.o
 .text.mem_set  0x08006910       0x10 ./Middlewares/Third_Party/FatFs/src/ff.o
 .text.mem_cmp  0x08006920       0x24 ./Middlewares/Third_Party/FatFs/src/ff.o
 .text.chk_chr  0x08006944       0x14 ./Middlewares/Third_Party/FatFs/src/ff.o
 .text.chk_lock
                0x08006958       0x8c ./Middlewares/Third_Party/FatFs/src/ff.o
 .text.enq_lock
                0x080069e4       0x24 ./Middlewares/Third_Party/FatFs/src/ff.o
 .text.inc_lock
                0x08006a08       0xd0 ./Middlewares/Third_Party/FatFs/src/ff.o
 .text.dec_lock
                0x08006ad8       0x48 ./Middlewares/Third_Party/FatFs/src/ff.o
 .text.clear_lock
                0x08006b20       0x30 ./Middlewares/Third_Party/FatFs/src/ff.o
 .text.clmt_clust
                0x08006b50       0x2c ./Middlewares/Third_Party/FatFs/src/ff.o
 .text.ld_clust
                0x08006b7c       0x20 ./Middlewares/Third_Party/FatFs/src/ff.o
 .text.st_clust
                0x08006b9c       0x14 ./Middlewares/Third_Party/FatFs/src/ff.o
 .text.create_name
                0x08006bb0      0x118 ./Middlewares/Third_Party/FatFs/src/ff.o
 .text.get_ldnumber
                0x08006cc8       0x58 ./Middlewares/Third_Party/FatFs/src/ff.o
 .text.sync_window
                0x08006d20       0x64 ./Middlewares/Third_Party/FatFs/src/ff.o
 .text.move_window
                0x08006d84       0x38 ./Middlewares/Third_Party/FatFs/src/ff.o
 .text.check_fs
                0x08006dbc       0x94 ./Middlewares/Third_Party/FatFs/src/ff.o
 .text.validate
                0x08006e50       0x44 ./Middlewares/Third_Party/FatFs/src/ff.o
 .text.find_volume
                0x08006e94      0x384 ./Middlewares/Third_Party/FatFs/src/ff.o
 .text.sync_fs  0x08007218       0xc4 ./Middlewares/Third_Party/FatFs/src/ff.o
 .text.clust2sect
                0x080072dc       0x20 ./Middlewares/Third_Party/FatFs/src/ff.o
                0x080072dc                clust2sect
 .text.get_fat  0x080072fc       0xe0 ./Middlewares/Third_Party/FatFs/src/ff.o
                0x080072fc                get_fat
 .text.dir_sdi  0x080073dc       0xb4 ./Middlewares/Third_Party/FatFs/src/ff.o
 .text.put_fat  0x08007490      0x120 ./Middlewares/Third_Party/FatFs/src/ff.o
                0x08007490                put_fat
 .text.create_chain
                0x080075b0       0xcc ./Middlewares/Third_Party/FatFs/src/ff.o
 .text.dir_next
                0x0800767c      0x158 ./Middlewares/Third_Party/FatFs/src/ff.o
 .text.dir_find
                0x080077d4       0x54 ./Middlewares/Third_Party/FatFs/src/ff.o
 .text.follow_path
                0x08007828       0x8c ./Middlewares/Third_Party/FatFs/src/ff.o
 .text.dir_alloc
                0x080078b4       0x50 ./Middlewares/Third_Party/FatFs/src/ff.o
 .text.dir_register
                0x08007904       0x48 ./Middlewares/Third_Party/FatFs/src/ff.o
 .text.remove_chain
                0x0800794c       0x74 ./Middlewares/Third_Party/FatFs/src/ff.o
 .text.f_mount  0x080079c0       0x60 ./Middlewares/Third_Party/FatFs/src/ff.o
                0x080079c0                f_mount
 .text.f_open   0x08007a20      0x1b4 ./Middlewares/Third_Party/FatFs/src/ff.o
                0x08007a20                f_open
 .text.f_write  0x08007bd4      0x208 ./Middlewares/Third_Party/FatFs/src/ff.o
                0x08007bd4                f_write
 .text.putc_bfd
                0x08007ddc       0x4c ./Middlewares/Third_Party/FatFs/src/ff.o
 .text.f_sync   0x08007e28       0xc4 ./Middlewares/Third_Party/FatFs/src/ff.o
                0x08007e28                f_sync
 .text.f_close  0x08007eec       0x2c ./Middlewares/Third_Party/FatFs/src/ff.o
                0x08007eec                f_close
 .text.f_puts   0x08007f18       0x54 ./Middlewares/Third_Party/FatFs/src/ff.o
                0x08007f18                f_puts
 .text.FATFS_LinkDriverEx
                0x08007f6c       0x4c ./Middlewares/Third_Party/FatFs/src/ff_gen_drv.o
                0x08007f6c                FATFS_LinkDriverEx
 .text.FATFS_LinkDriver
                0x08007fb8        0xc ./Middlewares/Third_Party/FatFs/src/ff_gen_drv.o
                0x08007fb8                FATFS_LinkDriver
 .text.round    0x08007fc4       0xa0 c:/program files (x86)/gnu tools arm embedded/5.4 2016q3/bin/../lib/gcc/arm-none-eabi/5.4.1/../../../../arm-none-eabi/lib/armv7e-m\libm.a(lib_a-s_round.o)
                0x08007fc4                round
 .text.atan2f   0x08008064        0x4 c:/program files (x86)/gnu tools arm embedded/5.4 2016q3/bin/../lib/gcc/arm-none-eabi/5.4.1/../../../../arm-none-eabi/lib/armv7e-m\libm.a(lib_a-wf_atan2.o)
                0x08008064                atan2f
 .text.powf     0x08008068      0x2f4 c:/program files (x86)/gnu tools arm embedded/5.4 2016q3/bin/../lib/gcc/arm-none-eabi/5.4.1/../../../../arm-none-eabi/lib/armv7e-m\libm.a(lib_a-wf_pow.o)
                0x08008068                powf
 .text.__ieee754_atan2f
                0x0800835c      0x124 c:/program files (x86)/gnu tools arm embedded/5.4 2016q3/bin/../lib/gcc/arm-none-eabi/5.4.1/../../../../arm-none-eabi/lib/armv7e-m\libm.a(lib_a-ef_atan2.o)
                0x0800835c                __ieee754_atan2f
 .text.__ieee754_powf
                0x08008480      0x708 c:/program files (x86)/gnu tools arm embedded/5.4 2016q3/bin/../lib/gcc/arm-none-eabi/5.4.1/../../../../arm-none-eabi/lib/armv7e-m\libm.a(lib_a-ef_pow.o)
                0x08008480                __ieee754_powf
 .text.__ieee754_sqrtf
                0x08008b88       0xa8 c:/program files (x86)/gnu tools arm embedded/5.4 2016q3/bin/../lib/gcc/arm-none-eabi/5.4.1/../../../../arm-none-eabi/lib/armv7e-m\libm.a(lib_a-ef_sqrt.o)
                0x08008b88                __ieee754_sqrtf
 .text.matherr  0x08008c30        0x4 c:/program files (x86)/gnu tools arm embedded/5.4 2016q3/bin/../lib/gcc/arm-none-eabi/5.4.1/../../../../arm-none-eabi/lib/armv7e-m\libm.a(lib_a-s_matherr.o)
                0x08008c30                matherr
 .text.rint     0x08008c34      0x118 c:/program files (x86)/gnu tools arm embedded/5.4 2016q3/bin/../lib/gcc/arm-none-eabi/5.4.1/../../../../arm-none-eabi/lib/armv7e-m\libm.a(lib_a-s_rint.o)
                0x08008c34                rint
 .text.atanf    0x08008d4c      0x22c c:/program files (x86)/gnu tools arm embedded/5.4 2016q3/bin/../lib/gcc/arm-none-eabi/5.4.1/../../../../arm-none-eabi/lib/armv7e-m\libm.a(lib_a-sf_atan.o)
                0x08008d4c                atanf
 .text.fabsf    0x08008f78        0x8 c:/program files (x86)/gnu tools arm embedded/5.4 2016q3/bin/../lib/gcc/arm-none-eabi/5.4.1/../../../../arm-none-eabi/lib/armv7e-m\libm.a(lib_a-sf_fabs.o)
                0x08008f78                fabsf
 .text.finitef  0x08008f80       0x10 c:/program files (x86)/gnu tools arm embedded/5.4 2016q3/bin/../lib/gcc/arm-none-eabi/5.4.1/../../../../arm-none-eabi/lib/armv7e-m\libm.a(lib_a-sf_finite.o)
                0x08008f80                finitef
 .text.nanf     0x08008f90        0x8 c:/program files (x86)/gnu tools arm embedded/5.4 2016q3/bin/../lib/gcc/arm-none-eabi/5.4.1/../../../../arm-none-eabi/lib/armv7e-m\libm.a(lib_a-sf_nan.o)
                0x08008f90                nanf
 .text.scalbnf  0x08008f98       0xb0 c:/program files (x86)/gnu tools arm embedded/5.4 2016q3/bin/../lib/gcc/arm-none-eabi/5.4.1/../../../../arm-none-eabi/lib/armv7e-m\libm.a(lib_a-sf_scalbn.o)
                0x08008f98                scalbnf
 .text.copysignf
                0x08009048        0xc c:/program files (x86)/gnu tools arm embedded/5.4 2016q3/bin/../lib/gcc/arm-none-eabi/5.4.1/../../../../arm-none-eabi/lib/armv7e-m\libm.a(lib_a-sf_copysign.o)
                0x08009048                copysignf
 .text          0x08009054      0x370 c:/program files (x86)/gnu tools arm embedded/5.4 2016q3/bin/../lib/gcc/arm-none-eabi/5.4.1/armv7e-m\libgcc.a(_arm_addsubdf3.o)
                0x08009054                __aeabi_drsub
                0x0800905c                __aeabi_dsub
                0x0800905c                __subdf3
                0x08009060                __aeabi_dadd
                0x08009060                __adddf3
                0x080092d8                __floatunsidf
                0x080092d8                __aeabi_ui2d
                0x080092f8                __floatsidf
                0x080092f8                __aeabi_i2d
                0x0800931c                __aeabi_f2d
                0x0800931c                __extendsfdf2
                0x08009358                __floatundidf
                0x08009358                __aeabi_ul2d
                0x08009368                __floatdidf
                0x08009368                __aeabi_l2d
 .text          0x080093c4      0x424 c:/program files (x86)/gnu tools arm embedded/5.4 2016q3/bin/../lib/gcc/arm-none-eabi/5.4.1/armv7e-m\libgcc.a(_arm_muldivdf3.o)
                0x080093c4                __aeabi_dmul
                0x080093c4                __muldf3
                0x08009618                __divdf3
                0x08009618                __aeabi_ddiv
 .text          0x080097e8      0x110 c:/program files (x86)/gnu tools arm embedded/5.4 2016q3/bin/../lib/gcc/arm-none-eabi/5.4.1/armv7e-m\libgcc.a(_arm_cmpdf2.o)
                0x080097e8                __gtdf2
                0x080097e8                __gedf2
                0x080097f0                __ltdf2
                0x080097f0                __ledf2
                0x080097f8                __nedf2
                0x080097f8                __eqdf2
                0x080097f8                __cmpdf2
                0x08009874                __aeabi_cdrcmple
                0x08009884                __aeabi_cdcmpeq
                0x08009884                __aeabi_cdcmple
                0x08009894                __aeabi_dcmpeq
                0x080098a8                __aeabi_dcmplt
                0x080098bc                __aeabi_dcmple
                0x080098d0                __aeabi_dcmpge
                0x080098e4                __aeabi_dcmpgt
 .text          0x080098f8       0x50 c:/program files (x86)/gnu tools arm embedded/5.4 2016q3/bin/../lib/gcc/arm-none-eabi/5.4.1/armv7e-m\libgcc.a(_arm_fixdfsi.o)
                0x080098f8                __aeabi_d2iz
                0x080098f8                __fixdfsi
 .text          0x08009948       0xa0 c:/program files (x86)/gnu tools arm embedded/5.4 2016q3/bin/../lib/gcc/arm-none-eabi/5.4.1/armv7e-m\libgcc.a(_arm_truncdfsf2.o)
                0x08009948                __truncdfsf2
                0x08009948                __aeabi_d2f
 .text          0x080099e8      0x21c c:/program files (x86)/gnu tools arm embedded/5.4 2016q3/bin/../lib/gcc/arm-none-eabi/5.4.1/armv7e-m\libgcc.a(_arm_addsubsf3.o)
                0x080099e8                __aeabi_frsub
                0x080099f0                __subsf3
                0x080099f0                __aeabi_fsub
                0x080099f4                __aeabi_fadd
                0x080099f4                __addsf3
                0x08009b54                __aeabi_ui2f
                0x08009b54                __floatunsisf
                0x08009b5c                __aeabi_i2f
                0x08009b5c                __floatsisf
                0x08009b78                __aeabi_ul2f
                0x08009b78                __floatundisf
                0x08009b88                __aeabi_l2f
                0x08009b88                __floatdisf
 .text          0x08009c04      0x2a0 c:/program files (x86)/gnu tools arm embedded/5.4 2016q3/bin/../lib/gcc/arm-none-eabi/5.4.1/armv7e-m\libgcc.a(_arm_muldivsf3.o)
                0x08009c04                __mulsf3
                0x08009c04                __aeabi_fmul
                0x08009d6c                __aeabi_fdiv
                0x08009d6c                __divsf3
 .text          0x08009ea4       0xec c:/program files (x86)/gnu tools arm embedded/5.4 2016q3/bin/../lib/gcc/arm-none-eabi/5.4.1/armv7e-m\libgcc.a(_arm_cmpsf2.o)
                0x08009ea4                __gesf2
                0x08009ea4                __gtsf2
                0x08009eac                __lesf2
                0x08009eac                __ltsf2
                0x08009eb4                __nesf2
                0x08009eb4                __eqsf2
                0x08009eb4                __cmpsf2
                0x08009f14                __aeabi_cfrcmple
                0x08009f1c                __aeabi_cfcmpeq
                0x08009f1c                __aeabi_cfcmple
                0x08009f2c                __aeabi_fcmpeq
                0x08009f40                __aeabi_fcmplt
                0x08009f54                __aeabi_fcmple
                0x08009f68                __aeabi_fcmpge
                0x08009f7c                __aeabi_fcmpgt
 .text          0x08009f90       0x2c c:/program files (x86)/gnu tools arm embedded/5.4 2016q3/bin/../lib/gcc/arm-none-eabi/5.4.1/armv7e-m\libgcc.a(_arm_unordsf2.o)
                0x08009f90                __unordsf2
                0x08009f90                __aeabi_fcmpun
 .text          0x08009fbc       0x4c c:/program files (x86)/gnu tools arm embedded/5.4 2016q3/bin/../lib/gcc/arm-none-eabi/5.4.1/armv7e-m\libgcc.a(_arm_fixsfsi.o)
                0x08009fbc                __aeabi_f2iz
                0x08009fbc                __fixsfsi
 .text          0x0800a008       0x40 c:/program files (x86)/gnu tools arm embedded/5.4 2016q3/bin/../lib/gcc/arm-none-eabi/5.4.1/armv7e-m\libgcc.a(_arm_fixunssfsi.o)
                0x0800a008                __fixunssfsi
                0x0800a008                __aeabi_f2uiz
 .text.__errno  0x0800a048        0xc c:/program files (x86)/gnu tools arm embedded/5.4 2016q3/bin/../lib/gcc/arm-none-eabi/5.4.1/../../../../arm-none-eabi/lib/armv7e-m\libg_nano.a(lib_a-errno.o)
                0x0800a048                __errno
 .text.malloc   0x0800a054       0x10 c:/program files (x86)/gnu tools arm embedded/5.4 2016q3/bin/../lib/gcc/arm-none-eabi/5.4.1/../../../../arm-none-eabi/lib/armv7e-m\libg_nano.a(lib_a-malloc.o)
                0x0800a054                malloc
 .text.free     0x0800a064       0x10 c:/program files (x86)/gnu tools arm embedded/5.4 2016q3/bin/../lib/gcc/arm-none-eabi/5.4.1/../../../../arm-none-eabi/lib/armv7e-m\libg_nano.a(lib_a-malloc.o)
                0x0800a064                free
 .text.memcpy   0x0800a074       0x16 c:/program files (x86)/gnu tools arm embedded/5.4 2016q3/bin/../lib/gcc/arm-none-eabi/5.4.1/../../../../arm-none-eabi/lib/armv7e-m\libg_nano.a(lib_a-memcpy-stub.o)
                0x0800a074                memcpy
 .text.memset   0x0800a08a       0x10 c:/program files (x86)/gnu tools arm embedded/5.4 2016q3/bin/../lib/gcc/arm-none-eabi/5.4.1/../../../../arm-none-eabi/lib/armv7e-m\libg_nano.a(lib_a-memset.o)
                0x0800a08a                memset
 *fill*         0x0800a09a        0x2 
 .text._free_r  0x0800a09c       0x9c c:/program files (x86)/gnu tools arm embedded/5.4 2016q3/bin/../lib/gcc/arm-none-eabi/5.4.1/../../../../arm-none-eabi/lib/armv7e-m\libg_nano.a(lib_a-nano-freer.o)
                0x0800a09c                _free_r
 .text._malloc_r
                0x0800a138       0xbc c:/program files (x86)/gnu tools arm embedded/5.4 2016q3/bin/../lib/gcc/arm-none-eabi/5.4.1/../../../../arm-none-eabi/lib/armv7e-m\libg_nano.a(lib_a-nano-mallocr.o)
                0x0800a138                _malloc_r
 .text._sbrk_r  0x0800a1f4       0x20 c:/program files (x86)/gnu tools arm embedded/5.4 2016q3/bin/../lib/gcc/arm-none-eabi/5.4.1/../../../../arm-none-eabi/lib/armv7e-m\libg_nano.a(lib_a-sbrkr.o)
                0x0800a1f4                _sbrk_r
 .text.sprintf  0x0800a214       0x48 c:/program files (x86)/gnu tools arm embedded/5.4 2016q3/bin/../lib/gcc/arm-none-eabi/5.4.1/../../../../arm-none-eabi/lib/armv7e-m\libg_nano.a(lib_a-sprintf.o)
                0x0800a214                siprintf
                0x0800a214                sprintf
 .text          0x0800a25c       0x10 c:/program files (x86)/gnu tools arm embedded/5.4 2016q3/bin/../lib/gcc/arm-none-eabi/5.4.1/../../../../arm-none-eabi/lib/armv7e-m\libg_nano.a(lib_a-strlen.o)
                0x0800a25c                strlen
 .text._vsnprintf_r
                0x0800a26c       0x56 c:/program files (x86)/gnu tools arm embedded/5.4 2016q3/bin/../lib/gcc/arm-none-eabi/5.4.1/../../../../arm-none-eabi/lib/armv7e-m\libg_nano.a(lib_a-vsnprintf.o)
                0x0800a26c                _vsniprintf_r
                0x0800a26c                _vsnprintf_r
 *fill*         0x0800a2c2        0x2 
 .text.vsnprintf
                0x0800a2c4       0x1c c:/program files (x86)/gnu tools arm embedded/5.4 2016q3/bin/../lib/gcc/arm-none-eabi/5.4.1/../../../../arm-none-eabi/lib/armv7e-m\libg_nano.a(lib_a-vsnprintf.o)
                0x0800a2c4                vsniprintf
                0x0800a2c4                vsnprintf
 .text.__malloc_lock
                0x0800a2e0        0x2 c:/program files (x86)/gnu tools arm embedded/5.4 2016q3/bin/../lib/gcc/arm-none-eabi/5.4.1/../../../../arm-none-eabi/lib/armv7e-m\libg_nano.a(lib_a-mlock.o)
                0x0800a2e0                __malloc_lock
 .text.__malloc_unlock
                0x0800a2e2        0x2 c:/program files (x86)/gnu tools arm embedded/5.4 2016q3/bin/../lib/gcc/arm-none-eabi/5.4.1/../../../../arm-none-eabi/lib/armv7e-m\libg_nano.a(lib_a-mlock.o)
                0x0800a2e2                __malloc_unlock
 .text.__ssputs_r
                0x0800a2e4       0xb2 c:/program files (x86)/gnu tools arm embedded/5.4 2016q3/bin/../lib/gcc/arm-none-eabi/5.4.1/../../../../arm-none-eabi/lib/armv7e-m\libg_nano.a(lib_a-nano-svfprintf.o)
                0x0800a2e4                __ssputs_r
 *fill*         0x0800a396        0x2 
 .text._svfprintf_r
                0x0800a398      0x1e8 c:/program files (x86)/gnu tools arm embedded/5.4 2016q3/bin/../lib/gcc/arm-none-eabi/5.4.1/../../../../arm-none-eabi/lib/armv7e-m\libg_nano.a(lib_a-nano-svfprintf.o)
                0x0800a398                _svfiprintf_r
                0x0800a398                _svfprintf_r
 .text._printf_common
                0x0800a580       0xec c:/program files (x86)/gnu tools arm embedded/5.4 2016q3/bin/../lib/gcc/arm-none-eabi/5.4.1/../../../../arm-none-eabi/lib/armv7e-m\libg_nano.a(lib_a-nano-vfprintf_i.o)
                0x0800a580                _printf_common
 .text._printf_i
                0x0800a66c      0x24c c:/program files (x86)/gnu tools arm embedded/5.4 2016q3/bin/../lib/gcc/arm-none-eabi/5.4.1/../../../../arm-none-eabi/lib/armv7e-m\libg_nano.a(lib_a-nano-vfprintf_i.o)
                0x0800a66c                _printf_i
 *fill*         0x0800a8b8        0x8 
 .text          0x0800a8c0       0xa0 c:/program files (x86)/gnu tools arm embedded/5.4 2016q3/bin/../lib/gcc/arm-none-eabi/5.4.1/../../../../arm-none-eabi/lib/armv7e-m\libg_nano.a(lib_a-memchr.o)
                0x0800a8c0                memchr
 .text.memmove  0x0800a960       0x36 c:/program files (x86)/gnu tools arm embedded/5.4 2016q3/bin/../lib/gcc/arm-none-eabi/5.4.1/../../../../arm-none-eabi/lib/armv7e-m\libg_nano.a(lib_a-memmove.o)
                0x0800a960                memmove
 .text._realloc_r
                0x0800a996       0x4c c:/program files (x86)/gnu tools arm embedded/5.4 2016q3/bin/../lib/gcc/arm-none-eabi/5.4.1/../../../../arm-none-eabi/lib/armv7e-m\libg_nano.a(lib_a-nano-reallocr.o)
                0x0800a996                _realloc_r
 .text._malloc_usable_size_r
                0x0800a9e2       0x14 c:/program files (x86)/gnu tools arm embedded/5.4 2016q3/bin/../lib/gcc/arm-none-eabi/5.4.1/../../../../arm-none-eabi/lib/armv7e-m\libg_nano.a(lib_a-nano-msizer.o)
                0x0800a9e2                _malloc_usable_size_r
 *(.rodata .rodata.* .constdata .constdata.*)
 *fill*         0x0800a9f6        0x2 
 .rodata.APBAHBPrescTable
                0x0800a9f8       0x10 ./system/src/stm32f4xx/stm32f4xx_hal_rcc.o
                0x0800a9f8                APBAHBPrescTable
 .rodata.str1.4
                0x0800aa08       0x29 ./system/src/diag/Trace.o
                                 0x2d (size before relaxing)
 *fill*         0x0800aa31        0x3 
 .rodata.str1.4
                0x0800aa34      0x146 ./system/src/cortexm/exception_handlers.o
 *fill*         0x0800ab7a        0x2 
 .rodata.AHBPrescTable
                0x0800ab7c       0x10 ./system/src/cmsis/system_stm32f4xx.o
                0x0800ab7c                AHBPrescTable
 .rodata.str1.4
                0x0800ab8c       0x79 ./src/lcd.o
 *fill*         0x0800ac05        0x3 
 .rodata.str1.4
                0x0800ac08       0x5a ./src/main.o
 *fill*         0x0800ac62        0x2 
 .rodata.SD_Driver
                0x0800ac64       0x14 ./Middlewares/Third_Party/FatFs/src/drivers/sd_diskio.o
                0x0800ac64                SD_Driver
 .rodata.ExCvt  0x0800ac78       0x80 ./Middlewares/Third_Party/FatFs/src/ff.o
 .rodata.str1.4
                0x0800acf8       0x44 ./Middlewares/Third_Party/FatFs/src/ff.o
 .rodata.str1.4
                0x0800ad3c        0x5 c:/program files (x86)/gnu tools arm embedded/5.4 2016q3/bin/../lib/gcc/arm-none-eabi/5.4.1/../../../../arm-none-eabi/lib/armv7e-m\libm.a(lib_a-wf_pow.o)
 .rodata.str1.4
                0x0800ad41        0x8 c:/program files (x86)/gnu tools arm embedded/5.4 2016q3/bin/../lib/gcc/arm-none-eabi/5.4.1/../../../../arm-none-eabi/lib/armv7e-m\libm.a(lib_a-ef_pow.o)
                                  0x1 (size before relaxing)
 *fill*         0x0800ad41        0x7 
 .rodata.TWO52  0x0800ad48       0x10 c:/program files (x86)/gnu tools arm embedded/5.4 2016q3/bin/../lib/gcc/arm-none-eabi/5.4.1/../../../../arm-none-eabi/lib/armv7e-m\libm.a(lib_a-s_rint.o)
 .rodata.atanlo
                0x0800ad58       0x10 c:/program files (x86)/gnu tools arm embedded/5.4 2016q3/bin/../lib/gcc/arm-none-eabi/5.4.1/../../../../arm-none-eabi/lib/armv7e-m\libm.a(lib_a-sf_atan.o)
 .rodata.atanhi
                0x0800ad68       0x10 c:/program files (x86)/gnu tools arm embedded/5.4 2016q3/bin/../lib/gcc/arm-none-eabi/5.4.1/../../../../arm-none-eabi/lib/armv7e-m\libm.a(lib_a-sf_atan.o)
 .rodata.str1.1
                0x0800ad78       0x11 c:/program files (x86)/gnu tools arm embedded/5.4 2016q3/bin/../lib/gcc/arm-none-eabi/5.4.1/../../../../arm-none-eabi/lib/armv7e-m\libg_nano.a(lib_a-nano-svfprintf.o)
 .rodata.str1.1
                0x0800ad89       0x22 c:/program files (x86)/gnu tools arm embedded/5.4 2016q3/bin/../lib/gcc/arm-none-eabi/5.4.1/../../../../arm-none-eabi/lib/armv7e-m\libg_nano.a(lib_a-nano-vfprintf_i.o)
 *(vtable)
 *(.eh_frame*)
 *(.glue_7)
 .glue_7        0x0800adab        0x0 linker stubs
 *(.glue_7t)
 .glue_7t       0x0800adab        0x0 linker stubs

.vfp11_veneer   0x0800adac        0x0
 .vfp11_veneer  0x0800adac        0x0 linker stubs

.v4_bx          0x0800adac        0x0
 .v4_bx         0x0800adac        0x0 linker stubs

.iplt           0x0800adac        0x0
 .iplt          0x0800adac        0x0 ./system/src/stm32f4xx/stm32f4xx_hal.o

.rel.dyn        0x0800adac        0x0
 .rel.iplt      0x0800adac        0x0 ./system/src/stm32f4xx/stm32f4xx_hal.o

.ARM.extab
 *(.ARM.extab* .gnu.linkonce.armextab.*)
                0x0800adac                . = ALIGN (0x4)
                0x0800adac                __exidx_start = .

.ARM.exidx
 *(.ARM.exidx* .gnu.linkonce.armexidx.*)
                0x0800adac                __exidx_end = .
                0x0800adac                . = ALIGN (0x4)
                0x0800adac                _etext = .
                0x0800adac                __etext = .

.data_CCMRAM    0x10000000        0x0 load address 0x0800adac
 FILL mask 0xff
 *(.data.CCMRAM .data.CCMRAM.*)
                0x10000000                . = ALIGN (0x4)
                0x0800adac                _sidata = LOADADDR (.data)

.data           0x20000000       0xa4 load address 0x0800adac
 FILL mask 0xff
                0x20000000                _sdata = .
                0x20000000                __data_start__ = .
 *(.data_begin .data_begin.*)
 .data_begin    0x20000000        0x4 ./system/src/newlib/_startup.o
 *(.data .data.*)
 .data.argv.4290
                0x20000004        0x8 ./system/src/newlib/_syscalls.o
 .data.SystemCoreClock
                0x2000000c        0x4 ./system/src/cmsis/system_stm32f4xx.o
                0x2000000c                SystemCoreClock
 .data.bitmap_smiley
                0x20000010        0x8 ./src/lcd.o
                0x20000010                bitmap_smiley
 .data.bitmap_shocked
                0x20000018        0x8 ./src/lcd.o
                0x20000018                bitmap_shocked
 .data.bitmap_sad
                0x20000020        0x8 ./src/lcd.o
                0x20000020                bitmap_sad
 .data.bitmap_meh
                0x20000028        0x8 ./src/lcd.o
                0x20000028                bitmap_meh
 .data.lcdKey   0x20000030        0x1 ./src/main.o
                0x20000030                lcdKey
 *fill*         0x20000031        0x3 ff
 .data.pwm      0x20000034        0x4 ./src/main.o
                0x20000034                pwm
 .data.Stat     0x20000038        0x1 ./Middlewares/Third_Party/FatFs/src/drivers/sd_diskio.o
 .data.__fdlib_version
                0x20000039        0x1 c:/program files (x86)/gnu tools arm embedded/5.4 2016q3/bin/../lib/gcc/arm-none-eabi/5.4.1/../../../../arm-none-eabi/lib/armv7e-m\libm.a(lib_a-s_lib_ver.o)
                0x20000039                __fdlib_version
 *fill*         0x2000003a        0x2 ff
 .data.impure_data
                0x2000003c       0x60 c:/program files (x86)/gnu tools arm embedded/5.4 2016q3/bin/../lib/gcc/arm-none-eabi/5.4.1/../../../../arm-none-eabi/lib/armv7e-m\libg_nano.a(lib_a-impure.o)
 .data._impure_ptr
                0x2000009c        0x4 c:/program files (x86)/gnu tools arm embedded/5.4 2016q3/bin/../lib/gcc/arm-none-eabi/5.4.1/../../../../arm-none-eabi/lib/armv7e-m\libg_nano.a(lib_a-impure.o)
                0x2000009c                _impure_ptr
 *(.data_end .data_end.*)
 .data_end      0x200000a0        0x4 ./system/src/newlib/_startup.o
                0x200000a4                . = ALIGN (0x4)
                0x200000a4                _edata = .
                0x200000a4                __data_end__ = .

.igot.plt       0x200000a4        0x0 load address 0x0800ae50
 .igot.plt      0x200000a4        0x0 ./system/src/stm32f4xx/stm32f4xx_hal.o

.bss_CCMRAM     0x10000000        0x0
 *(.bss.CCMRAM .bss.CCMRAM.*)

.bss            0x200000a8      0xea4
                0x200000a8                __bss_start__ = .
                0x200000a8                _sbss = .
 *(.bss_begin .bss_begin.*)
 .bss_begin     0x200000a8        0x4 ./system/src/newlib/_startup.o
 *(.bss .bss.*)
 .bss.current_heap_end.3974
                0x200000ac        0x4 ./system/src/newlib/_sbrk.o
 .bss.name.4289
                0x200000b0        0x1 ./system/src/newlib/_syscalls.o
 *fill*         0x200000b1        0x3 
 .bss.buf.5179  0x200000b4       0x80 ./system/src/diag/Trace.o
 .bss.adc_val   0x20000134        0x4 ./src/adc.o
                0x20000134                adc_val
 .bss.adc_available
                0x20000138        0x1 ./src/adc.o
                0x20000138                adc_available
 *fill*         0x20000139        0x3 
 .bss.normHMC   0x2000013c        0xc ./src/hmc.o
                0x2000013c                normHMC
 .bss.headingDegrees
                0x20000148        0x4 ./src/hmc.o
                0x20000148                headingDegrees
 .bss.previousDegree
                0x2000014c        0x4 ./src/hmc.o
                0x2000014c                previousDegree
 .bss.smoothHeadingDegrees
                0x20000150        0x4 ./src/hmc.o
                0x20000150                smoothHeadingDegrees
 .bss.data      0x20000154       0x53 ./src/lcd.o
                0x20000154                data
 *fill*         0x200001a7        0x1 
 .bss.lcdFrame  0x200001a8        0x4 ./src/lcd.o
                0x200001a8                lcdFrame
 .bss.temperature
                0x200001ac        0x4 ./src/main.o
                0x200001ac                temperature
 .bss.reInitTick
                0x200001b0        0x4 ./src/main.o
                0x200001b0                reInitTick
 .bss.sensorTick
                0x200001b4        0x4 ./src/main.o
                0x200001b4                sensorTick
 .bss.xbeeTick  0x200001b8        0x4 ./src/main.o
                0x200001b8                xbeeTick
 .bss.rxTick    0x200001bc        0x4 ./src/main.o
                0x200001bc                rxTick
 .bss.lcdTick   0x200001c0        0x4 ./src/main.o
                0x200001c0                lcdTick
 .bss.humidity  0x200001c4        0x4 ./src/main.o
                0x200001c4                humidity
 .bss.pwmTick   0x200001c8        0x4 ./src/main.o
                0x200001c8                pwmTick
 .bss.currTick  0x200001cc        0x4 ./src/main.o
                0x200001cc                currTick
 .bss.cmdbuf    0x200001d0        0x1 ./src/main.o
                0x200001d0                cmdbuf
 *fill*         0x200001d1        0x3 
 .bss.bmp_data  0x200001d4       0x10 ./src/pressure.o
                0x200001d4                bmp_data
 .bss.b5        0x200001e4        0x4 ./src/pressure.o
                0x200001e4                b5
 .bss.press_temp
                0x200001e8        0x2 ./src/pressure.o
                0x200001e8                press_temp
 *fill*         0x200001ea        0x2 
 .bss.up        0x200001ec        0x4 ./src/pressure.o
                0x200001ec                up
 .bss.pressureDelayState
                0x200001f0        0x4 ./src/pressure.o
                0x200001f0                pressureDelayState
 .bss.altitude  0x200001f4        0x4 ./src/pressure.o
                0x200001f4                altitude
 .bss.ut        0x200001f8        0x2 ./src/pressure.o
                0x200001f8                ut
 *fill*         0x200001fa        0x2 
 .bss.pressureDelayTicks
                0x200001fc        0x4 ./src/pressure.o
                0x200001fc                pressureDelayTicks
 .bss.pressure  0x20000200        0x4 ./src/pressure.o
                0x20000200                pressure
 .bss.rx_timeout
                0x20000204        0x2 ./src/uart.o
                0x20000204                rx_timeout
 *fill*         0x20000206        0x2 
 .bss.rx        0x20000208      0x404 ./src/uart.o
                0x20000208                rx
 .bss.tx_head   0x2000060c        0x2 ./src/uart.o
                0x2000060c                tx_head
 .bss.tx_timeout
                0x2000060e        0x2 ./src/uart.o
                0x2000060e                tx_timeout
 .bss.rx_head   0x20000610        0x2 ./src/uart.o
                0x20000610                rx_head
 .bss.rx_escape_flag
                0x20000612        0x1 ./src/xbee.o
                0x20000612                rx_escape_flag
 .bss.rx_checksum
                0x20000613        0x1 ./src/xbee.o
                0x20000613                rx_checksum
 .bss.state     0x20000614        0x1 ./src/xbee.o
                0x20000614                state
 .bss.rx_length
                0x20000615        0x1 ./src/xbee.o
                0x20000615                rx_length
 *fill*         0x20000616        0x2 
 .bss.xbeerx    0x20000618      0x304 ./src/xbee.o
                0x20000618                xbeerx
 .bss.xbee_framebuf
                0x2000091c       0xff ./src/xbee.o
                0x2000091c                xbee_framebuf
 .bss.rx_length_expected
                0x20000a1b        0x1 ./src/xbee.o
                0x20000a1b                rx_length_expected
 .bss.Files     0x20000a1c       0x18 ./Middlewares/Third_Party/FatFs/src/ff.o
 .bss.Fsid      0x20000a34        0x2 ./Middlewares/Third_Party/FatFs/src/ff.o
 *fill*         0x20000a36        0x2 
 .bss.FatFs     0x20000a38        0x4 ./Middlewares/Third_Party/FatFs/src/ff.o
 .bss.disk      0x20000a3c        0xc ./Middlewares/Third_Party/FatFs/src/ff_gen_drv.o
                0x20000a3c                disk
 .bss.__malloc_sbrk_start
                0x20000a48        0x4 c:/program files (x86)/gnu tools arm embedded/5.4 2016q3/bin/../lib/gcc/arm-none-eabi/5.4.1/../../../../arm-none-eabi/lib/armv7e-m\libg_nano.a(lib_a-nano-mallocr.o)
                0x20000a48                __malloc_sbrk_start
 .bss.__malloc_free_list
                0x20000a4c        0x4 c:/program files (x86)/gnu tools arm embedded/5.4 2016q3/bin/../lib/gcc/arm-none-eabi/5.4.1/../../../../arm-none-eabi/lib/armv7e-m\libg_nano.a(lib_a-nano-mallocr.o)
                0x20000a4c                __malloc_free_list
 *(COMMON)
 COMMON         0x20000a50        0x4 ./system/src/stm32f4xx/stm32f4xx_hal.o
                0x20000a50                uwTick
 COMMON         0x20000a54        0x4 ./system/src/newlib/_syscalls.o
                0x20000a54                errno
 COMMON         0x20000a58       0x48 ./src/adc.o
                0x20000a58                hadc1
 COMMON         0x20000aa0        0x8 ./src/crc.o
                0x20000aa0                hcrc
 COMMON         0x20000aa8        0x8 ./src/fatfs.o
                0x20000aa8                retSD
                0x20000aac                SD_Path
 COMMON         0x20000ab0       0x10 ./src/hmc.o
                0x20000ab0                xOffset
                0x20000ab4                yOffset
                0x20000ab8                hi2c
                0x20000abc                mgPerDigit
 COMMON         0x20000ac0       0x54 ./src/i2c.o
                0x20000ac0                hi2c1
 COMMON         0x20000b14       0x1a ./src/pressure.o
                0x20000b14                b2
                0x20000b16                mb
                0x20000b18                ac1
                0x20000b1a                b1
                0x20000b1c                ac6
                0x20000b1e                ac5
                0x20000b20                ac2
                0x20000b22                md
                0x20000b24                ac4
                0x20000b26                mc
                0x20000b28                hi2c_p
                0x20000b2c                ac3
 *fill*         0x20000b2e        0x2 
 COMMON         0x20000b30       0xb8 ./src/sdio.o
                0x20000b30                SDCardInfo
                0x20000b88                hsd
 COMMON         0x20000be8       0x58 ./src/spi.o
                0x20000be8                hspi2
 COMMON         0x20000c40       0xb4 ./src/tim.o
                0x20000c40                htim10
                0x20000c7c                htim1
                0x20000cb8                htim2
 COMMON         0x20000cf4       0x80 ./src/usart.o
                0x20000cf4                huart6
                0x20000d34                huart2
 *fill*         0x20000d74        0x4 
 COMMON         0x20000d78      0x1d0 ./src/xbee.o
                0x20000d78                p
                0x20000da0                huart
                0x20000da8                rp
 *(.bss_end .bss_end.*)
 .bss_end       0x20000f48        0x4 ./system/src/newlib/_startup.o
                0x20000f4c                . = ALIGN (0x4)
                0x20000f4c                __bss_end__ = .
                0x20000f4c                _ebss = .

.noinit_CCMRAM
 *(.noinit.CCMRAM .noinit.CCMRAM.*)

.noinit         0x20000f4c        0x0
                0x20000f4c                _noinit = .
 *(.noinit .noinit.*)
                0x20000f4c                . = ALIGN (0x4)
                0x20000f4c                _end_noinit = .
                [!provide]                PROVIDE (end, _end_noinit)
                [!provide]                PROVIDE (_end, _end_noinit)
                [!provide]                PROVIDE (__end, _end_noinit)
                [!provide]                PROVIDE (__end__, _end_noinit)

._check_stack   0x20000f4c      0x100
                0x2000104c                . = (. + _Minimum_Stack_Size)
 *fill*         0x20000f4c      0x100 

.b1text
 *(.b1text)
 *(.b1rodata)
 *(.b1rodata.*)

.eb0text
 *(.eb0text)
 *(.eb0rodata)
 *(.eb0rodata.*)

.eb1text
 *(.eb1text)
 *(.eb1rodata)
 *(.eb1rodata.*)

.eb2text
 *(.eb2text)
 *(.eb2rodata)
 *(.eb2rodata.*)

.eb3text
 *(.eb3text)
 *(.eb3rodata)
 *(.eb3rodata.*)

.stab
 *(.stab)

.stabstr
 *(.stabstr)

.stab.excl
 *(.stab.excl)

.stab.exclstr
 *(.stab.exclstr)

.stab.index
 *(.stab.index)

.stab.indexstr
 *(.stab.indexstr)

.comment        0x00000000       0x6e
 *(.comment)
 .comment       0x00000000       0x6e ./system/src/stm32f4xx/stm32f4xx_hal.o
                                 0x6f (size before relaxing)
 .comment       0x0000006e       0x6f ./system/src/stm32f4xx/stm32f4xx_hal_adc.o
 .comment       0x0000006e       0x6f ./system/src/stm32f4xx/stm32f4xx_hal_adc_ex.o
 .comment       0x0000006e       0x6f ./system/src/stm32f4xx/stm32f4xx_hal_cortex.o
 .comment       0x0000006e       0x6f ./system/src/stm32f4xx/stm32f4xx_hal_crc.o
 .comment       0x0000006e       0x6f ./system/src/stm32f4xx/stm32f4xx_hal_dma.o
 .comment       0x0000006e       0x6f ./system/src/stm32f4xx/stm32f4xx_hal_gpio.o
 .comment       0x0000006e       0x6f ./system/src/stm32f4xx/stm32f4xx_hal_i2c.o
 .comment       0x0000006e       0x6f ./system/src/stm32f4xx/stm32f4xx_hal_rcc.o
 .comment       0x0000006e       0x6f ./system/src/stm32f4xx/stm32f4xx_hal_sd.o
 .comment       0x0000006e       0x6f ./system/src/stm32f4xx/stm32f4xx_hal_spi.o
 .comment       0x0000006e       0x6f ./system/src/stm32f4xx/stm32f4xx_hal_tim.o
 .comment       0x0000006e       0x6f ./system/src/stm32f4xx/stm32f4xx_hal_tim_ex.o
 .comment       0x0000006e       0x6f ./system/src/stm32f4xx/stm32f4xx_hal_uart.o
 .comment       0x0000006e       0x6f ./system/src/stm32f4xx/stm32f4xx_ll_sdmmc.o
 .comment       0x0000006e       0x6f ./system/src/newlib/_exit.o
 .comment       0x0000006e       0x6f ./system/src/newlib/_sbrk.o
 .comment       0x0000006e       0x6f ./system/src/newlib/_startup.o
 .comment       0x0000006e       0x6f ./system/src/newlib/_syscalls.o
 .comment       0x0000006e       0x6f ./system/src/diag/Trace.o
 .comment       0x0000006e       0x6f ./system/src/diag/trace_impl.o
 .comment       0x0000006e       0x6f ./system/src/cortexm/_initialize_hardware.o
 .comment       0x0000006e       0x6f ./system/src/cortexm/exception_handlers.o
 .comment       0x0000006e       0x6f ./system/src/cmsis/system_stm32f4xx.o
 .comment       0x0000006e       0x6f ./src/adc.o
 .comment       0x0000006e       0x6f ./src/bsp_driver_sd.o
 .comment       0x0000006e       0x6f ./src/crc.o
 .comment       0x0000006e       0x6f ./src/fatfs.o
 .comment       0x0000006e       0x6f ./src/gpio.o
 .comment       0x0000006e       0x6f ./src/hmc.o
 .comment       0x0000006e       0x6f ./src/i2c.o
 .comment       0x0000006e       0x6f ./src/lcd.o
 .comment       0x0000006e       0x6f ./src/main.o
 .comment       0x0000006e       0x6f ./src/payload.o
 .comment       0x0000006e       0x6f ./src/pressure.o
 .comment       0x0000006e       0x6f ./src/sdio.o
 .comment       0x0000006e       0x6f ./src/spi.o
 .comment       0x0000006e       0x6f ./src/stm32f4xx_hal_msp.o
 .comment       0x0000006e       0x6f ./src/stm32f4xx_it.o
 .comment       0x0000006e       0x6f ./src/tim.o
 .comment       0x0000006e       0x6f ./src/uart.o
 .comment       0x0000006e       0x6f ./src/usart.o
 .comment       0x0000006e       0x6f ./src/xbee.o
 .comment       0x0000006e       0x6f ./Middlewares/Third_Party/FatFs/src/drivers/sd_diskio.o
 .comment       0x0000006e       0x6f ./Middlewares/Third_Party/FatFs/src/diskio.o
 .comment       0x0000006e       0x6f ./Middlewares/Third_Party/FatFs/src/ff.o
 .comment       0x0000006e       0x6f ./Middlewares/Third_Party/FatFs/src/ff_gen_drv.o

.ARM.attributes
                0x00000000       0x31
 .ARM.attributes
                0x00000000       0x33 ./system/src/stm32f4xx/stm32f4xx_hal.o
 .ARM.attributes
                0x00000033       0x33 ./system/src/stm32f4xx/stm32f4xx_hal_adc.o
 .ARM.attributes
                0x00000066       0x33 ./system/src/stm32f4xx/stm32f4xx_hal_adc_ex.o
 .ARM.attributes
                0x00000099       0x33 ./system/src/stm32f4xx/stm32f4xx_hal_cortex.o
 .ARM.attributes
                0x000000cc       0x33 ./system/src/stm32f4xx/stm32f4xx_hal_crc.o
 .ARM.attributes
                0x000000ff       0x33 ./system/src/stm32f4xx/stm32f4xx_hal_dma.o
 .ARM.attributes
                0x00000132       0x33 ./system/src/stm32f4xx/stm32f4xx_hal_gpio.o
 .ARM.attributes
                0x00000165       0x33 ./system/src/stm32f4xx/stm32f4xx_hal_i2c.o
 .ARM.attributes
                0x00000198       0x33 ./system/src/stm32f4xx/stm32f4xx_hal_rcc.o
 .ARM.attributes
                0x000001cb       0x33 ./system/src/stm32f4xx/stm32f4xx_hal_sd.o
 .ARM.attributes
                0x000001fe       0x33 ./system/src/stm32f4xx/stm32f4xx_hal_spi.o
 .ARM.attributes
                0x00000231       0x33 ./system/src/stm32f4xx/stm32f4xx_hal_tim.o
 .ARM.attributes
                0x00000264       0x33 ./system/src/stm32f4xx/stm32f4xx_hal_tim_ex.o
 .ARM.attributes
                0x00000297       0x33 ./system/src/stm32f4xx/stm32f4xx_hal_uart.o
 .ARM.attributes
                0x000002ca       0x33 ./system/src/stm32f4xx/stm32f4xx_ll_sdmmc.o
 .ARM.attributes
                0x000002fd       0x33 ./system/src/newlib/_exit.o
 .ARM.attributes
                0x00000330       0x33 ./system/src/newlib/_sbrk.o
 .ARM.attributes
                0x00000363       0x33 ./system/src/newlib/_startup.o
 .ARM.attributes
                0x00000396       0x33 ./system/src/newlib/_syscalls.o
 .ARM.attributes
                0x000003c9       0x33 ./system/src/diag/Trace.o
 .ARM.attributes
                0x000003fc       0x33 ./system/src/diag/trace_impl.o
 .ARM.attributes
                0x0000042f       0x33 ./system/src/cortexm/_initialize_hardware.o
 .ARM.attributes
                0x00000462       0x33 ./system/src/cortexm/exception_handlers.o
 .ARM.attributes
                0x00000495       0x21 ./system/src/cmsis/startup_stm32f411xe.o
 .ARM.attributes
                0x000004b6       0x33 ./system/src/cmsis/system_stm32f4xx.o
 .ARM.attributes
                0x000004e9       0x33 ./src/adc.o
 .ARM.attributes
                0x0000051c       0x33 ./src/bsp_driver_sd.o
 .ARM.attributes
                0x0000054f       0x33 ./src/crc.o
 .ARM.attributes
                0x00000582       0x33 ./src/fatfs.o
 .ARM.attributes
                0x000005b5       0x33 ./src/gpio.o
 .ARM.attributes
                0x000005e8       0x33 ./src/hmc.o
 .ARM.attributes
                0x0000061b       0x33 ./src/i2c.o
 .ARM.attributes
                0x0000064e       0x33 ./src/lcd.o
 .ARM.attributes
                0x00000681       0x33 ./src/main.o
 .ARM.attributes
                0x000006b4       0x33 ./src/payload.o
 .ARM.attributes
                0x000006e7       0x33 ./src/pressure.o
 .ARM.attributes
                0x0000071a       0x33 ./src/sdio.o
 .ARM.attributes
                0x0000074d       0x33 ./src/spi.o
 .ARM.attributes
                0x00000780       0x33 ./src/stm32f4xx_hal_msp.o
 .ARM.attributes
                0x000007b3       0x33 ./src/stm32f4xx_it.o
 .ARM.attributes
                0x000007e6       0x33 ./src/tim.o
 .ARM.attributes
                0x00000819       0x33 ./src/uart.o
 .ARM.attributes
                0x0000084c       0x33 ./src/usart.o
 .ARM.attributes
                0x0000087f       0x33 ./src/xbee.o
 .ARM.attributes
                0x000008b2       0x33 ./Middlewares/Third_Party/FatFs/src/drivers/sd_diskio.o
 .ARM.attributes
                0x000008e5       0x33 ./Middlewares/Third_Party/FatFs/src/diskio.o
 .ARM.attributes
                0x00000918       0x33 ./Middlewares/Third_Party/FatFs/src/ff.o
 .ARM.attributes
                0x0000094b       0x33 ./Middlewares/Third_Party/FatFs/src/ff_gen_drv.o
 .ARM.attributes
                0x0000097e       0x2e c:/program files (x86)/gnu tools arm embedded/5.4 2016q3/bin/../lib/gcc/arm-none-eabi/5.4.1/../../../../arm-none-eabi/lib/armv7e-m\libm.a(lib_a-s_round.o)
 .ARM.attributes
                0x000009ac       0x2e c:/program files (x86)/gnu tools arm embedded/5.4 2016q3/bin/../lib/gcc/arm-none-eabi/5.4.1/../../../../arm-none-eabi/lib/armv7e-m\libm.a(lib_a-wf_atan2.o)
 .ARM.attributes
                0x000009da       0x2e c:/program files (x86)/gnu tools arm embedded/5.4 2016q3/bin/../lib/gcc/arm-none-eabi/5.4.1/../../../../arm-none-eabi/lib/armv7e-m\libm.a(lib_a-wf_pow.o)
 .ARM.attributes
                0x00000a08       0x2e c:/program files (x86)/gnu tools arm embedded/5.4 2016q3/bin/../lib/gcc/arm-none-eabi/5.4.1/../../../../arm-none-eabi/lib/armv7e-m\libm.a(lib_a-ef_atan2.o)
 .ARM.attributes
                0x00000a36       0x2e c:/program files (x86)/gnu tools arm embedded/5.4 2016q3/bin/../lib/gcc/arm-none-eabi/5.4.1/../../../../arm-none-eabi/lib/armv7e-m\libm.a(lib_a-ef_pow.o)
 .ARM.attributes
                0x00000a64       0x2e c:/program files (x86)/gnu tools arm embedded/5.4 2016q3/bin/../lib/gcc/arm-none-eabi/5.4.1/../../../../arm-none-eabi/lib/armv7e-m\libm.a(lib_a-ef_sqrt.o)
 .ARM.attributes
                0x00000a92       0x2e c:/program files (x86)/gnu tools arm embedded/5.4 2016q3/bin/../lib/gcc/arm-none-eabi/5.4.1/../../../../arm-none-eabi/lib/armv7e-m\libm.a(lib_a-s_lib_ver.o)
 .ARM.attributes
                0x00000ac0       0x2e c:/program files (x86)/gnu tools arm embedded/5.4 2016q3/bin/../lib/gcc/arm-none-eabi/5.4.1/../../../../arm-none-eabi/lib/armv7e-m\libm.a(lib_a-s_matherr.o)
 .ARM.attributes
                0x00000aee       0x2e c:/program files (x86)/gnu tools arm embedded/5.4 2016q3/bin/../lib/gcc/arm-none-eabi/5.4.1/../../../../arm-none-eabi/lib/armv7e-m\libm.a(lib_a-s_rint.o)
 .ARM.attributes
                0x00000b1c       0x2e c:/program files (x86)/gnu tools arm embedded/5.4 2016q3/bin/../lib/gcc/arm-none-eabi/5.4.1/../../../../arm-none-eabi/lib/armv7e-m\libm.a(lib_a-sf_atan.o)
 .ARM.attributes
                0x00000b4a       0x2e c:/program files (x86)/gnu tools arm embedded/5.4 2016q3/bin/../lib/gcc/arm-none-eabi/5.4.1/../../../../arm-none-eabi/lib/armv7e-m\libm.a(lib_a-sf_fabs.o)
 .ARM.attributes
                0x00000b78       0x2e c:/program files (x86)/gnu tools arm embedded/5.4 2016q3/bin/../lib/gcc/arm-none-eabi/5.4.1/../../../../arm-none-eabi/lib/armv7e-m\libm.a(lib_a-sf_finite.o)
 .ARM.attributes
                0x00000ba6       0x2e c:/program files (x86)/gnu tools arm embedded/5.4 2016q3/bin/../lib/gcc/arm-none-eabi/5.4.1/../../../../arm-none-eabi/lib/armv7e-m\libm.a(lib_a-sf_nan.o)
 .ARM.attributes
                0x00000bd4       0x2e c:/program files (x86)/gnu tools arm embedded/5.4 2016q3/bin/../lib/gcc/arm-none-eabi/5.4.1/../../../../arm-none-eabi/lib/armv7e-m\libm.a(lib_a-sf_scalbn.o)
 .ARM.attributes
                0x00000c02       0x2e c:/program files (x86)/gnu tools arm embedded/5.4 2016q3/bin/../lib/gcc/arm-none-eabi/5.4.1/../../../../arm-none-eabi/lib/armv7e-m\libm.a(lib_a-sf_copysign.o)
 .ARM.attributes
                0x00000c30       0x1e c:/program files (x86)/gnu tools arm embedded/5.4 2016q3/bin/../lib/gcc/arm-none-eabi/5.4.1/armv7e-m\libgcc.a(_arm_addsubdf3.o)
 .ARM.attributes
                0x00000c4e       0x1e c:/program files (x86)/gnu tools arm embedded/5.4 2016q3/bin/../lib/gcc/arm-none-eabi/5.4.1/armv7e-m\libgcc.a(_arm_muldivdf3.o)
 .ARM.attributes
                0x00000c6c       0x1e c:/program files (x86)/gnu tools arm embedded/5.4 2016q3/bin/../lib/gcc/arm-none-eabi/5.4.1/armv7e-m\libgcc.a(_arm_cmpdf2.o)
 .ARM.attributes
                0x00000c8a       0x1e c:/program files (x86)/gnu tools arm embedded/5.4 2016q3/bin/../lib/gcc/arm-none-eabi/5.4.1/armv7e-m\libgcc.a(_arm_fixdfsi.o)
 .ARM.attributes
                0x00000ca8       0x1e c:/program files (x86)/gnu tools arm embedded/5.4 2016q3/bin/../lib/gcc/arm-none-eabi/5.4.1/armv7e-m\libgcc.a(_arm_truncdfsf2.o)
 .ARM.attributes
                0x00000cc6       0x1e c:/program files (x86)/gnu tools arm embedded/5.4 2016q3/bin/../lib/gcc/arm-none-eabi/5.4.1/armv7e-m\libgcc.a(_arm_addsubsf3.o)
 .ARM.attributes
                0x00000ce4       0x1e c:/program files (x86)/gnu tools arm embedded/5.4 2016q3/bin/../lib/gcc/arm-none-eabi/5.4.1/armv7e-m\libgcc.a(_arm_muldivsf3.o)
 .ARM.attributes
                0x00000d02       0x1e c:/program files (x86)/gnu tools arm embedded/5.4 2016q3/bin/../lib/gcc/arm-none-eabi/5.4.1/armv7e-m\libgcc.a(_arm_cmpsf2.o)
 .ARM.attributes
                0x00000d20       0x1e c:/program files (x86)/gnu tools arm embedded/5.4 2016q3/bin/../lib/gcc/arm-none-eabi/5.4.1/armv7e-m\libgcc.a(_arm_unordsf2.o)
 .ARM.attributes
                0x00000d3e       0x1e c:/program files (x86)/gnu tools arm embedded/5.4 2016q3/bin/../lib/gcc/arm-none-eabi/5.4.1/armv7e-m\libgcc.a(_arm_fixsfsi.o)
 .ARM.attributes
                0x00000d5c       0x1e c:/program files (x86)/gnu tools arm embedded/5.4 2016q3/bin/../lib/gcc/arm-none-eabi/5.4.1/armv7e-m\libgcc.a(_arm_fixunssfsi.o)
 .ARM.attributes