Archive member included to satisfy reference by file (symbol)

c:/program files (x86)/gnu tools arm embedded/5.4 2016q3/bin/../lib/gcc/arm-none-eabi/5.4.1/../../../../arm-none-eabi/lib/armv7e-m\libm.a(lib_a-s_round.o)
                              ./src/hmc.o (round)
c:/program files (x86)/gnu tools arm embedded/5.4 2016q3/bin/../lib/gcc/arm-none-eabi/5.4.1/../../../../arm-none-eabi/lib/armv7e-m\libm.a(lib_a-wf_atan2.o)
                              ./src/hmc.o (atan2f)
c:/program files (x86)/gnu tools arm embedded/5.4 2016q3/bin/../lib/gcc/arm-none-eabi/5.4.1/../../../../arm-none-eabi/lib/armv7e-m\libm.a(lib_a-wf_pow.o)
                              ./src/pressure.o (powf)
c:/program files (x86)/gnu tools arm embedded/5.4 2016q3/bin/../lib/gcc/arm-none-eabi/5.4.1/../../../../arm-none-eabi/lib/armv7e-m\libm.a(lib_a-ef_atan2.o)
                              c:/program files (x86)/gnu tools arm embedded/5.4 2016q3/bin/../lib/gcc/arm-none-eabi/5.4.1/../../../../arm-none-eabi/lib/armv7e-m\libm.a(lib_a-wf_atan2.o) (__ieee754_atan2f)
c:/program files (x86)/gnu tools arm embedded/5.4 2016q3/bin/../lib/gcc/arm-none-eabi/5.4.1/../../../../arm-none-eabi/lib/armv7e-m\libm.a(lib_a-ef_pow.o)
                              c:/program files (x86)/gnu tools arm embedded/5.4 2016q3/bin/../lib/gcc/arm-none-eabi/5.4.1/../../../../arm-none-eabi/lib/armv7e-m\libm.a(lib_a-wf_pow.o) (__ieee754_powf)
c:/program files (x86)/gnu tools arm embedded/5.4 2016q3/bin/../lib/gcc/arm-none-eabi/5.4.1/../../../../arm-none-eabi/lib/armv7e-m\libm.a(lib_a-ef_sqrt.o)
                              c:/program files (x86)/gnu tools arm embedded/5.4 2016q3/bin/../lib/gcc/arm-none-eabi/5.4.1/../../../../arm-none-eabi/lib/armv7e-m\libm.a(lib_a-ef_pow.o) (__ieee754_sqrtf)
c:/program files (x86)/gnu tools arm embedded/5.4 2016q3/bin/../lib/gcc/arm-none-eabi/5.4.1/../../../../arm-none-eabi/lib/armv7e-m\libm.a(lib_a-s_lib_ver.o)
                              c:/program files (x86)/gnu tools arm embedded/5.4 2016q3/bin/../lib/gcc/arm-none-eabi/5.4.1/../../../../arm-none-eabi/lib/armv7e-m\libm.a(lib_a-wf_pow.o) (__fdlib_version)
c:/program files (x86)/gnu tools arm embedded/5.4 2016q3/bin/../lib/gcc/arm-none-eabi/5.4.1/../../../../arm-none-eabi/lib/armv7e-m\libm.a(lib_a-s_matherr.o)
                              c:/program files (x86)/gnu tools arm embedded/5.4 2016q3/bin/../lib/gcc/arm-none-eabi/5.4.1/../../../../arm-none-eabi/lib/armv7e-m\libm.a(lib_a-wf_pow.o) (matherr)
c:/program files (x86)/gnu tools arm embedded/5.4 2016q3/bin/../lib/gcc/arm-none-eabi/5.4.1/../../../../arm-none-eabi/lib/armv7e-m\libm.a(lib_a-s_rint.o)
                              c:/program files (x86)/gnu tools arm embedded/5.4 2016q3/bin/../lib/gcc/arm-none-eabi/5.4.1/../../../../arm-none-eabi/lib/armv7e-m\libm.a(lib_a-wf_pow.o) (rint)
c:/program files (x86)/gnu tools arm embedded/5.4 2016q3/bin/../lib/gcc/arm-none-eabi/5.4.1/../../../../arm-none-eabi/lib/armv7e-m\libm.a(lib_a-sf_atan.o)
                              c:/program files (x86)/gnu tools arm embedded/5.4 2016q3/bin/../lib/gcc/arm-none-eabi/5.4.1/../../../../arm-none-eabi/lib/armv7e-m\libm.a(lib_a-ef_atan2.o) (atanf)
c:/program files (x86)/gnu tools arm embedded/5.4 2016q3/bin/../lib/gcc/arm-none-eabi/5.4.1/../../../../arm-none-eabi/lib/armv7e-m\libm.a(lib_a-sf_fabs.o)
                              c:/program files (x86)/gnu tools arm embedded/5.4 2016q3/bin/../lib/gcc/arm-none-eabi/5.4.1/../../../../arm-none-eabi/lib/armv7e-m\libm.a(lib_a-ef_atan2.o) (fabsf)
c:/program files (x86)/gnu tools arm embedded/5.4 2016q3/bin/../lib/gcc/arm-none-eabi/5.4.1/../../../../arm-none-eabi/lib/armv7e-m\libm.a(lib_a-sf_finite.o)
                              c:/program files (x86)/gnu tools arm embedded/5.4 2016q3/bin/../lib/gcc/arm-none-eabi/5.4.1/../../../../arm-none-eabi/lib/armv7e-m\libm.a(lib_a-wf_pow.o) (finitef)
c:/program files (x86)/gnu tools arm embedded/5.4 2016q3/bin/../lib/gcc/arm-none-eabi/5.4.1/../../../../arm-none-eabi/lib/armv7e-m\libm.a(lib_a-sf_nan.o)
                              c:/program files (x86)/gnu tools arm embedded/5.4 2016q3/bin/../lib/gcc/arm-none-eabi/5.4.1/../../../../arm-none-eabi/lib/armv7e-m\libm.a(lib_a-ef_pow.o) (nanf)
c:/program files (x86)/gnu tools arm embedded/5.4 2016q3/bin/../lib/gcc/arm-none-eabi/5.4.1/../../../../arm-none-eabi/lib/armv7e-m\libm.a(lib_a-sf_scalbn.o)
                              c:/program files (x86)/gnu tools arm embedded/5.4 2016q3/bin/../lib/gcc/arm-none-eabi/5.4.1/../../../../arm-none-eabi/lib/armv7e-m\libm.a(lib_a-ef_pow.o) (scalbnf)
c:/program files (x86)/gnu tools arm embedded/5.4 2016q3/bin/../lib/gcc/arm-none-eabi/5.4.1/../../../../arm-none-eabi/lib/armv7e-m\libm.a(lib_a-sf_copysign.o)
                              c:/program files (x86)/gnu tools arm embedded/5.4 2016q3/bin/../lib/gcc/arm-none-eabi/5.4.1/../../../../arm-none-eabi/lib/armv7e-m\libm.a(lib_a-sf_scalbn.o) (copysignf)
[...]
Memory Configuration

Name             Origin             Length             Attributes
FLASH            0x08000000         0x00080000         xr
RAM              0x20000000         0x00020000         xrw
CCMRAM           0x10000000         0x00000000         xrw
FLASHB1          0x00000000         0x00000000         xr
EXTMEMB0         0x00000000         0x00000000         xr
EXTMEMB1         0x00000000         0x00000000         xr
EXTMEMB2         0x00000000         0x00000000         xr
EXTMEMB3         0x00000000         0x00000000         xr
*default*        0x00000000         0xffffffff

Linker script and memory map

LOAD ./system/src/stm32f4xx/stm32f4xx_hal.o
LOAD ./system/src/stm32f4xx/stm32f4xx_hal_adc.o
LOAD ./system/src/stm32f4xx/stm32f4xx_hal_adc_ex.o
LOAD ./system/src/stm32f4xx/stm32f4xx_hal_cortex.o
LOAD ./system/src/stm32f4xx/stm32f4xx_hal_crc.o
LOAD ./system/src/stm32f4xx/stm32f4xx_hal_dma.o
LOAD ./system/src/stm32f4xx/stm32f4xx_hal_dma_ex.o
LOAD ./system/src/stm32f4xx/stm32f4xx_hal_flash.o
LOAD ./system/src/stm32f4xx/stm32f4xx_hal_flash_ex.o
LOAD ./system/src/stm32f4xx/stm32f4xx_hal_flash_ramfunc.o
LOAD ./system/src/stm32f4xx/stm32f4xx_hal_gpio.o
LOAD ./system/src/stm32f4xx/stm32f4xx_hal_i2c.o
LOAD ./system/src/stm32f4xx/stm32f4xx_hal_i2c_ex.o
LOAD ./system/src/stm32f4xx/stm32f4xx_hal_pwr.o
LOAD ./system/src/stm32f4xx/stm32f4xx_hal_pwr_ex.o
LOAD ./system/src/stm32f4xx/stm32f4xx_hal_rcc.o
LOAD ./system/src/stm32f4xx/stm32f4xx_hal_rcc_ex.o
LOAD ./system/src/stm32f4xx/stm32f4xx_hal_tim.o
LOAD ./system/src/stm32f4xx/stm32f4xx_hal_tim_ex.o
LOAD ./system/src/stm32f4xx/stm32f4xx_hal_uart.o
LOAD ./system/src/newlib/_cxx.o
LOAD ./system/src/newlib/_exit.o
LOAD ./system/src/newlib/_sbrk.o
LOAD ./system/src/newlib/_startup.o
LOAD ./system/src/newlib/_syscalls.o
LOAD ./system/src/newlib/assert.o
LOAD ./system/src/diag/Trace.o
LOAD ./system/src/diag/trace_impl.o
LOAD ./system/src/cortexm/_initialize_hardware.o
LOAD ./system/src/cortexm/_reset_hardware.o
LOAD ./system/src/cortexm/exception_handlers.o
LOAD ./system/src/cmsis/startup_stm32f411xe.o
LOAD ./system/src/cmsis/system_stm32f4xx.o
LOAD ./src/adc.o
LOAD ./src/crc.o
LOAD ./src/gpio.o
LOAD ./src/hmc.o
LOAD ./src/i2c.o
LOAD ./src/lcd.o
LOAD ./src/main.o
LOAD ./src/payload.o
LOAD ./src/pressure.o
LOAD ./src/stm32f4xx_hal_msp.o
LOAD ./src/stm32f4xx_it.o
LOAD ./src/uart.o
LOAD ./src/usart.o
LOAD ./src/xbee.o
LOAD c:/program files (x86)/gnu tools arm embedded/5.4 2016q3/bin/../lib/gcc/arm-none-eabi/5.4.1/../../../../arm-none-eabi/lib/armv7e-m\libstdc++_nano.a
LOAD c:/program files (x86)/gnu tools arm embedded/5.4 2016q3/bin/../lib/gcc/arm-none-eabi/5.4.1/../../../../arm-none-eabi/lib/armv7e-m\libm.a
START GROUP
LOAD c:/program files (x86)/gnu tools arm embedded/5.4 2016q3/bin/../lib/gcc/arm-none-eabi/5.4.1/armv7e-m\libgcc.a
LOAD c:/program files (x86)/gnu tools arm embedded/5.4 2016q3/bin/../lib/gcc/arm-none-eabi/5.4.1/../../../../arm-none-eabi/lib/armv7e-m\libg_nano.a
LOAD c:/program files (x86)/gnu tools arm embedded/5.4 2016q3/bin/../lib/gcc/arm-none-eabi/5.4.1/../../../../arm-none-eabi/lib/armv7e-m\libc_nano.a
END GROUP
START GROUP
LOAD c:/program files (x86)/gnu tools arm embedded/5.4 2016q3/bin/../lib/gcc/arm-none-eabi/5.4.1/armv7e-m\libgcc.a
LOAD c:/program files (x86)/gnu tools arm embedded/5.4 2016q3/bin/../lib/gcc/arm-none-eabi/5.4.1/../../../../arm-none-eabi/lib/armv7e-m\libc_nano.a
END GROUP
                0x20020000                __stack = (ORIGIN (RAM) + LENGTH (RAM))
                0x20020000                _estack = __stack
                0x00000400                __Main_Stack_Size = 0x400
                [!provide]                PROVIDE (_Main_Stack_Size, __Main_Stack_Size)
                0x2001fc00                __Main_Stack_Limit = (__stack - __Main_Stack_Size)
                [!provide]                PROVIDE (_Main_Stack_Limit, __Main_Stack_Limit)
                0x00000100                _Minimum_Stack_Size = 0x100
                0x2000107c                PROVIDE (_Heap_Begin, _end_noinit)
                0x2001fc00                PROVIDE (_Heap_Limit, (__stack - __Main_Stack_Size))

.isr_vector     0x08000000      0x3dc
 FILL mask 0xff
                0x08000000                __vectors_start = ABSOLUTE (.)
                0x08000000                __vectors_start__ = ABSOLUTE (.)
 *(.isr_vector)
 .isr_vector    0x08000000      0x198 ./system/src/cmsis/startup_stm32f411xe.o
                0x08000000                g_pfnVectors
 *(.cfmconfig)
 *(.after_vectors .after_vectors.*)
 .after_vectors
                0x08000198      0x114 ./system/src/newlib/_startup.o
                0x08000198                _start
 .after_vectors
                0x080002ac      0x130 ./system/src/cortexm/exception_handlers.o
                0x080002ac                Reset_Handler
                0x080002b4                NMI_Handler
                0x080002b8                HardFault_Handler
                0x080002cc                HardFault_Handler_C
                0x0800032c                MemManage_Handler
                0x08000330                BusFault_Handler
                0x08000344                BusFault_Handler_C
                0x08000378                UsageFault_Handler
                0x0800038c                UsageFault_Handler_C
                0x080003c0                SVC_Handler
                0x080003c4                DebugMon_Handler
                0x080003c8                PendSV_Handler

.inits          0x080003dc       0x28
                0x080003dc                __data_regions_array_start = .
                0x080003dc        0x4 LONG 0x8007324 LOADADDR (.data)
                0x080003e0        0x4 LONG 0x20000000 ADDR (.data)
                0x080003e4        0x4 LONG 0x200000a8 (ADDR (.data) + SIZEOF (.data))
                0x080003e8        0x4 LONG 0x8007324 LOADADDR (.data_CCMRAM)
                0x080003ec        0x4 LONG 0x10000000 ADDR (.data_CCMRAM)
                0x080003f0        0x4 LONG 0x10000000 (ADDR (.data_CCMRAM) + SIZEOF (.data_CCMRAM))
                0x080003f4                __data_regions_array_end = .
                0x080003f4                __bss_regions_array_start = .
                0x080003f4        0x4 LONG 0x200000a8 ADDR (.bss)
                0x080003f8        0x4 LONG 0x2000107c (ADDR (.bss) + SIZEOF (.bss))
                0x080003fc        0x4 LONG 0x10000000 ADDR (.bss_CCMRAM)
                0x08000400        0x4 LONG 0x10000000 (ADDR (.bss_CCMRAM) + SIZEOF (.bss_CCMRAM))
                0x08000404                __bss_regions_array_end = .
 *(.init)
 *(.fini)
                0x08000404                . = ALIGN (0x4)
                0x08000404                PROVIDE (__preinit_array_start, .)
 *(.preinit_array_sysinit .preinit_array_sysinit.*)
 *(.preinit_array_platform .preinit_array_platform.*)
 *(.preinit_array .preinit_array.*)
                0x08000404                PROVIDE (__preinit_array_end, .)
                0x08000404                . = ALIGN (0x4)
                0x08000404                PROVIDE (__init_array_start, .)
 *(SORT(.init_array.*))
 *(.init_array)
                0x08000404                PROVIDE (__init_array_end, .)
                0x08000404                . = ALIGN (0x4)
                0x08000404                PROVIDE (__fini_array_start, .)
 *(SORT(.fini_array.*))
 *(.fini_array)
                0x08000404                PROVIDE (__fini_array_end, .)

.flashtext
 *(.flashtext .flashtext.*)

.text           0x08000410     0x6f13
 *(.text .text.*)
 .text.HAL_InitTick
                0x08000410       0x2c ./system/src/stm32f4xx/stm32f4xx_hal.o
                0x08000410                HAL_InitTick
 .text.HAL_Init
                0x0800043c       0x34 ./system/src/stm32f4xx/stm32f4xx_hal.o
                0x0800043c                HAL_Init
 .text.HAL_IncTick
                0x08000470       0x10 ./system/src/stm32f4xx/stm32f4xx_hal.o
                0x08000470                HAL_IncTick
 .text.HAL_GetTick
                0x08000480        0xc ./system/src/stm32f4xx/stm32f4xx_hal.o
                0x08000480                HAL_GetTick
 .text.HAL_Delay
                0x0800048c       0x1c ./system/src/stm32f4xx/stm32f4xx_hal.o
                0x0800048c                HAL_Delay
 .text.ADC_Init
                0x080004a8      0x138 ./system/src/stm32f4xx/stm32f4xx_hal_adc.o
 .text.HAL_ADC_Init
                0x080005e0       0x54 ./system/src/stm32f4xx/stm32f4xx_hal_adc.o
                0x080005e0                HAL_ADC_Init
 .text.HAL_ADC_Start_IT
                0x08000634      0x108 ./system/src/stm32f4xx/stm32f4xx_hal_adc.o
                0x08000634                HAL_ADC_Start_IT
 .text.HAL_ADC_GetValue
                0x0800073c        0x8 ./system/src/stm32f4xx/stm32f4xx_hal_adc.o
                0x0800073c                HAL_ADC_GetValue
 .text.HAL_ADC_LevelOutOfWindowCallback
                0x08000744        0x4 ./system/src/stm32f4xx/stm32f4xx_hal_adc.o
                0x08000744                HAL_ADC_LevelOutOfWindowCallback
 .text.HAL_ADC_ErrorCallback
                0x08000748        0x4 ./system/src/stm32f4xx/stm32f4xx_hal_adc.o
                0x08000748                HAL_ADC_ErrorCallback
 .text.HAL_ADC_IRQHandler
                0x0800074c      0x14c ./system/src/stm32f4xx/stm32f4xx_hal_adc.o
                0x0800074c                HAL_ADC_IRQHandler
 .text.HAL_ADC_ConfigChannel
                0x08000898      0x190 ./system/src/stm32f4xx/stm32f4xx_hal_adc.o
                0x08000898                HAL_ADC_ConfigChannel
 .text.HAL_ADCEx_InjectedConvCpltCallback
                0x08000a28        0x4 ./system/src/stm32f4xx/stm32f4xx_hal_adc_ex.o
                0x08000a28                HAL_ADCEx_InjectedConvCpltCallback
 .text.HAL_NVIC_SetPriorityGrouping
                0x08000a2c       0x24 ./system/src/stm32f4xx/stm32f4xx_hal_cortex.o
                0x08000a2c                HAL_NVIC_SetPriorityGrouping
 .text.HAL_NVIC_SetPriority
                0x08000a50       0x64 ./system/src/stm32f4xx/stm32f4xx_hal_cortex.o
                0x08000a50                HAL_NVIC_SetPriority
 .text.HAL_NVIC_EnableIRQ
                0x08000ab4       0x18 ./system/src/stm32f4xx/stm32f4xx_hal_cortex.o
                0x08000ab4                HAL_NVIC_EnableIRQ
 .text.HAL_SYSTICK_Config
                0x08000acc       0x2c ./system/src/stm32f4xx/stm32f4xx_hal_cortex.o
                0x08000acc                HAL_SYSTICK_Config
 .text.HAL_SYSTICK_CLKSourceConfig
                0x08000af8       0x20 ./system/src/stm32f4xx/stm32f4xx_hal_cortex.o
                0x08000af8                HAL_SYSTICK_CLKSourceConfig
 .text.HAL_SYSTICK_IRQHandler
                0x08000b18        0x8 ./system/src/stm32f4xx/stm32f4xx_hal_cortex.o
                0x08000b18                HAL_SYSTICK_IRQHandler
 .text.HAL_CRC_Init
                0x08000b20       0x28 ./system/src/stm32f4xx/stm32f4xx_hal_crc.o
                0x08000b20                HAL_CRC_Init
 .text.HAL_DMA_Abort_IT
                0x08000b48       0x28 ./system/src/stm32f4xx/stm32f4xx_hal_dma.o
                0x08000b48                HAL_DMA_Abort_IT
 .text.HAL_GPIO_Init
                0x08000b70      0x19c ./system/src/stm32f4xx/stm32f4xx_hal_gpio.o
                0x08000b70                HAL_GPIO_Init
 .text.HAL_GPIO_ReadPin
                0x08000d0c       0x10 ./system/src/stm32f4xx/stm32f4xx_hal_gpio.o
                0x08000d0c                HAL_GPIO_ReadPin
 .text.HAL_GPIO_WritePin
                0x08000d1c        0xc ./system/src/stm32f4xx/stm32f4xx_hal_gpio.o
                0x08000d1c                HAL_GPIO_WritePin
 .text.HAL_GPIO_TogglePin
                0x08000d28        0x8 ./system/src/stm32f4xx/stm32f4xx_hal_gpio.o
                0x08000d28                HAL_GPIO_TogglePin
 .text.I2C_Master_SB
                0x08000d30       0x84 ./system/src/stm32f4xx/stm32f4xx_hal_i2c.o
 .text.I2C_Master_ADD10
                0x08000db4        0xc ./system/src/stm32f4xx/stm32f4xx_hal_i2c.o
 .text.I2C_Master_ADDR
                0x08000dc0      0x1cc ./system/src/stm32f4xx/stm32f4xx_hal_i2c.o
 .text.I2C_SlaveTransmit_BTF
                0x08000f8c       0x20 ./system/src/stm32f4xx/stm32f4xx_hal_i2c.o
 .text.I2C_SlaveReceive_BTF
                0x08000fac       0x20 ./system/src/stm32f4xx/stm32f4xx_hal_i2c.o
 .text.I2C_IsAcknowledgeFailed
                0x08000fcc       0x2c ./system/src/stm32f4xx/stm32f4xx_hal_i2c.o
 .text.I2C_WaitOnFlagUntilTimeout
                0x08000ff8       0x68 ./system/src/stm32f4xx/stm32f4xx_hal_i2c.o
 .text.I2C_WaitOnMasterAddressFlagUntilTimeout
                0x08001060       0x94 ./system/src/stm32f4xx/stm32f4xx_hal_i2c.o
 .text.I2C_MasterRequestWrite
                0x080010f4       0xbc ./system/src/stm32f4xx/stm32f4xx_hal_i2c.o
 .text.I2C_MasterRequestRead
                0x080011b0      0x120 ./system/src/stm32f4xx/stm32f4xx_hal_i2c.o
 .text.I2C_WaitOnTXEFlagUntilTimeout
                0x080012d0       0x50 ./system/src/stm32f4xx/stm32f4xx_hal_i2c.o
 .text.I2C_WaitOnBTFFlagUntilTimeout
                0x08001320       0x50 ./system/src/stm32f4xx/stm32f4xx_hal_i2c.o
 .text.I2C_WaitOnRXNEFlagUntilTimeout
                0x08001370       0x60 ./system/src/stm32f4xx/stm32f4xx_hal_i2c.o
 .text.HAL_I2C_Init
                0x080013d0      0x11c ./system/src/stm32f4xx/stm32f4xx_hal_i2c.o
                0x080013d0                HAL_I2C_Init
 .text.HAL_I2C_Master_Transmit
                0x080014ec      0x180 ./system/src/stm32f4xx/stm32f4xx_hal_i2c.o
                0x080014ec                HAL_I2C_Master_Transmit
 .text.HAL_I2C_Master_Receive
                0x0800166c      0x300 ./system/src/stm32f4xx/stm32f4xx_hal_i2c.o
                0x0800166c                HAL_I2C_Master_Receive
 .text.HAL_I2C_MasterTxCpltCallback
                0x0800196c        0x4 ./system/src/stm32f4xx/stm32f4xx_hal_i2c.o
                0x0800196c                HAL_I2C_MasterTxCpltCallback
 .text.HAL_I2C_MasterRxCpltCallback
                0x08001970        0x4 ./system/src/stm32f4xx/stm32f4xx_hal_i2c.o
                0x08001970                HAL_I2C_MasterRxCpltCallback
 .text.HAL_I2C_SlaveTxCpltCallback
                0x08001974        0x4 ./system/src/stm32f4xx/stm32f4xx_hal_i2c.o
                0x08001974                HAL_I2C_SlaveTxCpltCallback
 .text.I2C_SlaveTransmit_TXE
                0x08001978       0x50 ./system/src/stm32f4xx/stm32f4xx_hal_i2c.o
 .text.HAL_I2C_SlaveRxCpltCallback
                0x080019c8        0x4 ./system/src/stm32f4xx/stm32f4xx_hal_i2c.o
                0x080019c8                HAL_I2C_SlaveRxCpltCallback
 .text.I2C_SlaveReceive_RXNE
                0x080019cc       0x4c ./system/src/stm32f4xx/stm32f4xx_hal_i2c.o
 .text.HAL_I2C_AddrCallback
                0x08001a18        0x4 ./system/src/stm32f4xx/stm32f4xx_hal_i2c.o
                0x08001a18                HAL_I2C_AddrCallback
 .text.I2C_Slave_ADDR
                0x08001a1c       0x28 ./system/src/stm32f4xx/stm32f4xx_hal_i2c.o
 .text.HAL_I2C_ListenCpltCallback
                0x08001a44        0x4 ./system/src/stm32f4xx/stm32f4xx_hal_i2c.o
                0x08001a44                HAL_I2C_ListenCpltCallback
 .text.I2C_Slave_AF
                0x08001a48       0x94 ./system/src/stm32f4xx/stm32f4xx_hal_i2c.o
 .text.HAL_I2C_MemTxCpltCallback
                0x08001adc        0x4 ./system/src/stm32f4xx/stm32f4xx_hal_i2c.o
                0x08001adc                HAL_I2C_MemTxCpltCallback
 .text.I2C_MasterTransmit_TXE
                0x08001ae0      0x14c ./system/src/stm32f4xx/stm32f4xx_hal_i2c.o
 .text.I2C_MasterTransmit_BTF
                0x08001c2c       0x9c ./system/src/stm32f4xx/stm32f4xx_hal_i2c.o
 .text.HAL_I2C_MemRxCpltCallback
                0x08001cc8        0x4 ./system/src/stm32f4xx/stm32f4xx_hal_i2c.o
                0x08001cc8                HAL_I2C_MemRxCpltCallback
 .text.I2C_MasterReceive_RXNE
                0x08001ccc       0xd0 ./system/src/stm32f4xx/stm32f4xx_hal_i2c.o
 .text.I2C_MasterReceive_BTF
                0x08001d9c       0xf8 ./system/src/stm32f4xx/stm32f4xx_hal_i2c.o
 .text.HAL_I2C_ErrorCallback
                0x08001e94        0x4 ./system/src/stm32f4xx/stm32f4xx_hal_i2c.o
                0x08001e94                HAL_I2C_ErrorCallback
 .text.HAL_I2C_AbortCpltCallback
                0x08001e98        0x4 ./system/src/stm32f4xx/stm32f4xx_hal_i2c.o
                0x08001e98                HAL_I2C_AbortCpltCallback
 .text.I2C_ITError
                0x08001e9c      0x14c ./system/src/stm32f4xx/stm32f4xx_hal_i2c.o
 .text.I2C_Slave_STOPF
                0x08001fe8      0x104 ./system/src/stm32f4xx/stm32f4xx_hal_i2c.o
 .text.HAL_I2C_EV_IRQHandler
                0x080020ec      0x160 ./system/src/stm32f4xx/stm32f4xx_hal_i2c.o
                0x080020ec                HAL_I2C_EV_IRQHandler
 .text.HAL_I2C_ER_IRQHandler
                0x0800224c       0xcc ./system/src/stm32f4xx/stm32f4xx_hal_i2c.o
                0x0800224c                HAL_I2C_ER_IRQHandler
 .text.I2C_DMAAbort
                0x08002318       0x60 ./system/src/stm32f4xx/stm32f4xx_hal_i2c.o
 .text.HAL_RCC_OscConfig
                0x08002378      0x3c8 ./system/src/stm32f4xx/stm32f4xx_hal_rcc.o
                0x08002378                HAL_RCC_OscConfig
 .text.HAL_RCC_GetSysClockFreq
                0x08002740       0xa0 ./system/src/stm32f4xx/stm32f4xx_hal_rcc.o
                0x08002740                HAL_RCC_GetSysClockFreq
 .text.HAL_RCC_ClockConfig
                0x080027e0      0x1b0 ./system/src/stm32f4xx/stm32f4xx_hal_rcc.o
                0x080027e0                HAL_RCC_ClockConfig
 .text.HAL_RCC_GetHCLKFreq
                0x08002990        0xc ./system/src/stm32f4xx/stm32f4xx_hal_rcc.o
                0x08002990                HAL_RCC_GetHCLKFreq
 .text.HAL_RCC_GetPCLK1Freq
                0x0800299c       0x30 ./system/src/stm32f4xx/stm32f4xx_hal_rcc.o
                0x0800299c                HAL_RCC_GetPCLK1Freq
 .text.HAL_RCC_GetPCLK2Freq
                0x080029cc       0x30 ./system/src/stm32f4xx/stm32f4xx_hal_rcc.o
                0x080029cc                HAL_RCC_GetPCLK2Freq
 .text.UART_SetConfig
                0x080029fc      0x32c ./system/src/stm32f4xx/stm32f4xx_hal_uart.o
 .text.UART_WaitOnFlagUntilTimeout
                0x08002d28       0x68 ./system/src/stm32f4xx/stm32f4xx_hal_uart.o
 .text.HAL_UART_Init
                0x08002d90       0x64 ./system/src/stm32f4xx/stm32f4xx_hal_uart.o
                0x08002d90                HAL_UART_Init
 .text.HAL_UART_Transmit
                0x08002df4       0xe4 ./system/src/stm32f4xx/stm32f4xx_hal_uart.o
                0x08002df4                HAL_UART_Transmit
 .text._exit    0x08002ed8        0x4 ./system/src/newlib/_exit.o
                0x08002ed8                _exit
 .text._sbrk    0x08002edc       0x44 ./system/src/newlib/_sbrk.o
                0x08002edc                _sbrk
 .text.__initialize_args
                0x08002f20       0x10 ./system/src/newlib/_syscalls.o
                0x08002f20                __initialize_args
 .text.trace_printf
                0x08002f30       0x30 ./system/src/diag/Trace.o
                0x08002f30                trace_printf
 .text._trace_write_semihosting_debug
                0x08002f60       0x64 ./system/src/diag/trace_impl.o
 .text.trace_write
                0x08002fc4        0x8 ./system/src/diag/trace_impl.o
                0x08002fc4                trace_write
 .text.__initialize_hardware_early
                0x08002fcc       0x18 ./system/src/cortexm/_initialize_hardware.o
                0x08002fcc                __initialize_hardware_early
 .text.__initialize_hardware
                0x08002fe4        0x8 ./system/src/cortexm/_initialize_hardware.o
                0x08002fe4                __initialize_hardware
 .text.dumpExceptionStack
                0x08002fec       0xf0 ./system/src/cortexm/exception_handlers.o
                0x08002fec                dumpExceptionStack
 .text.isSemihosting
                0x080030dc       0x20 ./system/src/cortexm/exception_handlers.o
                0x080030dc                isSemihosting
 .text.Default_Handler
                0x080030fc        0x2 ./system/src/cmsis/startup_stm32f411xe.o
                0x080030fc                RTC_Alarm_IRQHandler
                0x080030fc                EXTI2_IRQHandler
                0x080030fc                SPI4_IRQHandler
                0x080030fc                TIM1_CC_IRQHandler
                0x080030fc                DMA2_Stream5_IRQHandler
                0x080030fc                DMA1_Stream5_IRQHandler
                0x080030fc                PVD_IRQHandler
                0x080030fc                SDIO_IRQHandler
                0x080030fc                TAMP_STAMP_IRQHandler
                0x080030fc                EXTI3_IRQHandler
                0x080030fc                TIM1_UP_TIM10_IRQHandler
                0x080030fc                I2C3_ER_IRQHandler
                0x080030fc                EXTI0_IRQHandler
                0x080030fc                I2C2_EV_IRQHandler
                0x080030fc                DMA1_Stream2_IRQHandler
                0x080030fc                FPU_IRQHandler
                0x080030fc                DMA2_Stream2_IRQHandler
                0x080030fc                SPI1_IRQHandler
                0x080030fc                TIM1_BRK_TIM9_IRQHandler
                0x080030fc                DMA2_Stream3_IRQHandler
                0x080030fc                DMA2_Stream0_IRQHandler
                0x080030fc                TIM4_IRQHandler
                0x080030fc                DMA1_Stream6_IRQHandler
                0x080030fc                DMA1_Stream1_IRQHandler
                0x080030fc                TIM3_IRQHandler
                0x080030fc                RCC_IRQHandler
                0x080030fc                Default_Handler
                0x080030fc                EXTI15_10_IRQHandler
                0x080030fc                DMA1_Stream7_IRQHandler
                0x080030fc                SPI5_IRQHandler
                0x080030fc                TIM5_IRQHandler
                0x080030fc                DMA2_Stream7_IRQHandler
                0x080030fc                I2C3_EV_IRQHandler
                0x080030fc                EXTI9_5_IRQHandler
                0x080030fc                RTC_WKUP_IRQHandler
                0x080030fc                SPI2_IRQHandler
                0x080030fc                DMA1_Stream0_IRQHandler
                0x080030fc                EXTI4_IRQHandler
                0x080030fc                WWDG_IRQHandler
                0x080030fc                TIM2_IRQHandler
                0x080030fc                OTG_FS_WKUP_IRQHandler
                0x080030fc                TIM1_TRG_COM_TIM11_IRQHandler
                0x080030fc                EXTI1_IRQHandler
                0x080030fc                I2C2_ER_IRQHandler
                0x080030fc                DMA2_Stream1_IRQHandler
                0x080030fc                FLASH_IRQHandler
                0x080030fc                DMA2_Stream4_IRQHandler
                0x080030fc                USART1_IRQHandler
                0x080030fc                OTG_FS_IRQHandler
                0x080030fc                SPI3_IRQHandler
                0x080030fc                DMA1_Stream4_IRQHandler
                0x080030fc                DMA2_Stream6_IRQHandler
                0x080030fc                DMA1_Stream3_IRQHandler
 *fill*         0x080030fe        0x2 
 .text.SystemInit
                0x08003100       0x40 ./system/src/cmsis/system_stm32f4xx.o
                0x08003100                SystemInit
 .text.SystemCoreClockUpdate
                0x08003140       0xa0 ./system/src/cmsis/system_stm32f4xx.o
                0x08003140                SystemCoreClockUpdate
 .text.MX_ADC1_Init
                0x080031e0       0x60 ./src/adc.o
                0x080031e0                MX_ADC1_Init
 .text.HAL_ADC_MspInit
                0x08003240       0x54 ./src/adc.o
                0x08003240                HAL_ADC_MspInit
 .text.HAL_ADC_ConvCpltCallback
                0x08003294        0xc ./src/adc.o
                0x08003294                HAL_ADC_ConvCpltCallback
 .text.MX_CRC_Init
                0x080032a0       0x1c ./src/crc.o
                0x080032a0                MX_CRC_Init
 .text.HAL_CRC_MspInit
                0x080032bc       0x30 ./src/crc.o
                0x080032bc                HAL_CRC_MspInit
 .text.MX_GPIO_Init
                0x080032ec       0xbc ./src/gpio.o
                0x080032ec                MX_GPIO_Init
 .text.map      0x080033a8       0x3c ./src/hmc.o
                0x080033a8                map
 *fill*         0x080033e4        0x4 
 .text.HMC_calculate
                0x080033e8      0x15c ./src/hmc.o
                0x080033e8                HMC_calculate
 .text.MX_I2C1_Init
                0x08003544       0x38 ./src/i2c.o
                0x08003544                MX_I2C1_Init
 .text.HAL_I2C_MspInit
                0x0800357c       0x74 ./src/i2c.o
                0x0800357c                HAL_I2C_MspInit
 .text.LCD_command
                0x080035f0       0x34 ./src/lcd.o
                0x080035f0                LCD_command
 .text.LCD_setCursor
                0x08003624       0x3c ./src/lcd.o
                0x08003624                LCD_setCursor
 .text.LCD_keypad
                0x08003660       0xc0 ./src/lcd.o
                0x08003660                LCD_keypad
 .text.LCD_print
                0x08003720       0x48 ./src/lcd.o
                0x08003720                LCD_print
 .text.LCD_refreshFrame
                0x08003768       0x8c ./src/lcd.o
                0x08003768                LCD_refreshFrame
 .text.LCD_loadCustomChar
                0x080037f4       0x4c ./src/lcd.o
                0x080037f4                LCD_loadCustomChar
 .text.LCD_init
                0x08003840       0x64 ./src/lcd.o
                0x08003840                LCD_init
 .text.decodePayload_callback
                0x080038a4       0x74 ./src/main.o
                0x080038a4                decodePayload_callback
 .text.HAL_SYSTICK_Callback
                0x08003918       0x24 ./src/main.o
                0x08003918                HAL_SYSTICK_Callback
 .text.Error_Handler
                0x0800393c        0x4 ./src/main.o
                0x0800393c                Error_Handler
 .text.SystemClock_Config
                0x08003940       0xb0 ./src/main.o
                0x08003940                SystemClock_Config
 .text.main     0x080039f0      0x484 ./src/main.o
                0x080039f0                main
 .text.decodePayload
                0x08003e74       0x44 ./src/payload.o
                0x08003e74                decodePayload
 .text.Pressure_getUnCompTemp
                0x08003eb8       0x44 ./src/pressure.o
                0x08003eb8                Pressure_getUnCompTemp
 .text.Pressure_getUnCompPressure
                0x08003efc       0x48 ./src/pressure.o
                0x08003efc                Pressure_getUnCompPressure
 .text.Pressure_calculate
                0x08003f44      0x174 ./src/pressure.o
                0x08003f44                Pressure_calculate
 .text.Pressure_get
                0x080040b8       0x14 ./src/pressure.o
                0x080040b8                Pressure_get
 .text.Pressure_reqData
                0x080040cc       0x54 ./src/pressure.o
                0x080040cc                Pressure_reqData
 .text.Pressure_Calibration
                0x08004120       0xa0 ./src/pressure.o
                0x08004120                Pressure_Calibration
 .text.Pressure_Init
                0x080041c0       0x10 ./src/pressure.o
                0x080041c0                Pressure_Init
 .text.Pressure_getUnCompTemp_postDelay
                0x080041d0       0x24 ./src/pressure.o
                0x080041d0                Pressure_getUnCompTemp_postDelay
 .text.Pressure_getUnCompPressure_postDelay
                0x080041f4       0x2c ./src/pressure.o
                0x080041f4                Pressure_getUnCompPressure_postDelay
 .text.HAL_MspInit
                0x08004220       0x60 ./src/stm32f4xx_hal_msp.o
                0x08004220                HAL_MspInit
 .text.SysTick_Handler
                0x08004280        0xc ./src/stm32f4xx_it.o
                0x08004280                SysTick_Handler
 .text.ADC_IRQHandler
                0x0800428c       0x10 ./src/stm32f4xx_it.o
                0x0800428c                ADC_IRQHandler
 .text.I2C1_EV_IRQHandler
                0x0800429c       0x10 ./src/stm32f4xx_it.o
                0x0800429c                I2C1_EV_IRQHandler
 .text.I2C1_ER_IRQHandler
                0x080042ac       0x10 ./src/stm32f4xx_it.o
                0x080042ac                I2C1_ER_IRQHandler
 .text.USART2_IRQHandler
                0x080042bc       0x10 ./src/stm32f4xx_it.o
                0x080042bc                USART2_IRQHandler
 .text.USART6_IRQHandler
                0x080042cc       0x10 ./src/stm32f4xx_it.o
                0x080042cc                USART6_IRQHandler
 .text.SID_UART_Receive_IT_Setup
                0x080042dc        0xc ./src/uart.o
                0x080042dc                SID_UART_Receive_IT_Setup
 .text.SID_UART_IRQHandler
                0x080042e8       0x70 ./src/uart.o
                0x080042e8                SID_UART_IRQHandler
 .text.xbrx_read
                0x08004358       0x30 ./src/uart.o
                0x08004358                xbrx_read
 .text.pcrx_read
                0x08004388       0x30 ./src/uart.o
                0x08004388                pcrx_read
 .text.MX_USART2_UART_Init
                0x080043b8       0x34 ./src/usart.o
                0x080043b8                MX_USART2_UART_Init
 .text.MX_USART6_UART_Init
                0x080043ec       0x34 ./src/usart.o
                0x080043ec                MX_USART6_UART_Init
 .text.HAL_UART_MspInit
                0x08004420       0xb4 ./src/usart.o
                0x08004420                HAL_UART_MspInit
 .text.Xbee_init
                0x080044d4        0xc ./src/xbee.o
                0x080044d4                Xbee_init
 .text.Xbee_rxStateMachine
                0x080044e0      0x22c ./src/xbee.o
                0x080044e0                Xbee_rxStateMachine
 .text.xrx_read
                0x0800470c       0x44 ./src/xbee.o
                0x0800470c                xrx_read
 .text.round    0x08004750       0xa0 c:/program files (x86)/gnu tools arm embedded/5.4 2016q3/bin/../lib/gcc/arm-none-eabi/5.4.1/../../../../arm-none-eabi/lib/armv7e-m\libm.a(lib_a-s_round.o)
                0x08004750                round
 .text.atan2f   0x080047f0        0x4 c:/program files (x86)/gnu tools arm embedded/5.4 2016q3/bin/../lib/gcc/arm-none-eabi/5.4.1/../../../../arm-none-eabi/lib/armv7e-m\libm.a(lib_a-wf_atan2.o)
                0x080047f0                atan2f
 .text.powf     0x080047f4      0x2f4 c:/program files (x86)/gnu tools arm embedded/5.4 2016q3/bin/../lib/gcc/arm-none-eabi/5.4.1/../../../../arm-none-eabi/lib/armv7e-m\libm.a(lib_a-wf_pow.o)
                0x080047f4                powf
 .text.__ieee754_atan2f
                0x08004ae8      0x124 c:/program files (x86)/gnu tools arm embedded/5.4 2016q3/bin/../lib/gcc/arm-none-eabi/5.4.1/../../../../arm-none-eabi/lib/armv7e-m\libm.a(lib_a-ef_atan2.o)
                0x08004ae8                __ieee754_atan2f
 .text.__ieee754_powf
                0x08004c0c      0x708 c:/program files (x86)/gnu tools arm embedded/5.4 2016q3/bin/../lib/gcc/arm-none-eabi/5.4.1/../../../../arm-none-eabi/lib/armv7e-m\libm.a(lib_a-ef_pow.o)
                0x08004c0c                __ieee754_powf
 .text.__ieee754_sqrtf
                0x08005314       0xa8 c:/program files (x86)/gnu tools arm embedded/5.4 2016q3/bin/../lib/gcc/arm-none-eabi/5.4.1/../../../../arm-none-eabi/lib/armv7e-m\libm.a(lib_a-ef_sqrt.o)
                0x08005314                __ieee754_sqrtf
 .text.matherr  0x080053bc        0x4 c:/program files (x86)/gnu tools arm embedded/5.4 2016q3/bin/../lib/gcc/arm-none-eabi/5.4.1/../../../../arm-none-eabi/lib/armv7e-m\libm.a(lib_a-s_matherr.o)
                0x080053bc                matherr
 .text.rint     0x080053c0      0x118 c:/program files (x86)/gnu tools arm embedded/5.4 2016q3/bin/../lib/gcc/arm-none-eabi/5.4.1/../../../../arm-none-eabi/lib/armv7e-m\libm.a(lib_a-s_rint.o)
                0x080053c0                rint
 .text.atanf    0x080054d8      0x22c c:/program files (x86)/gnu tools arm embedded/5.4 2016q3/bin/../lib/gcc/arm-none-eabi/5.4.1/../../../../arm-none-eabi/lib/armv7e-m\libm.a(lib_a-sf_atan.o)
                0x080054d8                atanf
 .text.fabsf    0x08005704        0x8 c:/program files (x86)/gnu tools arm embedded/5.4 2016q3/bin/../lib/gcc/arm-none-eabi/5.4.1/../../../../arm-none-eabi/lib/armv7e-m\libm.a(lib_a-sf_fabs.o)
                0x08005704                fabsf
 .text.finitef  0x0800570c       0x10 c:/program files (x86)/gnu tools arm embedded/5.4 2016q3/bin/../lib/gcc/arm-none-eabi/5.4.1/../../../../arm-none-eabi/lib/armv7e-m\libm.a(lib_a-sf_finite.o)
                0x0800570c                finitef
 .text.nanf     0x0800571c        0x8 c:/program files (x86)/gnu tools arm embedded/5.4 2016q3/bin/../lib/gcc/arm-none-eabi/5.4.1/../../../../arm-none-eabi/lib/armv7e-m\libm.a(lib_a-sf_nan.o)
                0x0800571c                nanf
 .text.scalbnf  0x08005724       0xb0 c:/program files (x86)/gnu tools arm embedded/5.4 2016q3/bin/../lib/gcc/arm-none-eabi/5.4.1/../../../../arm-none-eabi/lib/armv7e-m\libm.a(lib_a-sf_scalbn.o)
                0x08005724                scalbnf
 .text.copysignf
                0x080057d4        0xc c:/program files (x86)/gnu tools arm embedded/5.4 2016q3/bin/../lib/gcc/arm-none-eabi/5.4.1/../../../../arm-none-eabi/lib/armv7e-m\libm.a(lib_a-sf_copysign.o)
                0x080057d4                copysignf
 .text          0x080057e0      0x370 c:/program files (x86)/gnu tools arm embedded/5.4 2016q3/bin/../lib/gcc/arm-none-eabi/5.4.1/armv7e-m\libgcc.a(_arm_addsubdf3.o)
                0x080057e0                __aeabi_drsub
                0x080057e8                __aeabi_dsub
                0x080057e8                __subdf3
                0x080057ec                __aeabi_dadd
                0x080057ec                __adddf3
                0x08005a64                __floatunsidf
                0x08005a64                __aeabi_ui2d
                0x08005a84                __floatsidf
                0x08005a84                __aeabi_i2d
                0x08005aa8                __aeabi_f2d
                0x08005aa8                __extendsfdf2
                0x08005ae4                __floatundidf
                0x08005ae4                __aeabi_ul2d
                0x08005af4                __floatdidf
                0x08005af4                __aeabi_l2d
 .text          0x08005b50      0x424 c:/program files (x86)/gnu tools arm embedded/5.4 2016q3/bin/../lib/gcc/arm-none-eabi/5.4.1/armv7e-m\libgcc.a(_arm_muldivdf3.o)
                0x08005b50                __aeabi_dmul
                0x08005b50                __muldf3
                0x08005da4                __divdf3
                0x08005da4                __aeabi_ddiv
 .text          0x08005f74      0x110 c:/program files (x86)/gnu tools arm embedded/5.4 2016q3/bin/../lib/gcc/arm-none-eabi/5.4.1/armv7e-m\libgcc.a(_arm_cmpdf2.o)
                0x08005f74                __gtdf2
                0x08005f74                __gedf2
                0x08005f7c                __ltdf2
                0x08005f7c                __ledf2
                0x08005f84                __nedf2
                0x08005f84                __eqdf2
                0x08005f84                __cmpdf2
                0x08006000                __aeabi_cdrcmple
                0x08006010                __aeabi_cdcmpeq
                0x08006010                __aeabi_cdcmple
                0x08006020                __aeabi_dcmpeq
                0x08006034                __aeabi_dcmplt
                0x08006048                __aeabi_dcmple
                0x0800605c                __aeabi_dcmpge
                0x08006070                __aeabi_dcmpgt
 .text          0x08006084       0x50 c:/program files (x86)/gnu tools arm embedded/5.4 2016q3/bin/../lib/gcc/arm-none-eabi/5.4.1/armv7e-m\libgcc.a(_arm_fixdfsi.o)
                0x08006084                __aeabi_d2iz
                0x08006084                __fixdfsi
 .text          0x080060d4       0xa0 c:/program files (x86)/gnu tools arm embedded/5.4 2016q3/bin/../lib/gcc/arm-none-eabi/5.4.1/armv7e-m\libgcc.a(_arm_truncdfsf2.o)
                0x080060d4                __truncdfsf2
                0x080060d4                __aeabi_d2f
 .text          0x08006174      0x21c c:/program files (x86)/gnu tools arm embedded/5.4 2016q3/bin/../lib/gcc/arm-none-eabi/5.4.1/armv7e-m\libgcc.a(_arm_addsubsf3.o)
                0x08006174                __aeabi_frsub
                0x0800617c                __subsf3
                0x0800617c                __aeabi_fsub
                0x08006180                __aeabi_fadd
                0x08006180                __addsf3
                0x080062e0                __aeabi_ui2f
                0x080062e0                __floatunsisf
                0x080062e8                __aeabi_i2f
                0x080062e8                __floatsisf
                0x08006304                __aeabi_ul2f
                0x08006304                __floatundisf
                0x08006314                __aeabi_l2f
                0x08006314                __floatdisf
 .text          0x08006390      0x2a0 c:/program files (x86)/gnu tools arm embedded/5.4 2016q3/bin/../lib/gcc/arm-none-eabi/5.4.1/armv7e-m\libgcc.a(_arm_muldivsf3.o)
                0x08006390                __mulsf3
                0x08006390                __aeabi_fmul
                0x080064f8                __aeabi_fdiv
                0x080064f8                __divsf3
 .text          0x08006630       0xec c:/program files (x86)/gnu tools arm embedded/5.4 2016q3/bin/../lib/gcc/arm-none-eabi/5.4.1/armv7e-m\libgcc.a(_arm_cmpsf2.o)
                0x08006630                __gesf2
                0x08006630                __gtsf2
                0x08006638                __lesf2
                0x08006638                __ltsf2
                0x08006640                __nesf2
                0x08006640                __eqsf2
                0x08006640                __cmpsf2
                0x080066a0                __aeabi_cfrcmple
                0x080066a8                __aeabi_cfcmpeq
                0x080066a8                __aeabi_cfcmple
                0x080066b8                __aeabi_fcmpeq
                0x080066cc                __aeabi_fcmplt
                0x080066e0                __aeabi_fcmple
                0x080066f4                __aeabi_fcmpge
                0x08006708                __aeabi_fcmpgt
 .text          0x0800671c       0x2c c:/program files (x86)/gnu tools arm embedded/5.4 2016q3/bin/../lib/gcc/arm-none-eabi/5.4.1/armv7e-m\libgcc.a(_arm_unordsf2.o)
                0x0800671c                __unordsf2
                0x0800671c                __aeabi_fcmpun
 .text          0x08006748       0x4c c:/program files (x86)/gnu tools arm embedded/5.4 2016q3/bin/../lib/gcc/arm-none-eabi/5.4.1/armv7e-m\libgcc.a(_arm_fixsfsi.o)
                0x08006748                __aeabi_f2iz
                0x08006748                __fixsfsi
 .text          0x08006794       0x40 c:/program files (x86)/gnu tools arm embedded/5.4 2016q3/bin/../lib/gcc/arm-none-eabi/5.4.1/armv7e-m\libgcc.a(_arm_fixunssfsi.o)
                0x08006794                __fixunssfsi
                0x08006794                __aeabi_f2uiz
 .text.__errno  0x080067d4        0xc c:/program files (x86)/gnu tools arm embedded/5.4 2016q3/bin/../lib/gcc/arm-none-eabi/5.4.1/../../../../arm-none-eabi/lib/armv7e-m\libg_nano.a(lib_a-errno.o)
                0x080067d4                __errno
 .text.malloc   0x080067e0       0x10 c:/program files (x86)/gnu tools arm embedded/5.4 2016q3/bin/../lib/gcc/arm-none-eabi/5.4.1/../../../../arm-none-eabi/lib/armv7e-m\libg_nano.a(lib_a-malloc.o)
                0x080067e0                malloc
 .text.free     0x080067f0       0x10 c:/program files (x86)/gnu tools arm embedded/5.4 2016q3/bin/../lib/gcc/arm-none-eabi/5.4.1/../../../../arm-none-eabi/lib/armv7e-m\libg_nano.a(lib_a-malloc.o)
                0x080067f0                free
 .text.memcpy   0x08006800       0x16 c:/program files (x86)/gnu tools arm embedded/5.4 2016q3/bin/../lib/gcc/arm-none-eabi/5.4.1/../../../../arm-none-eabi/lib/armv7e-m\libg_nano.a(lib_a-memcpy-stub.o)
                0x08006800                memcpy
 *fill*         0x08006816        0x2 
 .text._free_r  0x08006818       0x9c c:/program files (x86)/gnu tools arm embedded/5.4 2016q3/bin/../lib/gcc/arm-none-eabi/5.4.1/../../../../arm-none-eabi/lib/armv7e-m\libg_nano.a(lib_a-nano-freer.o)
                0x08006818                _free_r
 .text._malloc_r
                0x080068b4       0xbc c:/program files (x86)/gnu tools arm embedded/5.4 2016q3/bin/../lib/gcc/arm-none-eabi/5.4.1/../../../../arm-none-eabi/lib/armv7e-m\libg_nano.a(lib_a-nano-mallocr.o)
                0x080068b4                _malloc_r
 .text._sbrk_r  0x08006970       0x20 c:/program files (x86)/gnu tools arm embedded/5.4 2016q3/bin/../lib/gcc/arm-none-eabi/5.4.1/../../../../arm-none-eabi/lib/armv7e-m\libg_nano.a(lib_a-sbrkr.o)
                0x08006970                _sbrk_r
 .text._vsnprintf_r
                0x08006990       0x56 c:/program files (x86)/gnu tools arm embedded/5.4 2016q3/bin/../lib/gcc/arm-none-eabi/5.4.1/../../../../arm-none-eabi/lib/armv7e-m\libg_nano.a(lib_a-vsnprintf.o)
                0x08006990                _vsniprintf_r
                0x08006990                _vsnprintf_r
 *fill*         0x080069e6        0x2 
 .text.vsnprintf
                0x080069e8       0x1c c:/program files (x86)/gnu tools arm embedded/5.4 2016q3/bin/../lib/gcc/arm-none-eabi/5.4.1/../../../../arm-none-eabi/lib/armv7e-m\libg_nano.a(lib_a-vsnprintf.o)
                0x080069e8                vsniprintf
                0x080069e8                vsnprintf
 .text.__malloc_lock
                0x08006a04        0x2 c:/program files (x86)/gnu tools arm embedded/5.4 2016q3/bin/../lib/gcc/arm-none-eabi/5.4.1/../../../../arm-none-eabi/lib/armv7e-m\libg_nano.a(lib_a-mlock.o)
                0x08006a04                __malloc_lock
 .text.__malloc_unlock
                0x08006a06        0x2 c:/program files (x86)/gnu tools arm embedded/5.4 2016q3/bin/../lib/gcc/arm-none-eabi/5.4.1/../../../../arm-none-eabi/lib/armv7e-m\libg_nano.a(lib_a-mlock.o)
                0x08006a06                __malloc_unlock
 .text.__ssputs_r
                0x08006a08       0xb2 c:/program files (x86)/gnu tools arm embedded/5.4 2016q3/bin/../lib/gcc/arm-none-eabi/5.4.1/../../../../arm-none-eabi/lib/armv7e-m\libg_nano.a(lib_a-nano-svfprintf.o)
                0x08006a08                __ssputs_r
 *fill*         0x08006aba        0x2 
 .text._svfprintf_r
                0x08006abc      0x1e8 c:/program files (x86)/gnu tools arm embedded/5.4 2016q3/bin/../lib/gcc/arm-none-eabi/5.4.1/../../../../arm-none-eabi/lib/armv7e-m\libg_nano.a(lib_a-nano-svfprintf.o)
                0x08006abc                _svfiprintf_r
                0x08006abc                _svfprintf_r
 .text._printf_common
                0x08006ca4       0xec c:/program files (x86)/gnu tools arm embedded/5.4 2016q3/bin/../lib/gcc/arm-none-eabi/5.4.1/../../../../arm-none-eabi/lib/armv7e-m\libg_nano.a(lib_a-nano-vfprintf_i.o)
                0x08006ca4                _printf_common
 .text._printf_i
                0x08006d90      0x24c c:/program files (x86)/gnu tools arm embedded/5.4 2016q3/bin/../lib/gcc/arm-none-eabi/5.4.1/../../../../arm-none-eabi/lib/armv7e-m\libg_nano.a(lib_a-nano-vfprintf_i.o)
                0x08006d90                _printf_i
 *fill*         0x08006fdc        0x4 
 .text          0x08006fe0       0xa0 c:/program files (x86)/gnu tools arm embedded/5.4 2016q3/bin/../lib/gcc/arm-none-eabi/5.4.1/../../../../arm-none-eabi/lib/armv7e-m\libg_nano.a(lib_a-memchr.o)
                0x08006fe0                memchr
 .text.memmove  0x08007080       0x36 c:/program files (x86)/gnu tools arm embedded/5.4 2016q3/bin/../lib/gcc/arm-none-eabi/5.4.1/../../../../arm-none-eabi/lib/armv7e-m\libg_nano.a(lib_a-memmove.o)
                0x08007080                memmove
 .text._realloc_r
                0x080070b6       0x4c c:/program files (x86)/gnu tools arm embedded/5.4 2016q3/bin/../lib/gcc/arm-none-eabi/5.4.1/../../../../arm-none-eabi/lib/armv7e-m\libg_nano.a(lib_a-nano-reallocr.o)
                0x080070b6                _realloc_r
 .text._malloc_usable_size_r
                0x08007102       0x14 c:/program files (x86)/gnu tools arm embedded/5.4 2016q3/bin/../lib/gcc/arm-none-eabi/5.4.1/../../../../arm-none-eabi/lib/armv7e-m\libg_nano.a(lib_a-nano-msizer.o)
                0x08007102                _malloc_usable_size_r
 *(.rodata .rodata.* .constdata .constdata.*)
 *fill*         0x08007116        0x2 
 .rodata.APBAHBPrescTable
                0x08007118       0x10 ./system/src/stm32f4xx/stm32f4xx_hal_rcc.o
                0x08007118                APBAHBPrescTable
 .rodata.str1.4
                0x08007128      0x146 ./system/src/cortexm/exception_handlers.o
 *fill*         0x0800726e        0x2 
 .rodata.AHBPrescTable
                0x08007270       0x10 ./system/src/cmsis/system_stm32f4xx.o
                0x08007270                AHBPrescTable
 .rodata.str1.4
                0x08007280       0x31 ./src/lcd.o
 *fill*         0x080072b1        0x3 
 .rodata.str1.4
                0x080072b4        0x5 c:/program files (x86)/gnu tools arm embedded/5.4 2016q3/bin/../lib/gcc/arm-none-eabi/5.4.1/../../../../arm-none-eabi/lib/armv7e-m\libm.a(lib_a-wf_pow.o)
 .rodata.str1.4
                0x080072b9        0x8 c:/program files (x86)/gnu tools arm embedded/5.4 2016q3/bin/../lib/gcc/arm-none-eabi/5.4.1/../../../../arm-none-eabi/lib/armv7e-m\libm.a(lib_a-ef_pow.o)
                                  0x1 (size before relaxing)
 *fill*         0x080072b9        0x7 
 .rodata.TWO52  0x080072c0       0x10 c:/program files (x86)/gnu tools arm embedded/5.4 2016q3/bin/../lib/gcc/arm-none-eabi/5.4.1/../../../../arm-none-eabi/lib/armv7e-m\libm.a(lib_a-s_rint.o)
 .rodata.atanlo
                0x080072d0       0x10 c:/program files (x86)/gnu tools arm embedded/5.4 2016q3/bin/../lib/gcc/arm-none-eabi/5.4.1/../../../../arm-none-eabi/lib/armv7e-m\libm.a(lib_a-sf_atan.o)
 .rodata.atanhi
                0x080072e0       0x10 c:/program files (x86)/gnu tools arm embedded/5.4 2016q3/bin/../lib/gcc/arm-none-eabi/5.4.1/../../../../arm-none-eabi/lib/armv7e-m\libm.a(lib_a-sf_atan.o)
 .rodata.str1.1
                0x080072f0       0x11 c:/program files (x86)/gnu tools arm embedded/5.4 2016q3/bin/../lib/gcc/arm-none-eabi/5.4.1/../../../../arm-none-eabi/lib/armv7e-m\libg_nano.a(lib_a-nano-svfprintf.o)
 .rodata.str1.1
                0x08007301       0x22 c:/program files (x86)/gnu tools arm embedded/5.4 2016q3/bin/../lib/gcc/arm-none-eabi/5.4.1/../../../../arm-none-eabi/lib/armv7e-m\libg_nano.a(lib_a-nano-vfprintf_i.o)
 *(vtable)
 *(.eh_frame*)
 *(.glue_7)
 .glue_7        0x08007323        0x0 linker stubs
 *(.glue_7t)
 .glue_7t       0x08007323        0x0 linker stubs

.vfp11_veneer   0x08007324        0x0
 .vfp11_veneer  0x08007324        0x0 linker stubs

.v4_bx          0x08007324        0x0
 .v4_bx         0x08007324        0x0 linker stubs

.iplt           0x08007324        0x0
 .iplt          0x08007324        0x0 ./system/src/stm32f4xx/stm32f4xx_hal.o

.rel.dyn        0x08007324        0x0
 .rel.iplt      0x08007324        0x0 ./system/src/stm32f4xx/stm32f4xx_hal.o

.ARM.extab
 *(.ARM.extab* .gnu.linkonce.armextab.*)
                0x08007324                . = ALIGN (0x4)
                0x08007324                __exidx_start = .

.ARM.exidx
 *(.ARM.exidx* .gnu.linkonce.armexidx.*)
                0x08007324                __exidx_end = .
                0x08007324                . = ALIGN (0x4)
                0x08007324                _etext = .
                0x08007324                __etext = .

.data_CCMRAM    0x10000000        0x0 load address 0x08007324
 FILL mask 0xff
 *(.data.CCMRAM .data.CCMRAM.*)
                0x10000000                . = ALIGN (0x4)
                0x08007324                _sidata = LOADADDR (.data)

.data           0x20000000       0xa8 load address 0x08007324
 FILL mask 0xff
                0x20000000                _sdata = .
                0x20000000                __data_start__ = .
 *(.data_begin .data_begin.*)
 .data_begin    0x20000000        0x4 ./system/src/newlib/_startup.o
 *(.data .data.*)
 .data.argv.4290
                0x20000004        0x8 ./system/src/newlib/_syscalls.o
 .data.SystemCoreClock
                0x2000000c        0x4 ./system/src/cmsis/system_stm32f4xx.o
                0x2000000c                SystemCoreClock
 .data.adc_chan
                0x20000010        0x4 ./src/adc.o
                0x20000010                adc_chan
 .data.bitmap_smiley
                0x20000014        0x8 ./src/lcd.o
                0x20000014                bitmap_smiley
 .data.bitmap_shocked
                0x2000001c        0x8 ./src/lcd.o
                0x2000001c                bitmap_shocked
 .data.bitmap_sad
                0x20000024        0x8 ./src/lcd.o
                0x20000024                bitmap_sad
 .data.bitmap_meh
                0x2000002c        0x8 ./src/lcd.o
                0x2000002c                bitmap_meh
 .data.lcdKey   0x20000034        0x1 ./src/main.o
                0x20000034                lcdKey
 .data.newKey   0x20000035        0x1 ./src/main.o
                0x20000035                newKey
 *fill*         0x20000036        0x2 ff
 .data.vref     0x20000038        0x4 ./src/main.o
                0x20000038                vref
 .data.__fdlib_version
                0x2000003c        0x1 c:/program files (x86)/gnu tools arm embedded/5.4 2016q3/bin/../lib/gcc/arm-none-eabi/5.4.1/../../../../arm-none-eabi/lib/armv7e-m\libm.a(lib_a-s_lib_ver.o)
                0x2000003c                __fdlib_version
 *fill*         0x2000003d        0x3 ff
 .data.impure_data
                0x20000040       0x60 c:/program files (x86)/gnu tools arm embedded/5.4 2016q3/bin/../lib/gcc/arm-none-eabi/5.4.1/../../../../arm-none-eabi/lib/armv7e-m\libg_nano.a(lib_a-impure.o)
 .data._impure_ptr
                0x200000a0        0x4 c:/program files (x86)/gnu tools arm embedded/5.4 2016q3/bin/../lib/gcc/arm-none-eabi/5.4.1/../../../../arm-none-eabi/lib/armv7e-m\libg_nano.a(lib_a-impure.o)
                0x200000a0                _impure_ptr
 *(.data_end .data_end.*)
 .data_end      0x200000a4        0x4 ./system/src/newlib/_startup.o
                0x200000a8                . = ALIGN (0x4)
                0x200000a8                _edata = .
                0x200000a8                __data_end__ = .

.igot.plt       0x200000a8        0x0 load address 0x080073cc
 .igot.plt      0x200000a8        0x0 ./system/src/stm32f4xx/stm32f4xx_hal.o

.bss_CCMRAM     0x10000000        0x0
 *(.bss.CCMRAM .bss.CCMRAM.*)

.bss            0x200000a8      0xfd4
                0x200000a8                __bss_start__ = .
                0x200000a8                _sbss = .
 *(.bss_begin .bss_begin.*)
 .bss_begin     0x200000a8        0x4 ./system/src/newlib/_startup.o
 *(.bss .bss.*)
 .bss.current_heap_end.3974
                0x200000ac        0x4 ./system/src/newlib/_sbrk.o
 .bss.name.4289
                0x200000b0        0x1 ./system/src/newlib/_syscalls.o
 *fill*         0x200000b1        0x3 
 .bss.buf.5179  0x200000b4       0x80 ./system/src/diag/Trace.o
 .bss.adc_available
                0x20000134        0x4 ./src/adc.o
                0x20000134                adc_available
 .bss.normHMC   0x20000138        0xc ./src/hmc.o
                0x20000138                normHMC
 .bss.headingDegrees
                0x20000144        0x4 ./src/hmc.o
                0x20000144                headingDegrees
 .bss.previousDegree
                0x20000148        0x4 ./src/hmc.o
                0x20000148                previousDegree
 .bss.smoothHeadingDegrees
                0x2000014c        0x4 ./src/hmc.o
                0x2000014c                smoothHeadingDegrees
 .bss.data      0x20000150       0x53 ./src/lcd.o
                0x20000150                data
 *fill*         0x200001a3        0x1 
 .bss.lcdFrame  0x200001a4        0x4 ./src/lcd.o
                0x200001a4                lcdFrame
 .bss.joystick_y_avg
                0x200001a8        0x4 ./src/main.o
                0x200001a8                joystick_y_avg
 .bss.vref_avg  0x200001ac        0x4 ./src/main.o
                0x200001ac                vref_avg
 .bss.temperature
                0x200001b0        0x4 ./src/main.o
                0x200001b0                temperature
 .bss.joystick_x_avg
                0x200001b4        0x4 ./src/main.o
                0x200001b4                joystick_x_avg
 .bss.reInitTick
                0x200001b8        0x4 ./src/main.o
                0x200001b8                reInitTick
 .bss.joystick_y_i
                0x200001bc        0x4 ./src/main.o
                0x200001bc                joystick_y_i
 .bss.sensorTick
                0x200001c0        0x4 ./src/main.o
                0x200001c0                sensorTick
 .bss.voltage_cell1
                0x200001c4        0x4 ./src/main.o
                0x200001c4                voltage_cell1
 .bss.dust_conc
                0x200001c8        0x4 ./src/main.o
                0x200001c8                dust_conc
 .bss.voltage_cell3
                0x200001cc        0x4 ./src/main.o
                0x200001cc                voltage_cell3
 .bss.lcdTick   0x200001d0        0x4 ./src/main.o
                0x200001d0                lcdTick
 .bss.joystick_x_i
                0x200001d4        0x4 ./src/main.o
                0x200001d4                joystick_x_i
 .bss.humidity  0x200001d8        0x4 ./src/main.o
                0x200001d8                humidity
 .bss.current   0x200001dc        0x4 ./src/main.o
                0x200001dc                current
 .bss.currTick  0x200001e0        0x4 ./src/main.o
                0x200001e0                currTick
 .bss.vref_i    0x200001e4        0x4 ./src/main.o
                0x200001e4                vref_i
 .bss.secondTick
                0x200001e8        0x4 ./src/main.o
                0x200001e8                secondTick
 .bss.pcWriteTick
                0x200001ec        0x4 ./src/main.o
                0x200001ec                pcWriteTick
 .bss.cmdbuf    0x200001f0        0x1 ./src/main.o
                0x200001f0                cmdbuf
 *fill*         0x200001f1        0x3 
 .bss.voltage_cell2
                0x200001f4        0x4 ./src/main.o
                0x200001f4                voltage_cell2
 .bss.bmp_data  0x200001f8       0x10 ./src/pressure.o
                0x200001f8                bmp_data
 .bss.b5        0x20000208        0x4 ./src/pressure.o
                0x20000208                b5
 .bss.press_temp
                0x2000020c        0x2 ./src/pressure.o
                0x2000020c                press_temp
 *fill*         0x2000020e        0x2 
 .bss.up        0x20000210        0x4 ./src/pressure.o
                0x20000210                up
 .bss.pressureDelayState
                0x20000214        0x4 ./src/pressure.o
                0x20000214                pressureDelayState
 .bss.altitude  0x20000218        0x4 ./src/pressure.o
                0x20000218                altitude
 .bss.ut        0x2000021c        0x2 ./src/pressure.o
                0x2000021c                ut
 *fill*         0x2000021e        0x2 
 .bss.pressureDelayTicks
                0x20000220        0x4 ./src/pressure.o
                0x20000220                pressureDelayTicks
 .bss.pressure  0x20000224        0x4 ./src/pressure.o
                0x20000224                pressure
 .bss.pcrx      0x20000228      0x404 ./src/uart.o
                0x20000228                pcrx
 .bss.xbrx      0x2000062c      0x404 ./src/uart.o
                0x2000062c                xbrx
 .bss.rx_escape_flag
                0x20000a30        0x1 ./src/xbee.o
                0x20000a30                rx_escape_flag
 .bss.rx_checksum
                0x20000a31        0x1 ./src/xbee.o
                0x20000a31                rx_checksum
 .bss.state     0x20000a32        0x1 ./src/xbee.o
                0x20000a32                state
 .bss.rx_length
                0x20000a33        0x1 ./src/xbee.o
                0x20000a33                rx_length
 .bss.xbeerx    0x20000a34      0x304 ./src/xbee.o
                0x20000a34                xbeerx
 .bss.rx_length_expected
                0x20000d38        0x1 ./src/xbee.o
                0x20000d38                rx_length_expected
 *fill*         0x20000d39        0x3 
 .bss.__malloc_sbrk_start
                0x20000d3c        0x4 c:/program files (x86)/gnu tools arm embedded/5.4 2016q3/bin/../lib/gcc/arm-none-eabi/5.4.1/../../../../arm-none-eabi/lib/armv7e-m\libg_nano.a(lib_a-nano-mallocr.o)
                0x20000d3c                __malloc_sbrk_start
 .bss.__malloc_free_list
                0x20000d40        0x4 c:/program files (x86)/gnu tools arm embedded/5.4 2016q3/bin/../lib/gcc/arm-none-eabi/5.4.1/../../../../arm-none-eabi/lib/armv7e-m\libg_nano.a(lib_a-nano-mallocr.o)
                0x20000d40                __malloc_free_list
 *(COMMON)
 COMMON         0x20000d44        0x4 ./system/src/stm32f4xx/stm32f4xx_hal.o
                0x20000d44                uwTick
 COMMON         0x20000d48        0x4 ./system/src/newlib/_syscalls.o
                0x20000d48                errno
 COMMON         0x20000d4c       0x48 ./src/adc.o
                0x20000d4c                hadc1
 COMMON         0x20000d94        0x8 ./src/crc.o
                0x20000d94                hcrc
 COMMON         0x20000d9c       0x10 ./src/hmc.o
                0x20000d9c                xOffset
                0x20000da0                yOffset
                0x20000da4                hi2c
                0x20000da8                mgPerDigit
 COMMON         0x20000dac       0x54 ./src/i2c.o
                0x20000dac                hi2c1
 COMMON         0x20000e00        0x9 ./src/main.o
                0x20000e00                joystick_y
                0x20000e04                joystick_x
                0x20000e08                joystick_btn
 *fill*         0x20000e09        0x3 
 COMMON         0x20000e0c       0x1a ./src/pressure.o
                0x20000e0c                b2
                0x20000e0e                mb
                0x20000e10                ac1
                0x20000e12                b1
                0x20000e14                ac6
                0x20000e16                ac5
                0x20000e18                ac2
                0x20000e1a                md
                0x20000e1c                ac4
                0x20000e1e                mc
                0x20000e20                hi2c_p
                0x20000e24                ac3
 *fill*         0x20000e26        0x2 
 COMMON         0x20000e28       0x80 ./src/usart.o
                0x20000e28                huart6
                0x20000e68                huart2
 COMMON         0x20000ea8      0x1d0 ./src/xbee.o
                0x20000ea8                p
                0x20000ed0                huart
                0x20000ed8                rp
 *(.bss_end .bss_end.*)
 .bss_end       0x20001078        0x4 ./system/src/newlib/_startup.o
                0x2000107c                . = ALIGN (0x4)
                0x2000107c                __bss_end__ = .
                0x2000107c                _ebss = .

.noinit_CCMRAM
 *(.noinit.CCMRAM .noinit.CCMRAM.*)

.noinit         0x2000107c        0x0
                0x2000107c                _noinit = .
 *(.noinit .noinit.*)
                0x2000107c                . = ALIGN (0x4)
                0x2000107c                _end_noinit = .
                [!provide]                PROVIDE (end, _end_noinit)
                [!provide]                PROVIDE (_end, _end_noinit)
                [!provide]                PROVIDE (__end, _end_noinit)
                [!provide]                PROVIDE (__end__, _end_noinit)

._check_stack   0x2000107c      0x100
                0x2000117c                . = (. + _Minimum_Stack_Size)
 *fill*         0x2000107c      0x100 

.b1text
 *(.b1text)
 *(.b1rodata)
 *(.b1rodata.*)

.eb0text
 *(.eb0text)
 *(.eb0rodata)
 *(.eb0rodata.*)

.eb1text
 *(.eb1text)
 *(.eb1rodata)
 *(.eb1rodata.*)

.eb2text
 *(.eb2text)
 *(.eb2rodata)
 *(.eb2rodata.*)

.eb3text
 *(.eb3text)
 *(.eb3rodata)
 *(.eb3rodata.*)

.stab
 *(.stab)

.stabstr
 *(.stabstr)

.stab.excl
 *(.stab.excl)

.stab.exclstr
 *(.stab.exclstr)

.stab.index
 *(.stab.index)

.stab.indexstr
 *(.stab.indexstr)

.comment        0x00000000       0x6e
 *(.comment)
 .comment       0x00000000       0x6e ./system/src/stm32f4xx/stm32f4xx_hal.o
                                 0x6f (size before relaxing)
 .comment       0x0000006e       0x6f ./system/src/stm32f4xx/stm32f4xx_hal_adc.o
 .comment       0x0000006e       0x6f ./system/src/stm32f4xx/stm32f4xx_hal_adc_ex.o
 .comment       0x0000006e       0x6f ./system/src/stm32f4xx/stm32f4xx_hal_cortex.o
 .comment       0x0000006e       0x6f ./system/src/stm32f4xx/stm32f4xx_hal_crc.o
 .comment       0x0000006e       0x6f ./system/src/stm32f4xx/stm32f4xx_hal_dma.o
 .comment       0x0000006e       0x6f ./system/src/stm32f4xx/stm32f4xx_hal_gpio.o
 .comment       0x0000006e       0x6f ./system/src/stm32f4xx/stm32f4xx_hal_i2c.o
 .comment       0x0000006e       0x6f ./system/src/stm32f4xx/stm32f4xx_hal_rcc.o
 .comment       0x0000006e       0x6f ./system/src/stm32f4xx/stm32f4xx_hal_uart.o
 .comment       0x0000006e       0x6f ./system/src/newlib/_exit.o
 .comment       0x0000006e       0x6f ./system/src/newlib/_sbrk.o
 .comment       0x0000006e       0x6f ./system/src/newlib/_startup.o
 .comment       0x0000006e       0x6f ./system/src/newlib/_syscalls.o
 .comment       0x0000006e       0x6f ./system/src/diag/Trace.o
 .comment       0x0000006e       0x6f ./system/src/diag/trace_impl.o
 .comment       0x0000006e       0x6f ./system/src/cortexm/_initialize_hardware.o
 .comment       0x0000006e       0x6f ./system/src/cortexm/exception_handlers.o
 .comment       0x0000006e       0x6f ./system/src/cmsis/system_stm32f4xx.o
 .comment       0x0000006e       0x6f ./src/adc.o
 .comment       0x0000006e       0x6f ./src/crc.o
 .comment       0x0000006e       0x6f ./src/gpio.o
 .comment       0x0000006e       0x6f ./src/hmc.o
 .comment       0x0000006e       0x6f ./src/i2c.o
 .comment       0x0000006e       0x6f ./src/lcd.o
 .comment       0x0000006e       0x6f ./src/main.o
 .comment       0x0000006e       0x6f ./src/payload.o
 .comment       0x0000006e       0x6f ./src/pressure.o
 .comment       0x0000006e       0x6f ./src/stm32f4xx_hal_msp.o
 .comment       0x0000006e       0x6f ./src/stm32f4xx_it.o
 .comment       0x0000006e       0x6f ./src/uart.o
 .comment       0x0000006e       0x6f ./src/usart.o
 .comment       0x0000006e       0x6f ./src/xbee.o

.ARM.attributes
                0x00000000       0x31
 .ARM.attributes
                0x00000000       0x33 ./system/src/stm32f4xx/stm32f4xx_hal.o
 .ARM.attributes
                0x00000033       0x33 ./system/src/stm32f4xx/stm32f4xx_hal_adc.o
 .ARM.attributes
                0x00000066       0x33 ./system/src/stm32f4xx/stm32f4xx_hal_adc_ex.o
 .ARM.attributes
                0x00000099       0x33 ./system/src/stm32f4xx/stm32f4xx_hal_cortex.o
 .ARM.attributes
                0x000000cc       0x33 ./system/src/stm32f4xx/stm32f4xx_hal_crc.o
 .ARM.attributes
                0x000000ff       0x33 ./system/src/stm32f4xx/stm32f4xx_hal_dma.o
 .ARM.attributes
                0x00000132       0x33 ./system/src/stm32f4xx/stm32f4xx_hal_gpio.o
 .ARM.attributes
                0x00000165       0x33 ./system/src/stm32f4xx/stm32f4xx_hal_i2c.o
 .ARM.attributes
                0x00000198       0x33 ./system/src/stm32f4xx/stm32f4xx_hal_rcc.o
 .ARM.attributes
                0x000001cb       0x33 ./system/src/stm32f4xx/stm32f4xx_hal_uart.o
 .ARM.attributes
                0x000001fe       0x33 ./system/src/newlib/_exit.o
 .ARM.attributes
                0x00000231       0x33 ./system/src/newlib/_sbrk.o
 .ARM.attributes
                0x00000264       0x33 ./system/src/newlib/_startup.o
 .ARM.attributes
                0x00000297       0x33 ./system/src/newlib/_syscalls.o
 .ARM.attributes
                0x000002ca       0x33 ./system/src/diag/Trace.o
 .ARM.attributes
                0x000002fd       0x33 ./system/src/diag/trace_impl.o
 .ARM.attributes
                0x00000330       0x33 ./system/src/cortexm/_initialize_hardware.o
 .ARM.attributes
                0x00000363       0x33 ./system/src/cortexm/exception_handlers.o
 .ARM.attributes
                0x00000396       0x21 ./system/src/cmsis/startup_stm32f411xe.o
 .ARM.attributes
                0x000003b7       0x33 ./system/src/cmsis/system_stm32f4xx.o
 .ARM.attributes
                0x000003ea       0x33 ./src/adc.o
 .ARM.attributes
                0x0000041d       0x33 ./src/crc.o
 .ARM.attributes
                0x00000450       0x33 ./src/gpio.o
 .ARM.attributes
                0x00000483       0x33 ./src/hmc.o
 .ARM.attributes
                0x000004b6       0x33 ./src/i2c.o
 .ARM.attributes
                0x000004e9       0x33 ./src/lcd.o
 .ARM.attributes
                0x0000051c       0x33 ./src/main.o
 .ARM.attributes
                0x0000054f       0x33 ./src/payload.o
 .ARM.attributes
                0x00000582       0x33 ./src/pressure.o
 .ARM.attributes
                0x000005b5       0x33 ./src/stm32f4xx_hal_msp.o
 .ARM.attributes
                0x000005e8       0x33 ./src/stm32f4xx_it.o
 .ARM.attributes
                0x0000061b       0x33 ./src/uart.o
 .ARM.attributes
                0x0000064e       0x33 ./src/usart.o
 .ARM.attributes
                0x00000681       0x33 ./src/xbee.o
 .ARM.attributes
                0x000006b4       0x2e c:/program files (x86)/gnu tools arm embedded/5.4 2016q3/bin/../lib/gcc/arm-none-eabi/5.4.1/../../../../arm-none-eabi/lib/armv7e-m\libm.a(lib_a-s_round.o)
 .ARM.attributes
                0x000006e2       0x2e c:/program files (x86)/gnu tools arm embedded/5.4 2016q3/bin/../lib/gcc/arm-none-eabi/5.4.1/../../../../arm-none-eabi/lib/armv7e-m\libm.a(lib_a-wf_atan2.o)
 .ARM.attributes
                0x00000710       0x2e c:/program files (x86)/gnu tools arm embedded/5.4 2016q3/bin/../lib/gcc/arm-none-eabi/5.4.1/../../../../arm-none-eabi/lib/armv7e-m\libm.a(lib_a-wf_pow.o)
 .ARM.attributes
                0x0000073e       0x2e c:/program files (x86)/gnu tools arm embedded/5.4 2016q3/bin/../lib/gcc/arm-none-eabi/5.4.1/../../../../arm-none-eabi/lib/armv7e-m\libm.a(lib_a-ef_atan2.o)
 .ARM.attributes
                0x0000076c       0x2e c:/program files (x86)/gnu tools arm embedded/5.4 2016q3/bin/../lib/gcc/arm-none-eabi/5.4.1/../../../../arm-none-eabi/lib/armv7e-m\libm.a(lib_a-ef_pow.o)
 .ARM.attributes
                0x0000079a       0x2e c:/program files (x86)/gnu tools arm embedded/5.4 2016q3/bin/../lib/gcc/arm-none-eabi/5.4.1/../../../../arm-none-eabi/lib/armv7e-m\libm.a(lib_a-ef_sqrt.o)
 .ARM.attributes
                0x000007c8       0x2e c:/program files (x86)/gnu tools arm embedded/5.4 2016q3/bin/../lib/gcc/arm-none-eabi/5.4.1/../../../../arm-none-eabi/lib/armv7e-m\libm.a(lib_a-s_lib_ver.o)
 .ARM.attributes
                0x000007f6       0x2e c:/program files (x86)/gnu tools arm embedded/5.4 2016q3/bin/../lib/gcc/arm-none-eabi/5.4.1/../../../../arm-none-eabi/lib/armv7e-m\libm.a(lib_a-s_matherr.o)
 .ARM.attributes
                0x00000824       0x2e c:/program files (x86)/gnu tools arm embedded/5.4 2016q3/bin/../lib/gcc/arm-none-eabi/5.4.1/../../../../arm-none-eabi/lib/armv7e-m\libm.a(lib_a-s_rint.o)
 .ARM.attributes
                0x00000852       0x2e c:/program files (x86)/gnu tools arm embedded/5.4 2016q3/bin/../lib/gcc/arm-none-eabi/5.4.1/../../../../arm-none-eabi/lib/armv7e-m\libm.a(lib_a-sf_atan.o)
 .ARM.attributes
                0x00000880       0x2e c:/program files (x86)/gnu tools arm embedded/5.4 2016q3/bin/../lib/gcc/arm-none-eabi/5.4.1/../../../../arm-none-eabi/lib/armv7e-m\libm.a(lib_a-sf_fabs.o)
 .ARM.attributes
                0x000008ae       0x2e c:/program files (x86)/gnu tools arm embedded/5.4 2016q3/bin/../lib/gcc/arm-none-eabi/5.4.1/../../../../arm-none-eabi/lib/armv7e-m\libm.a(lib_a-sf_finite.o)
 .ARM.attributes
                0x000008dc       0x2e c:/program files (x86)/gnu tools arm embedded/5.4 2016q3/bin/../lib/gcc/arm-none-eabi/5.4.1/../../../../arm-none-eabi/lib/armv7e-m\libm.a(lib_a-sf_nan.o)
 .ARM.attributes
                0x0000090a       0x2e c:/program files (x86)/gnu tools arm embedded/5.4 2016q3/bin/../lib/gcc/arm-none-eabi/5.4.1/../../../../arm-none-eabi/lib/armv7e-m\libm.a(lib_a-sf_scalbn.o)
 .ARM.attributes
                0x00000938       0x2e c:/program files (x86)/gnu tools arm embedded/5.4 2016q3/bin/../lib/gcc/arm-none-eabi/5.4.1/../../../../arm-none-eabi/lib/armv7e-m\libm.a(lib_a-sf_copysign.o)
 .ARM.attributes
                0x00000966       0x1e c:/program files (x86)/gnu tools arm embedded/5.4 2016q3/bin/../lib/gcc/arm-none-eabi/5.4.1/armv7e-m\libgcc.a(_arm_addsubdf3.o)
 .ARM.attributes
                0x00000984       0x1e c:/program files (x86)/gnu tools arm embedded/5.4 2016q3/bin/../lib/gcc/arm-none-eabi/5.4.1/armv7e-m\libgcc.a(_arm_muldivdf3.o)
 .ARM.attributes
                0x000009a2       0x1e c:/program files (x86)/gnu tools arm embedded/5.4 2016q3/bin/../lib/gcc/arm-none-eabi/5.4.1/armv7e-m\libgcc.a(_arm_cmpdf2.o)
 .ARM.attributes
                0x000009c0       0x1e c:/program files (x86)/gnu tools arm embedded/5.4 2016q3/bin/../lib/gcc/arm-none-eabi/5.4.1/armv7e-m\libgcc.a(_arm_fixdfsi.o)
 .ARM.attributes
                0x000009de       0x1e c:/program files (x86)/gnu tools arm embedded/5.4 2016q3/bin/../lib/gcc/arm-none-eabi/5.4.1/armv7e-m\libgcc.a(_arm_truncdfsf2.o)
 .ARM.attributes
                0x000009fc       0x1e c:/program files (x86)/gnu tools arm embedded/5.4 2016q3/bin/../lib/gcc/arm-none-eabi/5.4.1/armv7e-m\libgcc.a(_arm_addsubsf3.o)
 .ARM.attributes
                0x00000a1a       0x1e c:/program files (x86)/gnu tools arm embedded/5.4 2016q3/bin/../lib/gcc/arm-none-eabi/5.4.1/armv7e-m\libgcc.a(_arm_muldivsf3.o)
 .ARM.attributes
                0x00000a38       0x1e c:/program files (x86)/gnu tools arm embedded/5.4 2016q3/bin/../lib/gcc/arm-none-eabi/5.4.1/armv7e-m\libgcc.a(_arm_cmpsf2.o)
 .ARM.attributes
                0x00000a56       0x1e c:/program files (x86)/gnu tools arm embedded/5.4 2016q3/bin/../lib/gcc/arm-none-eabi/5.4.1/armv7e-m\libgcc.a(_arm_unordsf2.o)
 .ARM.attributes
                0x00000a74       0x1e c:/program files (x86)/gnu tools arm embedded/5.4 2016q3/bin/../lib/gcc/arm-none-eabi/5.4.1/armv7e-m\libgcc.a(_arm_fixsfsi.o)
 .ARM.attributes
                0x00000a92       0x1e c:/program files (x86)/gnu tools arm embedded/5.4 2016q3/bin/../lib/gcc/arm-none-eabi/5.4.1/armv7e-m\libgcc.a(_arm_fixunssfsi.o)
 .ARM.attributes
                0x00000ab0       0x2e c:/program files (x86)/gnu tools arm embedded/5.4 2016q3/bin/../lib/gcc/arm-none-eabi/5.4.1/../../../../arm-none-eabi/lib/armv7e-m\libg_nano.a(lib_a-errno.o)
 .ARM.attributes
                0x00000ade       0x2e c:/program files (x86)/gnu tools arm embedded/5.4 2016q3/bin/../lib/gcc/arm-none-eabi/5.4.1/../../../../arm-none-eabi/lib/armv7e-m\libg_nano.a(lib_a-impure.o)
 .ARM.attributes
                0x00000b0c       0x2e c:/program files (x86)/gnu tools arm embedded/5.4 2016q3/bin/../lib/gcc/arm-none-eabi/5.4.1/../../../../arm-none-eabi/lib/armv7e-m\libg_nano.a(lib_a-malloc.o)
 .ARM.attributes
                0x00000b3a       0x2e c:/program files (x86)/gnu tools arm embedded/5.4 2016q3/bin/../lib/gcc/arm-none-eabi/5.4.1/../../../../arm-none-eabi/lib/armv7e-m\libg_nano.a(lib_a-memcpy-stub.o)
 .ARM.attributes
                0x00000b68       0x2e c:/program files (x86)/gnu tools arm embedded/5.4 2016q3/bin/../lib/gcc/arm-none-eabi/5.4.1/../../../../arm-none-eabi/lib/armv7e-m\libg_nano.a(lib_a-nano-freer.o)
 .ARM.attributes
                0x00000b96       0x2e c:/program files (x86)/gnu tools arm embedded/5.4 2016q3/bin/../lib/gcc/arm-none-eabi/5.4.1/../../../../arm-none-eabi/lib/armv7e-m\libg_nano.a(lib_a-nano-mallocr.o)
 .ARM.attributes
                0x00000bc4       0x2e c:/program files (x86)/gnu tools arm embedded/5.4 2016q3/bin/../lib/gcc/arm-none-eabi/5.4.1/../../../../arm-none-eabi/lib/armv7e-m\libg_nano.a(lib_a-sbrkr.o)
 .ARM.attributes
                0x00000bf2       0x2e c:/program files (x86)/gnu tools arm embedded/5.4 2016q3/bin/../lib/gcc/arm-none-eabi/5.4.1/../../../../arm-none-eabi/lib/armv7e-m\libg_nano.a(lib_a-vsnprintf.o)
 .ARM.attributes
                0x00000c20       0x2e c:/program files (x86)/gnu tools arm embedded/5.4 2016q3/bin/../lib/gcc/arm-none-eabi/5.4.1/../../../../arm-none-eabi/lib/armv7e-m\libg_nano.a(lib_a-mlock.o)
 .ARM.attributes
                0x00000c4e       0x2e c:/program files (x86)/gnu tools arm embedded/5.4 2016q3/bin/../lib/gcc/arm-none-eabi/5.4.1/../../../../arm-none-eabi/lib/armv7e-m\libg_nano.a(lib_a-nano-svfprintf.o)
 .ARM.attributes
                0x00000c7c       0x2e c:/program files (x86)/gnu tools arm embedded/5.4 2016q3/bin/../lib/gcc/arm-none-eabi/5.4.1/../../../../arm-none-eabi/lib/armv7e-m\libg_nano.a(lib_a-nano-vfprintf_i.o)
 .ARM.attributes
                0x00000caa       0x1c c:/program files (x86)/gnu tools arm embedded/5.4 2016q3/bin/../lib/gcc/arm-none-eabi/5.4.1/../../../../arm-none-eabi/lib/armv7e-m\libg_nano.a(lib_a-memchr.o)
 .ARM.attributes
                0x00000cc6       0x2e c:/program files (x86)/gnu tools arm embedded/5.4 2016q3/bin/../lib/gcc/arm-none-eabi/5.4.1/../../../../arm-none-eabi/lib/armv7e-m\libg_nano.a(lib_a-memmove.o)
 .ARM.attributes
                0x00000cf4       0x2e c:/program files (x86)/gnu tools arm embedded/5.4 2016q3/bin/../lib/gcc/arm-none-eabi/5.4.1/../../../../arm-none-eabi/lib/armv7e-m\libg_nano.a(lib_a-nano-reallocr.o)
 .ARM.attributes
                0x00000d22       0x2e c:/program files (x86)/gnu tools arm embedded/5.4 2016q3/bin/../lib/gcc/arm-none-eabi/5.4.1/../../../../arm-none-eabi/lib/armv7e-m\libg_nano.a(lib_a-nano-msizer.o)

.debug
 *(.debug)

.line
 *(.line)

.debug_srcinfo
 *(.debug_srcinfo)

.debug_sfnames
 *(.debug_sfnames)

.debug_aranges  0x00000000      0xea0
 *(.debug_aranges)
 .debug_aranges
                0x00000000       0xc0 ./system/src/stm32f4xx/stm32f4xx_hal.o
 .debug_aranges
                0x000000c0       0xe8 ./system/src/stm32f4xx/stm32f4xx_hal_adc.o
 .debug_aranges
                0x000001a8       0x90 ./system/src/stm32f4xx/stm32f4xx_hal_adc_ex.o
 .debug_aranges
                0x00000238       0x98 ./system/src/stm32f4xx/stm32f4xx_hal_cortex.o
 .debug_aranges
                0x000002d0       0x50 ./system/src/stm32f4xx/stm32f4xx_hal_crc.o
 .debug_aranges
                0x00000320       0x90 ./system/src/stm32f4xx/stm32f4xx_hal_dma.o
 .debug_aranges
                0x000003b0       0x58 ./system/src/stm32f4xx/stm32f4xx_hal_gpio.o
 .debug_aranges
                0x00000408      0x268 ./system/src/stm32f4xx/stm32f4xx_hal_i2c.o
 .debug_aranges
                0x00000670       0x88 ./system/src/stm32f4xx/stm32f4xx_hal_rcc.o
 .debug_aranges
                0x000006f8      0x1d0 ./system/src/stm32f4xx/stm32f4xx_hal_uart.o
 .debug_aranges
                0x000008c8       0x28 ./system/src/newlib/_exit.o
 .debug_aranges
                0x000008f0       0x20 ./system/src/newlib/_sbrk.o
 .debug_aranges
                0x00000910       0x40 ./system/src/newlib/_startup.o
 .debug_aranges
                0x00000950       0x30 ./system/src/newlib/_syscalls.o
 .debug_aranges
                0x00000980       0x38 ./system/src/diag/Trace.o
 .debug_aranges
                0x000009b8       0x30 ./system/src/diag/trace_impl.o
 .debug_aranges
                0x000009e8       0x28 ./system/src/cortexm/_initialize_hardware.o
 .debug_aranges
                0x00000a10       0x90 ./system/src/cortexm/exception_handlers.o
 .debug_aranges
                0x00000aa0       0x28 ./system/src/cmsis/startup_stm32f411xe.o
 .debug_aranges
                0x00000ac8       0x28 ./system/src/cmsis/system_stm32f4xx.o
 .debug_aranges
                0x00000af0       0x38 ./src/adc.o
 .debug_aranges
                0x00000b28       0x30 ./src/crc.o
 .debug_aranges
                0x00000b58       0x20 ./src/gpio.o
 .debug_aranges
                0x00000b78       0x90 ./src/hmc.o
 .debug_aranges
                0x00000c08       0x30 ./src/i2c.o
 .debug_aranges
                0x00000c38       0x50 ./src/lcd.o
 .debug_aranges
                0x00000c88       0x40 ./src/main.o
 .debug_aranges
                0x00000cc8       0x28 ./src/payload.o
 .debug_aranges
                0x00000cf0       0x60 ./src/pressure.o
 .debug_aranges
                0x00000d50       0x20 ./src/stm32f4xx_hal_msp.o
 .debug_aranges
                0x00000d70       0x48 ./src/stm32f4xx_it.o
 .debug_aranges
                0x00000db8       0x58 ./src/uart.o
 .debug_aranges
                0x00000e10       0x38 ./src/usart.o
 .debug_aranges
                0x00000e48       0x58 ./src/xbee.o

.debug_pubnames
 *(.debug_pubnames)

.debug_info     0x00000000    0x14bd6
 *(.debug_info .gnu.linkonce.wi.*)
 .debug_info    0x00000000      0x86d ./system/src/stm32f4xx/stm32f4xx_hal.o
 .debug_info    0x0000086d      0xd4e ./system/src/stm32f4xx/stm32f4xx_hal_adc.o
 .debug_info    0x000015bb      0xaed ./system/src/stm32f4xx/stm32f4xx_hal_adc_ex.o
 .debug_info    0x000020a8      0xddc ./system/src/stm32f4xx/stm32f4xx_hal_cortex.o
 .debug_info    0x00002e84      0x37f ./system/src/stm32f4xx/stm32f4xx_hal_crc.o
 .debug_info    0x00003203      0xa39 ./system/src/stm32f4xx/stm32f4xx_hal_dma.o
 .debug_info    0x00003c3c      0x727 ./system/src/stm32f4xx/stm32f4xx_hal_gpio.o
 .debug_info    0x00004363     0x2e61 ./system/src/stm32f4xx/stm32f4xx_hal_i2c.o
 .debug_info    0x000071c4      0xcc9 ./system/src/stm32f4xx/stm32f4xx_hal_rcc.o
 .debug_info    0x00007e8d     0x1663 ./system/src/stm32f4xx/stm32f4xx_hal_uart.o
 .debug_info    0x000094f0       0xef ./system/src/newlib/_exit.o
 .debug_info    0x000095df      0x11f ./system/src/newlib/_sbrk.o
 .debug_info    0x000096fe      0x454 ./system/src/newlib/_startup.o
 .debug_info    0x00009b52      0x1c7 ./system/src/newlib/_syscalls.o
 .debug_info    0x00009d19      0x2e7 ./system/src/diag/Trace.o
 .debug_info    0x0000a000      0x30a ./system/src/diag/trace_impl.o
 .debug_info    0x0000a30a      0x2b1 ./system/src/cortexm/_initialize_hardware.o
 .debug_info    0x0000a5bb      0x8f4 ./system/src/cortexm/exception_handlers.o
 .debug_info    0x0000aeaf       0x79 ./system/src/cmsis/startup_stm32f411xe.o
 .debug_info    0x0000af28      0x4fb ./system/src/cmsis/system_stm32f4xx.o
 .debug_info    0x0000b423      0xc00 ./src/adc.o
 .debug_info    0x0000c023      0x472 ./src/crc.o
 .debug_info    0x0000c495      0x4bc ./src/gpio.o
 .debug_info    0x0000c951     0x13a1 ./src/hmc.o
 .debug_info    0x0000dcf2      0xbee ./src/i2c.o
 .debug_info    0x0000e8e0      0xb54 ./src/lcd.o
 .debug_info    0x0000f434     0x1b5b ./src/main.o
 .debug_info    0x00010f8f      0x2df ./src/payload.o
 .debug_info    0x0001126e      0xb64 ./src/pressure.o
 .debug_info    0x00011dd2      0x34e ./src/stm32f4xx_hal_msp.o
 .debug_info    0x00012120      0xaf1 ./src/stm32f4xx_it.o
 .debug_info    0x00012c11      0x764 ./src/uart.o
 .debug_info    0x00013375      0xbee ./src/usart.o
 .debug_info    0x00013f63      0xc73 ./src/xbee.o

.debug_abbrev   0x00000000     0x3b6a
 *(.debug_abbrev)
 .debug_abbrev  0x00000000      0x260 ./system/src/stm32f4xx/stm32f4xx_hal.o
 .debug_abbrev  0x00000260      0x235 ./system/src/stm32f4xx/stm32f4xx_hal_adc.o
 .debug_abbrev  0x00000495      0x21c ./system/src/stm32f4xx/stm32f4xx_hal_adc_ex.o
 .debug_abbrev  0x000006b1      0x2fe ./system/src/stm32f4xx/stm32f4xx_hal_cortex.o
 .debug_abbrev  0x000009af      0x161 ./system/src/stm32f4xx/stm32f4xx_hal_crc.o
 .debug_abbrev  0x00000b10      0x256 ./system/src/stm32f4xx/stm32f4xx_hal_dma.o
 .debug_abbrev  0x00000d66      0x1cd ./system/src/stm32f4xx/stm32f4xx_hal_gpio.o
 .debug_abbrev  0x00000f33      0x246 ./system/src/stm32f4xx/stm32f4xx_hal_i2c.o
 .debug_abbrev  0x00001179      0x2c1 ./system/src/stm32f4xx/stm32f4xx_hal_rcc.o
 .debug_abbrev  0x0000143a      0x273 ./system/src/stm32f4xx/stm32f4xx_hal_uart.o
 .debug_abbrev  0x000016ad       0x8e ./system/src/newlib/_exit.o
 .debug_abbrev  0x0000173b       0xb9 ./system/src/newlib/_sbrk.o
 .debug_abbrev  0x000017f4      0x1ac ./system/src/newlib/_startup.o
 .debug_abbrev  0x000019a0       0xec ./system/src/newlib/_syscalls.o
 .debug_abbrev  0x00001a8c      0x156 ./system/src/diag/Trace.o
 .debug_abbrev  0x00001be2      0x1c8 ./system/src/diag/trace_impl.o
 .debug_abbrev  0x00001daa       0xea ./system/src/cortexm/_initialize_hardware.o
 .debug_abbrev  0x00001e94      0x247 ./system/src/cortexm/exception_handlers.o
 .debug_abbrev  0x000020db       0x12 ./system/src/cmsis/startup_stm32f411xe.o
 .debug_abbrev  0x000020ed      0x104 ./system/src/cmsis/system_stm32f4xx.o
 .debug_abbrev  0x000021f1      0x1cb ./src/adc.o
 .debug_abbrev  0x000023bc      0x16f ./src/crc.o
 .debug_abbrev  0x0000252b      0x148 ./src/gpio.o
 .debug_abbrev  0x00002673      0x33b ./src/hmc.o
 .debug_abbrev  0x000029ae      0x1bc ./src/i2c.o
 .debug_abbrev  0x00002b6a      0x1e5 ./src/lcd.o
 .debug_abbrev  0x00002d4f      0x2bb ./src/main.o
 .debug_abbrev  0x0000300a      0x11d ./src/payload.o
 .debug_abbrev  0x00003127      0x1d8 ./src/pressure.o
 .debug_abbrev  0x000032ff       0xc2 ./src/stm32f4xx_hal_msp.o
 .debug_abbrev  0x000033c1      0x16c ./src/stm32f4xx_it.o
 .debug_abbrev  0x0000352d      0x1f3 ./src/uart.o
 .debug_abbrev  0x00003720      0x1bc ./src/usart.o
 .debug_abbrev  0x000038dc      0x28e ./src/xbee.o

.debug_line     0x00000000     0xea49
 *(.debug_line)
 .debug_line    0x00000000      0x7c9 ./system/src/stm32f4xx/stm32f4xx_hal.o
 .debug_line    0x000007c9      0xa76 ./system/src/stm32f4xx/stm32f4xx_hal_adc.o
 .debug_line    0x0000123f      0x953 ./system/src/stm32f4xx/stm32f4xx_hal_adc_ex.o
 .debug_line    0x00001b92      0x804 ./system/src/stm32f4xx/stm32f4xx_hal_cortex.o
 .debug_line    0x00002396      0x729 ./system/src/stm32f4xx/stm32f4xx_hal_crc.o
 .debug_line    0x00002abf      0x948 ./system/src/stm32f4xx/stm32f4xx_hal_dma.o
 .debug_line    0x00003407      0x796 ./system/src/stm32f4xx/stm32f4xx_hal_gpio.o
 .debug_line    0x00003b9d     0x167c ./system/src/stm32f4xx/stm32f4xx_hal_i2c.o
 .debug_line    0x00005219      0x95c ./system/src/stm32f4xx/stm32f4xx_hal_rcc.o
 .debug_line    0x00005b75      0xed0 ./system/src/stm32f4xx/stm32f4xx_hal_uart.o
 .debug_line    0x00006a45      0x33c ./system/src/newlib/_exit.o
 .debug_line    0x00006d81      0x2ee ./system/src/newlib/_sbrk.o
 .debug_line    0x0000706f      0x3a4 ./system/src/newlib/_startup.o
 .debug_line    0x00007413      0x409 ./system/src/newlib/_syscalls.o
 .debug_line    0x0000781c      0x3a8 ./system/src/diag/Trace.o
 .debug_line    0x00007bc4      0x467 ./system/src/diag/trace_impl.o
 .debug_line    0x0000802b      0x1b8 ./system/src/cortexm/_initialize_hardware.o
 .debug_line    0x000081e3      0x511 ./system/src/cortexm/exception_handlers.o
 .debug_line    0x000086f4       0x88 ./system/src/cmsis/startup_stm32f411xe.o
 .debug_line    0x0000877c      0x1b8 ./system/src/cmsis/system_stm32f4xx.o
 .debug_line    0x00008934      0x693 ./src/adc.o
 .debug_line    0x00008fc7      0x65c ./src/crc.o
 .debug_line    0x00009623      0x64b ./src/gpio.o
 .debug_line    0x00009c6e      0x867 ./src/hmc.o
 .debug_line    0x0000a4d5      0x67e ./src/i2c.o
 .debug_line    0x0000ab53      0x713 ./src/lcd.o
 .debug_line    0x0000b266      0x816 ./src/main.o
 .debug_line    0x0000ba7c      0x673 ./src/payload.o
 .debug_line    0x0000c0ef      0x711 ./src/pressure.o
 .debug_line    0x0000c800      0x641 ./src/stm32f4xx_hal_msp.o
 .debug_line    0x0000ce41      0x69d ./src/stm32f4xx_it.o
 .debug_line    0x0000d4de      0x71a ./src/uart.o
 .debug_line    0x0000dbf8      0x6a3 ./src/usart.o
 .debug_line    0x0000e29b      0x7ae ./src/xbee.o

.debug_frame    0x00000000     0x2a2c
 *(.debug_frame)
 .debug_frame   0x00000000      0x188 ./system/src/stm32f4xx/stm32f4xx_hal.o
 .debug_frame   0x00000188      0x25c ./system/src/stm32f4xx/stm32f4xx_hal_adc.o
 .debug_frame   0x000003e4      0x188 ./system/src/stm32f4xx/stm32f4xx_hal_adc_ex.o
 .debug_frame   0x0000056c      0x134 ./system/src/stm32f4xx/stm32f4xx_hal_cortex.o
 .debug_frame   0x000006a0       0xc8 ./system/src/stm32f4xx/stm32f4xx_hal_crc.o
 .debug_frame   0x00000768      0x184 ./system/src/stm32f4xx/stm32f4xx_hal_dma.o
 .debug_frame   0x000008ec       0xc4 ./system/src/stm32f4xx/stm32f4xx_hal_gpio.o
 .debug_frame   0x000009b0      0x80c ./system/src/stm32f4xx/stm32f4xx_hal_i2c.o
 .debug_frame   0x000011bc      0x150 ./system/src/stm32f4xx/stm32f4xx_hal_rcc.o
 .debug_frame   0x0000130c      0x4e4 ./system/src/stm32f4xx/stm32f4xx_hal_uart.o
 .debug_frame   0x000017f0       0x38 ./system/src/newlib/_exit.o
 .debug_frame   0x00001828       0x28 ./system/src/newlib/_sbrk.o
 .debug_frame   0x00001850       0x7c ./system/src/newlib/_startup.o
 .debug_frame   0x000018cc       0x50 ./system/src/newlib/_syscalls.o
 .debug_frame   0x0000191c       0x94 ./system/src/diag/Trace.o
 .debug_frame   0x000019b0       0x60 ./system/src/diag/trace_impl.o
 .debug_frame   0x00001a10       0x40 ./system/src/cortexm/_initialize_hardware.o
 .debug_frame   0x00001a50      0x158 ./system/src/cortexm/exception_handlers.o
 .debug_frame   0x00001ba8       0x30 ./system/src/cmsis/system_stm32f4xx.o
 .debug_frame   0x00001bd8       0x78 ./src/adc.o
 .debug_frame   0x00001c50       0x50 ./src/crc.o
 .debug_frame   0x00001ca0       0x30 ./src/gpio.o
 .debug_frame   0x00001cd0      0x218 ./src/hmc.o
 .debug_frame   0x00001ee8       0x64 ./src/i2c.o
 .debug_frame   0x00001f4c       0xd4 ./src/lcd.o
 .debug_frame   0x00002020       0x80 ./src/main.o
 .debug_frame   0x000020a0       0x40 ./src/payload.o
 .debug_frame   0x000020e0      0x110 ./src/pressure.o
 .debug_frame   0x000021f0       0x28 ./src/stm32f4xx_hal_msp.o
 .debug_frame   0x00002218       0xa0 ./src/stm32f4xx_it.o
 .debug_frame   0x000022b8       0x90 ./src/uart.o
 .debug_frame   0x00002348       0x78 ./src/usart.o
 .debug_frame   0x000023c0       0xd8 ./src/xbee.o
 .debug_frame   0x00002498       0x30 c:/program files (x86)/gnu tools arm embedded/5.4 2016q3/bin/../lib/gcc/arm-none-eabi/5.4.1/../../../../arm-none-eabi/lib/armv7e-m\libm.a(lib_a-s_round.o)
 .debug_frame   0x000024c8       0x20 c:/program files (x86)/gnu tools arm embedded/5.4 2016q3/bin/../lib/gcc/arm-none-eabi/5.4.1/../../../../arm-none-eabi/lib/armv7e-m\libm.a(lib_a-wf_atan2.o)
 .debug_frame   0x000024e8       0x4c c:/program files (x86)/gnu tools arm embedded/5.4 2016q3/bin/../lib/gcc/arm-none-eabi/5.4.1/../../../../arm-none-eabi/lib/armv7e-m\libm.a(lib_a-wf_pow.o)
 .debug_frame   0x00002534       0x3c c:/program files (x86)/gnu tools arm embedded/5.4 2016q3/bin/../lib/gcc/arm-none-eabi/5.4.1/../../../../arm-none-eabi/lib/armv7e-m\libm.a(lib_a-ef_atan2.o)
 .debug_frame   0x00002570       0x64 c:/program files (x86)/gnu tools arm embedded/5.4 2016q3/bin/../lib/gcc/arm-none-eabi/5.4.1/../../../../arm-none-eabi/lib/armv7e-m\libm.a(lib_a-ef_pow.o)
 .debug_frame   0x000025d4       0x2c c:/program files (x86)/gnu tools arm embedded/5.4 2016q3/bin/../lib/gcc/arm-none-eabi/5.4.1/../../../../arm-none-eabi/lib/armv7e-m\libm.a(lib_a-ef_sqrt.o)
 .debug_frame   0x00002600       0x20 c:/program files (x86)/gnu tools arm embedded/5.4 2016q3/bin/../lib/gcc/arm-none-eabi/5.4.1/../../../../arm-none-eabi/lib/armv7e-m\libm.a(lib_a-s_matherr.o)
 .debug_frame   0x00002620       0x3c c:/program files (x86)/gnu tools arm embedded/5.4 2016q3/bin/../lib/gcc/arm-none-eabi/5.4.1/../../../../arm-none-eabi/lib/armv7e-m\libm.a(lib_a-s_rint.o)
 .debug_frame   0x0000265c       0x30 c:/program files (x86)/gnu tools arm embedded/5.4 2016q3/bin/../lib/gcc/arm-none-eabi/5.4.1/../../../../arm-none-eabi/lib/armv7e-m\libm.a(lib_a-sf_atan.o)
 .debug_frame   0x0000268c       0x20 c:/program files (x86)/gnu tools arm embedded/5.4 2016q3/bin/../lib/gcc/arm-none-eabi/5.4.1/../../../../arm-none-eabi/lib/armv7e-m\libm.a(lib_a-sf_fabs.o)
 .debug_frame   0x000026ac       0x20 c:/program files (x86)/gnu tools arm embedded/5.4 2016q3/bin/../lib/gcc/arm-none-eabi/5.4.1/../../../../arm-none-eabi/lib/armv7e-m\libm.a(lib_a-sf_finite.o)
 .debug_frame   0x000026cc       0x20 c:/program files (x86)/gnu tools arm embedded/5.4 2016q3/bin/../lib/gcc/arm-none-eabi/5.4.1/../../../../arm-none-eabi/lib/armv7e-m\libm.a(lib_a-sf_nan.o)
 .debug_frame   0x000026ec       0x2c c:/program files (x86)/gnu tools arm embedded/5.4 2016q3/bin/../lib/gcc/arm-none-eabi/5.4.1/../../../../arm-none-eabi/lib/armv7e-m\libm.a(lib_a-sf_scalbn.o)
 .debug_frame   0x00002718       0x20 c:/program files (x86)/gnu tools arm embedded/5.4 2016q3/bin/../lib/gcc/arm-none-eabi/5.4.1/../../../../arm-none-eabi/lib/armv7e-m\libm.a(lib_a-sf_copysign.o)
 .debug_frame   0x00002738       0x20 c:/program files (x86)/gnu tools arm embedded/5.4 2016q3/bin/../lib/gcc/arm-none-eabi/5.4.1/../../../../arm-none-eabi/lib/armv7e-m\libg_nano.a(lib_a-errno.o)
 .debug_frame   0x00002758       0x30 c:/program files (x86)/gnu tools arm embedded/5.4 2016q3/bin/../lib/gcc/arm-none-eabi/5.4.1/../../../../arm-none-eabi/lib/armv7e-m\libg_nano.a(lib_a-malloc.o)
 .debug_frame   0x00002788       0x28 c:/program files (x86)/gnu tools arm embedded/5.4 2016q3/bin/../lib/gcc/arm-none-eabi/5.4.1/../../../../arm-none-eabi/lib/armv7e-m\libg_nano.a(lib_a-memcpy-stub.o)
 .debug_frame   0x000027b0       0x38 c:/program files (x86)/gnu tools arm embedded/5.4 2016q3/bin/../lib/gcc/arm-none-eabi/5.4.1/../../../../arm-none-eabi/lib/armv7e-m\libg_nano.a(lib_a-nano-freer.o)
 .debug_frame   0x000027e8       0x2c c:/program files (x86)/gnu tools arm embedded/5.4 2016q3/bin/../lib/gcc/arm-none-eabi/5.4.1/../../../../arm-none-eabi/lib/armv7e-m\libg_nano.a(lib_a-nano-mallocr.o)
 .debug_frame   0x00002814       0x2c c:/program files (x86)/gnu tools arm embedded/5.4 2016q3/bin/../lib/gcc/arm-none-eabi/5.4.1/../../../../arm-none-eabi/lib/armv7e-m\libg_nano.a(lib_a-sbrkr.o)
 .debug_frame   0x00002840       0x48 c:/program files (x86)/gnu tools arm embedded/5.4 2016q3/bin/../lib/gcc/arm-none-eabi/5.4.1/../../../../arm-none-eabi/lib/armv7e-m\libg_nano.a(lib_a-vsnprintf.o)
 .debug_frame   0x00002888       0x30 c:/program files (x86)/gnu tools arm embedded/5.4 2016q3/bin/../lib/gcc/arm-none-eabi/5.4.1/../../../../arm-none-eabi/lib/armv7e-m\libg_nano.a(lib_a-mlock.o)
 .debug_frame   0x000028b8       0x90 c:/program files (x86)/gnu tools arm embedded/5.4 2016q3/bin/../lib/gcc/arm-none-eabi/5.4.1/../../../../arm-none-eabi/lib/armv7e-m\libg_nano.a(lib_a-nano-svfprintf.o)
 .debug_frame   0x00002948       0x60 c:/program files (x86)/gnu tools arm embedded/5.4 2016q3/bin/../lib/gcc/arm-none-eabi/5.4.1/../../../../arm-none-eabi/lib/armv7e-m\libg_nano.a(lib_a-nano-vfprintf_i.o)
 .debug_frame   0x000029a8       0x28 c:/program files (x86)/gnu tools arm embedded/5.4 2016q3/bin/../lib/gcc/arm-none-eabi/5.4.1/../../../../arm-none-eabi/lib/armv7e-m\libg_nano.a(lib_a-memmove.o)
 .debug_frame   0x000029d0       0x3c c:/program files (x86)/gnu tools arm embedded/5.4 2016q3/bin/../lib/gcc/arm-none-eabi/5.4.1/../../../../arm-none-eabi/lib/armv7e-m\libg_nano.a(lib_a-nano-reallocr.o)
 .debug_frame   0x00002a0c       0x20 c:/program files (x86)/gnu tools arm embedded/5.4 2016q3/bin/../lib/gcc/arm-none-eabi/5.4.1/../../../../arm-none-eabi/lib/armv7e-m\libg_nano.a(lib_a-nano-msizer.o)

.debug_str      0x00000000    0x8b93b
 *(.debug_str)
 .debug_str     0x00000000    0x844cf ./system/src/stm32f4xx/stm32f4xx_hal.o
                              0x848a2 (size before relaxing)
 .debug_str     0x000844cf      0x649 ./system/src/stm32f4xx/stm32f4xx_hal_adc.o
                              0x844e2 (size before relaxing)
 .debug_str     0x00084b18      0x2d3 ./system/src/stm32f4xx/stm32f4xx_hal_adc_ex.o
                              0x84531 (size before relaxing)
 .debug_str     0x00084deb      0x366 ./system/src/stm32f4xx/stm32f4xx_hal_cortex.o
                              0x8461f (size before relaxing)
 .debug_str     0x00085151      0x158 ./system/src/stm32f4xx/stm32f4xx_hal_crc.o
                              0x83f37 (size before relaxing)
 .debug_str     0x000852a9      0x303 ./system/src/stm32f4xx/stm32f4xx_hal_dma.o
                              0x8433e (size before relaxing)
 .debug_str     0x000855ac      0x2d0 ./system/src/stm32f4xx/stm32f4xx_hal_gpio.o
                              0x841a8 (size before relaxing)
 .debug_str     0x0008587c      0xcdf ./system/src/stm32f4xx/stm32f4xx_hal_i2c.o
                              0x84d75 (size before relaxing)
 .debug_str     0x0008655b      0x37c ./system/src/stm32f4xx/stm32f4xx_hal_rcc.o
                              0x84346 (size before relaxing)
 .debug_str     0x000868d7      0x6b3 ./system/src/stm32f4xx/stm32f4xx_hal_uart.o
                              0x8477b (size before relaxing)
 .debug_str     0x00086f8a     0x10b6 ./system/src/newlib/_exit.o
                               0x6e8a (size before relaxing)
 .debug_str     0x00088040      0x4de ./system/src/newlib/_sbrk.o
                               0x6275 (size before relaxing)
 .debug_str     0x0008851e      0x260 ./system/src/newlib/_startup.o
                               0x5e2a (size before relaxing)
 .debug_str     0x0008877e      0xe18 ./system/src/newlib/_syscalls.o
                               0x70d5 (size before relaxing)
 .debug_str     0x00089596      0x176 ./system/src/diag/Trace.o
                               0x767a (size before relaxing)
 .debug_str     0x0008970c      0x36d ./system/src/diag/trace_impl.o
                              0x4f3cc (size before relaxing)
 .debug_str     0x00089a79       0x5e ./system/src/cortexm/_initialize_hardware.o